<html>
<body>
<pre>
<h1>µVision Build Log</h1>
<h2>Project:</h2>
D:\keilMDK\ARM\Device\Nordic\nrf51822\Board\pca10001\ble\2-12 ble child watch\arm\ble_app_proximity.uvproj
Project File Date:  02/12/2015

<h2>Output:</h2>
Rebuild target 'nrf51822_xxaa_s110 (256K)'
compiling system_nrf51.c...
assembling arm_startup_nrf51.s...
compiling main.c...
compiling ble_app_main.c...
compiling communication_procotol.c...
compiling ble_nus.c...
compiling ble_bas.c...
compiling ble_ias.c...
compiling ble_ias_c.c...
compiling ble_lls.c...
compiling ble_tps.c...
compiling htu21d.c...
compiling oled.c...
compiling rtc0.c...
compiling wdt.c...
compiling nrf_delay.c...
compiling twi_sw_master.c...
compiling ble_advdata.c...
compiling ble_bondmngr.c...
compiling ble_conn_params.c...
compiling ble_debug_assert_handler.c...
compiling ble_error_log.c...
compiling ble_flash.c...
compiling ble_radio_notification.c...
compiling ble_stack_handler.c...
compiling app_button.c...
compiling app_gpiote.c...
compiling app_timer.c...
compiling ble_srv_common.c...
compiling simple_uart.c...
linking...
Program Size: Code=29492 RO-data=3376 RW-data=284 ZI-data=7844  
FromELF: creating hex file...
".\_build\ble_app_proximity.axf" - 0 Error(s), 0 Warning(s).
</pre>
</body>
</html>
