<!doctype html public "-//w3c//dtd html 4.0 transitional//en">
<html><head>
<title>Static Call Graph - [.\_build\ble_app_proximity.axf]</title></head>
<body><HR>
<H1>Static Call Graph for image .\_build\ble_app_proximity.axf</H1><HR>
<BR><P>#&#060CALLGRAPH&#062# ARM Linker, 5040049: Last Updated: Thu Feb 12 15:15:41 2015
<BR><P>
<H3>Maximum Stack Usage =        368 bytes + Unknown(Functions without stacksize, Cycles, Untraceable Function Pointers)</H3><H3>
Call chain for Maximum Stack Depth:</H3>
_printf_fp_dec_real &rArr; _fp_digits &rArr; _btod_etento &rArr; _btod_emul &rArr; btod_internal_mul &rArr; __ARM_common_ll_muluu
<P>
<H3>
Functions with no stack information
</H3><UL>
 <LI><a href="#[123]">__user_initial_stackheap</a>
</UL>
</UL>
<P>
<H3>
Mutually Recursive functions
</H3> <LI><a href="#[7]">NMI_Handler</a>&nbsp;&nbsp;&nbsp;&rArr;&nbsp;&nbsp;&nbsp;<a href="#[7]">NMI_Handler</a><BR>
 <LI><a href="#[8]">HardFault_Handler</a>&nbsp;&nbsp;&nbsp;&rArr;&nbsp;&nbsp;&nbsp;<a href="#[8]">HardFault_Handler</a><BR>
 <LI><a href="#[9]">SVC_Handler</a>&nbsp;&nbsp;&nbsp;&rArr;&nbsp;&nbsp;&nbsp;<a href="#[9]">SVC_Handler</a><BR>
 <LI><a href="#[a]">PendSV_Handler</a>&nbsp;&nbsp;&nbsp;&rArr;&nbsp;&nbsp;&nbsp;<a href="#[a]">PendSV_Handler</a><BR>
 <LI><a href="#[b]">SysTick_Handler</a>&nbsp;&nbsp;&nbsp;&rArr;&nbsp;&nbsp;&nbsp;<a href="#[b]">SysTick_Handler</a><BR>
 <LI><a href="#[1a]">CCM_AAR_IRQHandler</a>&nbsp;&nbsp;&nbsp;&rArr;&nbsp;&nbsp;&nbsp;<a href="#[1a]">CCM_AAR_IRQHandler</a><BR>
 <LI><a href="#[5c]">__asm___15_twi_sw_master_c_959ec897__nrf_delay_us</a>&nbsp;&nbsp;&nbsp;&rArr;&nbsp;&nbsp;&nbsp;<a href="#[5c]">__asm___15_twi_sw_master_c_959ec897__nrf_delay_us</a><BR>
 <LI><a href="#[5b]">__asm___11_nrf_delay_c_532987f3__nrf_delay_us</a>&nbsp;&nbsp;&nbsp;&rArr;&nbsp;&nbsp;&nbsp;<a href="#[5b]">__asm___11_nrf_delay_c_532987f3__nrf_delay_us</a><BR>
 <LI><a href="#[5d]">__asm___11_app_timer_c_cd27f9c3__nrf_delay_us</a>&nbsp;&nbsp;&nbsp;&rArr;&nbsp;&nbsp;&nbsp;<a href="#[5d]">__asm___11_app_timer_c_cd27f9c3__nrf_delay_us</a><BR>
</UL>
<P>
<H3>
Function Pointers
</H3><UL>
 <LI><a href="#[12]">ADC_IRQHandler</a> from ble_app_main.o(.text) referenced from arm_startup_nrf51.o(RESET)
 <LI><a href="#[1a]">CCM_AAR_IRQHandler</a> from arm_startup_nrf51.o(.text) referenced from arm_startup_nrf51.o(RESET)
 <LI><a href="#[19]">ECB_IRQHandler</a> from arm_startup_nrf51.o(.text) referenced from arm_startup_nrf51.o(RESET)
 <LI><a href="#[11]">GPIOTE_IRQHandler</a> from app_gpiote.o(.text) referenced from arm_startup_nrf51.o(RESET)
 <LI><a href="#[8]">HardFault_Handler</a> from arm_startup_nrf51.o(.text) referenced from arm_startup_nrf51.o(RESET)
 <LI><a href="#[1e]">LPCOMP_COMP_IRQHandler</a> from arm_startup_nrf51.o(.text) referenced from arm_startup_nrf51.o(RESET)
 <LI><a href="#[7]">NMI_Handler</a> from arm_startup_nrf51.o(.text) referenced from arm_startup_nrf51.o(RESET)
 <LI><a href="#[c]">POWER_CLOCK_IRQHandler</a> from arm_startup_nrf51.o(.text) referenced from arm_startup_nrf51.o(RESET)
 <LI><a href="#[a]">PendSV_Handler</a> from arm_startup_nrf51.o(.text) referenced from arm_startup_nrf51.o(RESET)
 <LI><a href="#[1d]">QDEC_IRQHandler</a> from arm_startup_nrf51.o(.text) referenced from arm_startup_nrf51.o(RESET)
 <LI><a href="#[d]">RADIO_IRQHandler</a> from arm_startup_nrf51.o(.text) referenced from arm_startup_nrf51.o(RESET)
 <LI><a href="#[18]">RNG_IRQHandler</a> from arm_startup_nrf51.o(.text) referenced from arm_startup_nrf51.o(RESET)
 <LI><a href="#[16]">RTC0_IRQHandler</a> from arm_startup_nrf51.o(.text) referenced from arm_startup_nrf51.o(RESET)
 <LI><a href="#[1c]">RTC1_IRQHandler</a> from app_timer.o(.text) referenced from arm_startup_nrf51.o(RESET)
 <LI><a href="#[6]">Reset_Handler</a> from arm_startup_nrf51.o(.text) referenced from arm_startup_nrf51.o(RESET)
 <LI><a href="#[f]">SPI0_TWI0_IRQHandler</a> from arm_startup_nrf51.o(.text) referenced from arm_startup_nrf51.o(RESET)
 <LI><a href="#[10]">SPI1_TWI1_IRQHandler</a> from arm_startup_nrf51.o(.text) referenced from arm_startup_nrf51.o(RESET)
 <LI><a href="#[9]">SVC_Handler</a> from arm_startup_nrf51.o(.text) referenced from arm_startup_nrf51.o(RESET)
 <LI><a href="#[1f]">SWI0_IRQHandler</a> from app_timer.o(.text) referenced from arm_startup_nrf51.o(RESET)
 <LI><a href="#[20]">SWI1_IRQHandler</a> from ble_radio_notification.o(.text) referenced from arm_startup_nrf51.o(RESET)
 <LI><a href="#[21]">SWI2_IRQHandler</a> from ble_stack_handler.o(.text) referenced from arm_startup_nrf51.o(RESET)
 <LI><a href="#[22]">SWI3_IRQHandler</a> from arm_startup_nrf51.o(.text) referenced from arm_startup_nrf51.o(RESET)
 <LI><a href="#[23]">SWI4_IRQHandler</a> from arm_startup_nrf51.o(.text) referenced from arm_startup_nrf51.o(RESET)
 <LI><a href="#[24]">SWI5_IRQHandler</a> from arm_startup_nrf51.o(.text) referenced from arm_startup_nrf51.o(RESET)
 <LI><a href="#[b]">SysTick_Handler</a> from arm_startup_nrf51.o(.text) referenced from arm_startup_nrf51.o(RESET)
 <LI><a href="#[25]">SystemInit</a> from system_nrf51.o(.text) referenced from arm_startup_nrf51.o(.text)
 <LI><a href="#[17]">TEMP_IRQHandler</a> from arm_startup_nrf51.o(.text) referenced from arm_startup_nrf51.o(RESET)
 <LI><a href="#[13]">TIMER0_IRQHandler</a> from arm_startup_nrf51.o(.text) referenced from arm_startup_nrf51.o(RESET)
 <LI><a href="#[14]">TIMER1_IRQHandler</a> from arm_startup_nrf51.o(.text) referenced from arm_startup_nrf51.o(RESET)
 <LI><a href="#[15]">TIMER2_IRQHandler</a> from arm_startup_nrf51.o(.text) referenced from arm_startup_nrf51.o(RESET)
 <LI><a href="#[e]">UART0_IRQHandler</a> from ble_app_main.o(.text) referenced from arm_startup_nrf51.o(RESET)
 <LI><a href="#[1b]">WDT_IRQHandler</a> from arm_startup_nrf51.o(.text) referenced from arm_startup_nrf51.o(RESET)
 <LI><a href="#[40]">__main</a> from __main.o(!!!main) referenced from arm_startup_nrf51.o(.text)
 <LI><a href="#[3e]">_printf_fp_dec_real</a> from _printf_fp_dec.o(.text) referenced from printf1.o(x$fpl$printf1)
 <LI><a href="#[3d]">_printf_input_char</a> from _printf_char_common.o(.text) referenced from _printf_char_common.o(.text)
 <LI><a href="#[29]">adv_led_blink_timeout_handler</a> from ble_app_main.o(.text) referenced from ble_app_main.o(.text)
 <LI><a href="#[27]">battery_level_meas_timeout_handler</a> from ble_app_main.o(.text) referenced from ble_app_main.o(.text)
 <LI><a href="#[35]">ble_evt_dispatch</a> from ble_app_main.o(.text) referenced from ble_app_main.o(.text)
 <LI><a href="#[37]">ble_flash_on_radio_active_evt</a> from ble_flash.o(.text) referenced from ble_app_main.o(.text)
 <LI><a href="#[36]">bond_manager_error_handler</a> from ble_app_main.o(.text) referenced from ble_app_main.o(.text)
 <LI><a href="#[3f]">button_event_handler</a> from ble_app_main.o(.text) referenced 3 times from ble_app_main.o(.data)
 <LI><a href="#[34]">conn_params_error_handler</a> from ble_app_main.o(.text) referenced from ble_app_main.o(.text)
 <LI><a href="#[2b]">cry_sound_timer_timeout_handler</a> from ble_app_main.o(.text) referenced from ble_app_main.o(.text)
 <LI><a href="#[3b]">detection_delay_timeout_handler</a> from app_button.o(.text) referenced from app_button.o(.text)
 <LI><a href="#[3c]">fputc</a> from simple_uart.o(.text) referenced from _printf_char_file.o(.text)
 <LI><a href="#[3a]">gpiote_event_handler</a> from app_button.o(.text) referenced from app_button.o(.text)
 <LI><a href="#[28]">mild_alert_timeout_handler</a> from ble_app_main.o(.text) referenced from ble_app_main.o(.text)
 <LI><a href="#[32]">nus_receive_data_handler</a> from ble_app_main.o(.text) referenced from ble_app_main.o(.text)
 <LI><a href="#[2c]">oled_timer_timeout_handler</a> from ble_app_main.o(.text) referenced from ble_app_main.o(.text)
 <LI><a href="#[30]">on_bas_evt</a> from ble_app_main.o(.text) referenced from ble_app_main.o(.text)
 <LI><a href="#[33]">on_conn_params_evt</a> from ble_app_main.o(.text) referenced from ble_app_main.o(.text)
 <LI><a href="#[31]">on_ias_c_evt</a> from ble_app_main.o(.text) referenced from ble_app_main.o(.text)
 <LI><a href="#[2d]">on_ias_evt</a> from ble_app_main.o(.text) referenced 2 times from ble_app_main.o(.text)
 <LI><a href="#[2e]">on_lls_evt</a> from ble_app_main.o(.text) referenced 2 times from ble_app_main.o(.text)
 <LI><a href="#[2a]">rtc_timer_timeout_handler</a> from ble_app_main.o(.text) referenced from ble_app_main.o(.text)
 <LI><a href="#[2f]">service_error_handler</a> from ble_app_main.o(.text) referenced 2 times from ble_app_main.o(.text)
 <LI><a href="#[39]">softdevice_assertion_handler</a> from ble_stack_handler.o(.text) referenced from ble_stack_handler.o(.text)
 <LI><a href="#[38]">update_timeout_handler</a> from ble_conn_params.o(.text) referenced from ble_conn_params.o(.text)
</UL>
<P>
<H3>
Global Symbols
</H3>
<P><STRONG><a name="[40]"></a>__main</STRONG> (Thumb, 8 bytes, Stack size 0 bytes, __main.o(!!!main))
<BR><BR>[Calls]<UL><LI><a href="#[41]">&gt;&gt;</a>&nbsp;&nbsp;&nbsp;__scatterload
<LI><a href="#[42]">&gt;&gt;</a>&nbsp;&nbsp;&nbsp;__rt_entry
</UL>

<P><STRONG><a name="[41]"></a>__scatterload</STRONG> (Thumb, 0 bytes, Stack size unknown bytes, __scatter.o(!!!scatter))
<BR><BR>[Called By]<UL><LI><a href="#[40]">&gt;&gt;</a>&nbsp;&nbsp;&nbsp;__main
</UL>

<P><STRONG><a name="[43]"></a>__scatterload_rt2</STRONG> (Thumb, 52 bytes, Stack size unknown bytes, __scatter.o(!!!scatter), UNUSED)
<BR><BR>[Calls]<UL><LI><a href="#[42]">&gt;&gt;</a>&nbsp;&nbsp;&nbsp;__rt_entry
</UL>

<P><STRONG><a name="[127]"></a>__scatterload_rt2_thumb_only</STRONG> (Thumb, 0 bytes, Stack size unknown bytes, __scatter.o(!!!scatter), UNUSED)

<P><STRONG><a name="[128]"></a>__scatterload_null</STRONG> (Thumb, 0 bytes, Stack size unknown bytes, __scatter.o(!!!scatter), UNUSED)

<P><STRONG><a name="[44]"></a>__scatterload_copy</STRONG> (Thumb, 26 bytes, Stack size unknown bytes, __scatter_copy.o(!!handler_copy), UNUSED)
<BR><BR>[Calls]<UL><LI><a href="#[44]">&gt;&gt;</a>&nbsp;&nbsp;&nbsp;__scatterload_copy
</UL>
<BR>[Called By]<UL><LI><a href="#[44]">&gt;&gt;</a>&nbsp;&nbsp;&nbsp;__scatterload_copy
</UL>

<P><STRONG><a name="[129]"></a>__scatterload_zeroinit</STRONG> (Thumb, 28 bytes, Stack size unknown bytes, __scatter_zi.o(!!handler_zi), UNUSED)

<P><STRONG><a name="[102]"></a>_printf_percent</STRONG> (Thumb, 0 bytes, Stack size unknown bytes, _printf_percent.o(.ARM.Collect$$_printf_percent$$00000000))
<BR><BR>[Called By]<UL><LI><a href="#[100]">&gt;&gt;</a>&nbsp;&nbsp;&nbsp;__printf
</UL>

<P><STRONG><a name="[45]"></a>_printf_f</STRONG> (Thumb, 0 bytes, Stack size unknown bytes, _printf_f.o(.ARM.Collect$$_printf_percent$$00000003))
<BR><BR>[Stack]<UL><LI>Max Depth = 72 + Unknown Stack Size
<LI>Call Chain = _printf_f &rArr; _printf_d &rArr; _printf_int_dec &rArr; _printf_int_common
</UL>
<BR>[Calls]<UL><LI><a href="#[46]">&gt;&gt;</a>&nbsp;&nbsp;&nbsp;_printf_d
<LI><a href="#[47]">&gt;&gt;</a>&nbsp;&nbsp;&nbsp;_printf_fp_dec
</UL>

<P><STRONG><a name="[46]"></a>_printf_d</STRONG> (Thumb, 0 bytes, Stack size unknown bytes, _printf_d.o(.ARM.Collect$$_printf_percent$$00000009))
<BR><BR>[Stack]<UL><LI>Max Depth = 72 + Unknown Stack Size
<LI>Call Chain = _printf_d &rArr; _printf_int_dec &rArr; _printf_int_common
</UL>
<BR>[Calls]<UL><LI><a href="#[48]">&gt;&gt;</a>&nbsp;&nbsp;&nbsp;_printf_s
<LI><a href="#[49]">&gt;&gt;</a>&nbsp;&nbsp;&nbsp;_printf_int_dec
</UL>
<BR>[Called By]<UL><LI><a href="#[45]">&gt;&gt;</a>&nbsp;&nbsp;&nbsp;_printf_f
</UL>

<P><STRONG><a name="[48]"></a>_printf_s</STRONG> (Thumb, 0 bytes, Stack size unknown bytes, _printf_s.o(.ARM.Collect$$_printf_percent$$00000014))
<BR><BR>[Stack]<UL><LI>Max Depth = 24 + Unknown Stack Size
<LI>Call Chain = _printf_s &rArr; _printf_string &rArr; _printf_cs_common &rArr; _printf_str
</UL>
<BR>[Calls]<UL><LI><a href="#[4a]">&gt;&gt;</a>&nbsp;&nbsp;&nbsp;_printf_percent_end
<LI><a href="#[4b]">&gt;&gt;</a>&nbsp;&nbsp;&nbsp;_printf_string
</UL>
<BR>[Called By]<UL><LI><a href="#[46]">&gt;&gt;</a>&nbsp;&nbsp;&nbsp;_printf_d
</UL>

<P><STRONG><a name="[4a]"></a>_printf_percent_end</STRONG> (Thumb, 0 bytes, Stack size unknown bytes, _printf_percent_end.o(.ARM.Collect$$_printf_percent$$00000017))
<BR><BR>[Called By]<UL><LI><a href="#[48]">&gt;&gt;</a>&nbsp;&nbsp;&nbsp;_printf_s
</UL>

<P><STRONG><a name="[53]"></a>__rt_lib_init</STRONG> (Thumb, 0 bytes, Stack size unknown bytes, libinit.o(.ARM.Collect$$libinit$$00000000))
<BR><BR>[Called By]<UL><LI><a href="#[52]">&gt;&gt;</a>&nbsp;&nbsp;&nbsp;__rt_entry_li
</UL>

<P><STRONG><a name="[12a]"></a>__rt_lib_init_fp_1</STRONG> (Thumb, 0 bytes, Stack size unknown bytes, libinit2.o(.ARM.Collect$$libinit$$00000001))

<P><STRONG><a name="[12b]"></a>__rt_lib_init_heap_1</STRONG> (Thumb, 0 bytes, Stack size unknown bytes, libinit2.o(.ARM.Collect$$libinit$$00000008))

<P><STRONG><a name="[4c]"></a>__rt_lib_init_lc_common</STRONG> (Thumb, 0 bytes, Stack size unknown bytes, libinit2.o(.ARM.Collect$$libinit$$0000000D))
<BR><BR>[Calls]<UL><LI><a href="#[4d]">&gt;&gt;</a>&nbsp;&nbsp;&nbsp;__rt_locale
</UL>

<P><STRONG><a name="[12c]"></a>__rt_lib_init_rand_1</STRONG> (Thumb, 0 bytes, Stack size unknown bytes, libinit2.o(.ARM.Collect$$libinit$$0000000C))

<P><STRONG><a name="[12d]"></a>__rt_lib_init_user_alloc_1</STRONG> (Thumb, 0 bytes, Stack size unknown bytes, libinit2.o(.ARM.Collect$$libinit$$0000000A))

<P><STRONG><a name="[12e]"></a>__rt_lib_init_lc_collate_1</STRONG> (Thumb, 0 bytes, Stack size unknown bytes, libinit2.o(.ARM.Collect$$libinit$$0000000F))

<P><STRONG><a name="[12f]"></a>__rt_lib_init_lc_ctype_1</STRONG> (Thumb, 0 bytes, Stack size unknown bytes, libinit2.o(.ARM.Collect$$libinit$$00000011))

<P><STRONG><a name="[130]"></a>__rt_lib_init_lc_monetary_1</STRONG> (Thumb, 0 bytes, Stack size unknown bytes, libinit2.o(.ARM.Collect$$libinit$$00000013))

<P><STRONG><a name="[4e]"></a>__rt_lib_init_lc_numeric_2</STRONG> (Thumb, 0 bytes, Stack size unknown bytes, libinit2.o(.ARM.Collect$$libinit$$00000014))
<BR><BR>[Stack]<UL><LI>Max Depth = 24 + Unknown Stack Size
<LI>Call Chain = __rt_lib_init_lc_numeric_2 &rArr; _get_lc_numeric &rArr; strcmp
</UL>
<BR>[Calls]<UL><LI><a href="#[4f]">&gt;&gt;</a>&nbsp;&nbsp;&nbsp;_get_lc_numeric
</UL>

<P><STRONG><a name="[131]"></a>__rt_lib_init_alloca_1</STRONG> (Thumb, 0 bytes, Stack size unknown bytes, libinit2.o(.ARM.Collect$$libinit$$0000002C))

<P><STRONG><a name="[132]"></a>__rt_lib_init_argv_1</STRONG> (Thumb, 0 bytes, Stack size unknown bytes, libinit2.o(.ARM.Collect$$libinit$$0000002A))

<P><STRONG><a name="[133]"></a>__rt_lib_init_atexit_1</STRONG> (Thumb, 0 bytes, Stack size unknown bytes, libinit2.o(.ARM.Collect$$libinit$$00000019))

<P><STRONG><a name="[134]"></a>__rt_lib_init_clock_1</STRONG> (Thumb, 0 bytes, Stack size unknown bytes, libinit2.o(.ARM.Collect$$libinit$$0000001F))

<P><STRONG><a name="[135]"></a>__rt_lib_init_cpp_1</STRONG> (Thumb, 0 bytes, Stack size unknown bytes, libinit2.o(.ARM.Collect$$libinit$$00000030))

<P><STRONG><a name="[136]"></a>__rt_lib_init_exceptions_1</STRONG> (Thumb, 0 bytes, Stack size unknown bytes, libinit2.o(.ARM.Collect$$libinit$$0000002E))

<P><STRONG><a name="[137]"></a>__rt_lib_init_fp_trap_1</STRONG> (Thumb, 0 bytes, Stack size unknown bytes, libinit2.o(.ARM.Collect$$libinit$$0000001D))

<P><STRONG><a name="[138]"></a>__rt_lib_init_getenv_1</STRONG> (Thumb, 0 bytes, Stack size unknown bytes, libinit2.o(.ARM.Collect$$libinit$$00000021))

<P><STRONG><a name="[139]"></a>__rt_lib_init_lc_numeric_1</STRONG> (Thumb, 0 bytes, Stack size unknown bytes, libinit2.o(.ARM.Collect$$libinit$$00000015))

<P><STRONG><a name="[13a]"></a>__rt_lib_init_lc_time_1</STRONG> (Thumb, 0 bytes, Stack size unknown bytes, libinit2.o(.ARM.Collect$$libinit$$00000017))

<P><STRONG><a name="[13b]"></a>__rt_lib_init_return</STRONG> (Thumb, 0 bytes, Stack size unknown bytes, libinit2.o(.ARM.Collect$$libinit$$00000031))

<P><STRONG><a name="[13c]"></a>__rt_lib_init_signal_1</STRONG> (Thumb, 0 bytes, Stack size unknown bytes, libinit2.o(.ARM.Collect$$libinit$$0000001B))

<P><STRONG><a name="[13d]"></a>__rt_lib_init_stdio_1</STRONG> (Thumb, 0 bytes, Stack size unknown bytes, libinit2.o(.ARM.Collect$$libinit$$00000023))

<P><STRONG><a name="[58]"></a>__rt_lib_shutdown</STRONG> (Thumb, 0 bytes, Stack size unknown bytes, libshutdown.o(.ARM.Collect$$libshutdown$$00000000))
<BR><BR>[Called By]<UL><LI><a href="#[57]">&gt;&gt;</a>&nbsp;&nbsp;&nbsp;__rt_exit_ls
</UL>

<P><STRONG><a name="[13e]"></a>__rt_lib_shutdown_fp_trap_1</STRONG> (Thumb, 0 bytes, Stack size unknown bytes, libshutdown2.o(.ARM.Collect$$libshutdown$$00000006))

<P><STRONG><a name="[13f]"></a>__rt_lib_shutdown_heap_1</STRONG> (Thumb, 0 bytes, Stack size unknown bytes, libshutdown2.o(.ARM.Collect$$libshutdown$$0000000E))

<P><STRONG><a name="[140]"></a>__rt_lib_shutdown_return</STRONG> (Thumb, 0 bytes, Stack size unknown bytes, libshutdown2.o(.ARM.Collect$$libshutdown$$0000000F))

<P><STRONG><a name="[141]"></a>__rt_lib_shutdown_signal_1</STRONG> (Thumb, 0 bytes, Stack size unknown bytes, libshutdown2.o(.ARM.Collect$$libshutdown$$00000009))

<P><STRONG><a name="[142]"></a>__rt_lib_shutdown_stdio_1</STRONG> (Thumb, 0 bytes, Stack size unknown bytes, libshutdown2.o(.ARM.Collect$$libshutdown$$00000003))

<P><STRONG><a name="[143]"></a>__rt_lib_shutdown_user_alloc_1</STRONG> (Thumb, 0 bytes, Stack size unknown bytes, libshutdown2.o(.ARM.Collect$$libshutdown$$0000000B))

<P><STRONG><a name="[42]"></a>__rt_entry</STRONG> (Thumb, 0 bytes, Stack size unknown bytes, rtentry.o(.ARM.Collect$$rtentry$$00000000))
<BR><BR>[Called By]<UL><LI><a href="#[43]">&gt;&gt;</a>&nbsp;&nbsp;&nbsp;__scatterload_rt2
<LI><a href="#[40]">&gt;&gt;</a>&nbsp;&nbsp;&nbsp;__main
</UL>

<P><STRONG><a name="[144]"></a>__rt_entry_presh_1</STRONG> (Thumb, 0 bytes, Stack size unknown bytes, rtentry2.o(.ARM.Collect$$rtentry$$00000002))

<P><STRONG><a name="[50]"></a>__rt_entry_sh</STRONG> (Thumb, 0 bytes, Stack size unknown bytes, rtentry4.o(.ARM.Collect$$rtentry$$00000004))
<BR><BR>[Stack]<UL><LI>Max Depth = 8 + Unknown Stack Size
<LI>Call Chain = __rt_entry_sh &rArr; __user_setup_stackheap
</UL>
<BR>[Calls]<UL><LI><a href="#[51]">&gt;&gt;</a>&nbsp;&nbsp;&nbsp;__user_setup_stackheap
</UL>

<P><STRONG><a name="[52]"></a>__rt_entry_li</STRONG> (Thumb, 0 bytes, Stack size unknown bytes, rtentry2.o(.ARM.Collect$$rtentry$$0000000A))
<BR><BR>[Calls]<UL><LI><a href="#[53]">&gt;&gt;</a>&nbsp;&nbsp;&nbsp;__rt_lib_init
</UL>

<P><STRONG><a name="[145]"></a>__rt_entry_postsh_1</STRONG> (Thumb, 0 bytes, Stack size unknown bytes, rtentry2.o(.ARM.Collect$$rtentry$$00000009))

<P><STRONG><a name="[54]"></a>__rt_entry_main</STRONG> (Thumb, 0 bytes, Stack size unknown bytes, rtentry2.o(.ARM.Collect$$rtentry$$0000000D))
<BR><BR>[Stack]<UL><LI>Max Depth = 352 + Unknown Stack Size
<LI>Call Chain = __rt_entry_main &rArr; main &rArr; updata_by_min &rArr; advertising_start &rArr; advertising_init &rArr; ble_advdata_set &rArr; adv_data_encode &rArr; uuid_list_encode
</UL>
<BR>[Calls]<UL><LI><a href="#[55]">&gt;&gt;</a>&nbsp;&nbsp;&nbsp;main
<LI><a href="#[56]">&gt;&gt;</a>&nbsp;&nbsp;&nbsp;exit
</UL>

<P><STRONG><a name="[146]"></a>__rt_entry_postli_1</STRONG> (Thumb, 0 bytes, Stack size unknown bytes, rtentry2.o(.ARM.Collect$$rtentry$$0000000C))

<P><STRONG><a name="[125]"></a>__rt_exit</STRONG> (Thumb, 0 bytes, Stack size unknown bytes, rtexit.o(.ARM.Collect$$rtexit$$00000000))
<BR><BR>[Called By]<UL><LI><a href="#[56]">&gt;&gt;</a>&nbsp;&nbsp;&nbsp;exit
</UL>

<P><STRONG><a name="[57]"></a>__rt_exit_ls</STRONG> (Thumb, 0 bytes, Stack size unknown bytes, rtexit2.o(.ARM.Collect$$rtexit$$00000003))
<BR><BR>[Calls]<UL><LI><a href="#[58]">&gt;&gt;</a>&nbsp;&nbsp;&nbsp;__rt_lib_shutdown
</UL>

<P><STRONG><a name="[147]"></a>__rt_exit_prels_1</STRONG> (Thumb, 0 bytes, Stack size unknown bytes, rtexit2.o(.ARM.Collect$$rtexit$$00000002))

<P><STRONG><a name="[59]"></a>__rt_exit_exit</STRONG> (Thumb, 0 bytes, Stack size unknown bytes, rtexit2.o(.ARM.Collect$$rtexit$$00000004))
<BR><BR>[Calls]<UL><LI><a href="#[5a]">&gt;&gt;</a>&nbsp;&nbsp;&nbsp;_sys_exit
</UL>

<P><STRONG><a name="[5b]"></a>__asm___11_nrf_delay_c_532987f3__nrf_delay_us</STRONG> (Thumb, 30 bytes, Stack size 0 bytes, nrf_delay.o(.emb_text))
<BR><BR>[Calls]<UL><LI><a href="#[5b]">&gt;&gt;</a>&nbsp;&nbsp;&nbsp;__asm___11_nrf_delay_c_532987f3__nrf_delay_us
</UL>
<BR>[Called By]<UL><LI><a href="#[75]">&gt;&gt;</a>&nbsp;&nbsp;&nbsp;nrf_delay_ms
<LI><a href="#[5b]">&gt;&gt;</a>&nbsp;&nbsp;&nbsp;__asm___11_nrf_delay_c_532987f3__nrf_delay_us
</UL>

<P><STRONG><a name="[5c]"></a>__asm___15_twi_sw_master_c_959ec897__nrf_delay_us</STRONG> (Thumb, 30 bytes, Stack size 0 bytes, twi_sw_master.o(.emb_text))
<BR><BR>[Calls]<UL><LI><a href="#[5c]">&gt;&gt;</a>&nbsp;&nbsp;&nbsp;__asm___15_twi_sw_master_c_959ec897__nrf_delay_us
</UL>
<BR>[Called By]<UL><LI><a href="#[da]">&gt;&gt;</a>&nbsp;&nbsp;&nbsp;twi_master_clear_bus
<LI><a href="#[5c]">&gt;&gt;</a>&nbsp;&nbsp;&nbsp;__asm___15_twi_sw_master_c_959ec897__nrf_delay_us
<LI><a href="#[bd]">&gt;&gt;</a>&nbsp;&nbsp;&nbsp;twi_master_wait_while_scl_low
<LI><a href="#[c8]">&gt;&gt;</a>&nbsp;&nbsp;&nbsp;twi_master_transfer
<LI><a href="#[bf]">&gt;&gt;</a>&nbsp;&nbsp;&nbsp;twi_master_issue_stopcondition
<LI><a href="#[bb]">&gt;&gt;</a>&nbsp;&nbsp;&nbsp;twi_master_issue_startcondition
<LI><a href="#[cb]">&gt;&gt;</a>&nbsp;&nbsp;&nbsp;twi_master_init
<LI><a href="#[be]">&gt;&gt;</a>&nbsp;&nbsp;&nbsp;twi_master_clock_byte_in
<LI><a href="#[bc]">&gt;&gt;</a>&nbsp;&nbsp;&nbsp;twi_master_clock_byte
</UL>

<P><STRONG><a name="[5d]"></a>__asm___11_app_timer_c_cd27f9c3__nrf_delay_us</STRONG> (Thumb, 30 bytes, Stack size 0 bytes, app_timer.o(.emb_text))
<BR><BR>[Calls]<UL><LI><a href="#[5d]">&gt;&gt;</a>&nbsp;&nbsp;&nbsp;__asm___11_app_timer_c_cd27f9c3__nrf_delay_us
</UL>
<BR>[Called By]<UL><LI><a href="#[8e]">&gt;&gt;</a>&nbsp;&nbsp;&nbsp;app_timer_init
<LI><a href="#[5d]">&gt;&gt;</a>&nbsp;&nbsp;&nbsp;__asm___11_app_timer_c_cd27f9c3__nrf_delay_us
<LI><a href="#[f4]">&gt;&gt;</a>&nbsp;&nbsp;&nbsp;timer_list_handler
</UL>

<P><STRONG><a name="[5e]"></a>__asm___13_simple_uart_c_9275e5e5__nrf_delay_us</STRONG> (Thumb, 30 bytes, Stack size 0 bytes, simple_uart.o(.emb_text), UNUSED)
<BR><BR>[Calls]<UL><LI><a href="#[5e]">&gt;&gt;</a>&nbsp;&nbsp;&nbsp;__asm___13_simple_uart_c_9275e5e5__nrf_delay_us
</UL>
<BR>[Called By]<UL><LI><a href="#[f7]">&gt;&gt;</a>&nbsp;&nbsp;&nbsp;simple_uart_get_with_timeout
<LI><a href="#[5e]">&gt;&gt;</a>&nbsp;&nbsp;&nbsp;__asm___13_simple_uart_c_9275e5e5__nrf_delay_us
</UL>

<P><STRONG><a name="[e2]"></a>__aeabi_memcpy4</STRONG> (Thumb, 56 bytes, Stack size 0 bytes, rt_memcpy.o(.emb_text))
<BR><BR>[Called By]<UL><LI><a href="#[a3]">&gt;&gt;</a>&nbsp;&nbsp;&nbsp;ble_bondmngr_on_ble_evt
<LI><a href="#[ac]">&gt;&gt;</a>&nbsp;&nbsp;&nbsp;ble_bondmngr_init
<LI><a href="#[a1]">&gt;&gt;</a>&nbsp;&nbsp;&nbsp;ble_bondmngr_bonded_masters_store
<LI><a href="#[a2]">&gt;&gt;</a>&nbsp;&nbsp;&nbsp;__aeabi_memcpy
<LI><a href="#[ee]">&gt;&gt;</a>&nbsp;&nbsp;&nbsp;ble_flash_page_read
<LI><a href="#[ea]">&gt;&gt;</a>&nbsp;&nbsp;&nbsp;ble_bondmngr_bonded_master_delete
</UL>

<P><STRONG><a name="[148]"></a>__aeabi_memcpy8</STRONG> (Thumb, 0 bytes, Stack size 0 bytes, rt_memcpy.o(.emb_text), UNUSED)

<P><STRONG><a name="[149]"></a>SystemCoreClockUpdate</STRONG> (Thumb, 8 bytes, Stack size 0 bytes, system_nrf51.o(.text), UNUSED)

<P><STRONG><a name="[25]"></a>SystemInit</STRONG> (Thumb, 72 bytes, Stack size 0 bytes, system_nrf51.o(.text))
<BR>[Address Reference Count : 1]<UL><LI> arm_startup_nrf51.o(.text)
</UL>
<P><STRONG><a name="[6]"></a>Reset_Handler</STRONG> (Thumb, 18 bytes, Stack size 0 bytes, arm_startup_nrf51.o(.text))
<BR>[Address Reference Count : 1]<UL><LI> arm_startup_nrf51.o(RESET)
</UL>
<P><STRONG><a name="[7]"></a>NMI_Handler</STRONG> (Thumb, 2 bytes, Stack size 0 bytes, arm_startup_nrf51.o(.text))
<BR><BR>[Calls]<UL><LI><a href="#[7]">&gt;&gt;</a>&nbsp;&nbsp;&nbsp;NMI_Handler
</UL>
<BR>[Called By]<UL><LI><a href="#[7]">&gt;&gt;</a>&nbsp;&nbsp;&nbsp;NMI_Handler
</UL>
<BR>[Address Reference Count : 1]<UL><LI> arm_startup_nrf51.o(RESET)
</UL>
<P><STRONG><a name="[8]"></a>HardFault_Handler</STRONG> (Thumb, 2 bytes, Stack size 0 bytes, arm_startup_nrf51.o(.text))
<BR><BR>[Calls]<UL><LI><a href="#[8]">&gt;&gt;</a>&nbsp;&nbsp;&nbsp;HardFault_Handler
</UL>
<BR>[Called By]<UL><LI><a href="#[8]">&gt;&gt;</a>&nbsp;&nbsp;&nbsp;HardFault_Handler
</UL>
<BR>[Address Reference Count : 1]<UL><LI> arm_startup_nrf51.o(RESET)
</UL>
<P><STRONG><a name="[9]"></a>SVC_Handler</STRONG> (Thumb, 2 bytes, Stack size 0 bytes, arm_startup_nrf51.o(.text))
<BR><BR>[Calls]<UL><LI><a href="#[9]">&gt;&gt;</a>&nbsp;&nbsp;&nbsp;SVC_Handler
</UL>
<BR>[Called By]<UL><LI><a href="#[9]">&gt;&gt;</a>&nbsp;&nbsp;&nbsp;SVC_Handler
</UL>
<BR>[Address Reference Count : 1]<UL><LI> arm_startup_nrf51.o(RESET)
</UL>
<P><STRONG><a name="[a]"></a>PendSV_Handler</STRONG> (Thumb, 2 bytes, Stack size 0 bytes, arm_startup_nrf51.o(.text))
<BR><BR>[Calls]<UL><LI><a href="#[a]">&gt;&gt;</a>&nbsp;&nbsp;&nbsp;PendSV_Handler
</UL>
<BR>[Called By]<UL><LI><a href="#[a]">&gt;&gt;</a>&nbsp;&nbsp;&nbsp;PendSV_Handler
</UL>
<BR>[Address Reference Count : 1]<UL><LI> arm_startup_nrf51.o(RESET)
</UL>
<P><STRONG><a name="[b]"></a>SysTick_Handler</STRONG> (Thumb, 2 bytes, Stack size 0 bytes, arm_startup_nrf51.o(.text))
<BR><BR>[Calls]<UL><LI><a href="#[b]">&gt;&gt;</a>&nbsp;&nbsp;&nbsp;SysTick_Handler
</UL>
<BR>[Called By]<UL><LI><a href="#[b]">&gt;&gt;</a>&nbsp;&nbsp;&nbsp;SysTick_Handler
</UL>
<BR>[Address Reference Count : 1]<UL><LI> arm_startup_nrf51.o(RESET)
</UL>
<P><STRONG><a name="[1a]"></a>CCM_AAR_IRQHandler</STRONG> (Thumb, 0 bytes, Stack size 0 bytes, arm_startup_nrf51.o(.text))
<BR><BR>[Calls]<UL><LI><a href="#[1a]">&gt;&gt;</a>&nbsp;&nbsp;&nbsp;CCM_AAR_IRQHandler
</UL>
<BR>[Called By]<UL><LI><a href="#[1a]">&gt;&gt;</a>&nbsp;&nbsp;&nbsp;CCM_AAR_IRQHandler
</UL>
<BR>[Address Reference Count : 1]<UL><LI> arm_startup_nrf51.o(RESET)
</UL>
<P><STRONG><a name="[19]"></a>ECB_IRQHandler</STRONG> (Thumb, 0 bytes, Stack size 0 bytes, arm_startup_nrf51.o(.text))
<BR>[Address Reference Count : 1]<UL><LI> arm_startup_nrf51.o(RESET)
</UL>
<P><STRONG><a name="[1e]"></a>LPCOMP_COMP_IRQHandler</STRONG> (Thumb, 0 bytes, Stack size 0 bytes, arm_startup_nrf51.o(.text))
<BR>[Address Reference Count : 1]<UL><LI> arm_startup_nrf51.o(RESET)
</UL>
<P><STRONG><a name="[c]"></a>POWER_CLOCK_IRQHandler</STRONG> (Thumb, 0 bytes, Stack size 0 bytes, arm_startup_nrf51.o(.text))
<BR>[Address Reference Count : 1]<UL><LI> arm_startup_nrf51.o(RESET)
</UL>
<P><STRONG><a name="[1d]"></a>QDEC_IRQHandler</STRONG> (Thumb, 0 bytes, Stack size 0 bytes, arm_startup_nrf51.o(.text))
<BR>[Address Reference Count : 1]<UL><LI> arm_startup_nrf51.o(RESET)
</UL>
<P><STRONG><a name="[d]"></a>RADIO_IRQHandler</STRONG> (Thumb, 0 bytes, Stack size 0 bytes, arm_startup_nrf51.o(.text))
<BR>[Address Reference Count : 1]<UL><LI> arm_startup_nrf51.o(RESET)
</UL>
<P><STRONG><a name="[18]"></a>RNG_IRQHandler</STRONG> (Thumb, 0 bytes, Stack size 0 bytes, arm_startup_nrf51.o(.text))
<BR>[Address Reference Count : 1]<UL><LI> arm_startup_nrf51.o(RESET)
</UL>
<P><STRONG><a name="[16]"></a>RTC0_IRQHandler</STRONG> (Thumb, 0 bytes, Stack size 0 bytes, arm_startup_nrf51.o(.text))
<BR>[Address Reference Count : 1]<UL><LI> arm_startup_nrf51.o(RESET)
</UL>
<P><STRONG><a name="[f]"></a>SPI0_TWI0_IRQHandler</STRONG> (Thumb, 0 bytes, Stack size 0 bytes, arm_startup_nrf51.o(.text))
<BR>[Address Reference Count : 1]<UL><LI> arm_startup_nrf51.o(RESET)
</UL>
<P><STRONG><a name="[10]"></a>SPI1_TWI1_IRQHandler</STRONG> (Thumb, 0 bytes, Stack size 0 bytes, arm_startup_nrf51.o(.text))
<BR>[Address Reference Count : 1]<UL><LI> arm_startup_nrf51.o(RESET)
</UL>
<P><STRONG><a name="[22]"></a>SWI3_IRQHandler</STRONG> (Thumb, 0 bytes, Stack size 0 bytes, arm_startup_nrf51.o(.text))
<BR>[Address Reference Count : 1]<UL><LI> arm_startup_nrf51.o(RESET)
</UL>
<P><STRONG><a name="[23]"></a>SWI4_IRQHandler</STRONG> (Thumb, 0 bytes, Stack size 0 bytes, arm_startup_nrf51.o(.text))
<BR>[Address Reference Count : 1]<UL><LI> arm_startup_nrf51.o(RESET)
</UL>
<P><STRONG><a name="[24]"></a>SWI5_IRQHandler</STRONG> (Thumb, 0 bytes, Stack size 0 bytes, arm_startup_nrf51.o(.text))
<BR>[Address Reference Count : 1]<UL><LI> arm_startup_nrf51.o(RESET)
</UL>
<P><STRONG><a name="[17]"></a>TEMP_IRQHandler</STRONG> (Thumb, 0 bytes, Stack size 0 bytes, arm_startup_nrf51.o(.text))
<BR>[Address Reference Count : 1]<UL><LI> arm_startup_nrf51.o(RESET)
</UL>
<P><STRONG><a name="[13]"></a>TIMER0_IRQHandler</STRONG> (Thumb, 0 bytes, Stack size 0 bytes, arm_startup_nrf51.o(.text))
<BR>[Address Reference Count : 1]<UL><LI> arm_startup_nrf51.o(RESET)
</UL>
<P><STRONG><a name="[14]"></a>TIMER1_IRQHandler</STRONG> (Thumb, 0 bytes, Stack size 0 bytes, arm_startup_nrf51.o(.text))
<BR>[Address Reference Count : 1]<UL><LI> arm_startup_nrf51.o(RESET)
</UL>
<P><STRONG><a name="[15]"></a>TIMER2_IRQHandler</STRONG> (Thumb, 0 bytes, Stack size 0 bytes, arm_startup_nrf51.o(.text))
<BR>[Address Reference Count : 1]<UL><LI> arm_startup_nrf51.o(RESET)
</UL>
<P><STRONG><a name="[1b]"></a>WDT_IRQHandler</STRONG> (Thumb, 0 bytes, Stack size 0 bytes, arm_startup_nrf51.o(.text))
<BR>[Address Reference Count : 1]<UL><LI> arm_startup_nrf51.o(RESET)
</UL>
<P><STRONG><a name="[123]"></a>__user_initial_stackheap</STRONG> (Thumb, 0 bytes, Stack size unknown bytes, arm_startup_nrf51.o(.text))
<BR><BR>[Called By]<UL><LI><a href="#[51]">&gt;&gt;</a>&nbsp;&nbsp;&nbsp;__user_setup_stackheap
</UL>

<P><STRONG><a name="[55]"></a>main</STRONG> (Thumb, 236 bytes, Stack size 0 bytes, main.o(.text))
<BR><BR>[Stack]<UL><LI>Max Depth = 352 + Unknown Stack Size
<LI>Call Chain = main &rArr; updata_by_min &rArr; advertising_start &rArr; advertising_init &rArr; ble_advdata_set &rArr; adv_data_encode &rArr; uuid_list_encode
</UL>
<BR>[Calls]<UL><LI><a href="#[73]">&gt;&gt;</a>&nbsp;&nbsp;&nbsp;wdt_start
<LI><a href="#[65]">&gt;&gt;</a>&nbsp;&nbsp;&nbsp;wdt_init
<LI><a href="#[76]">&gt;&gt;</a>&nbsp;&nbsp;&nbsp;updata_by_min
<LI><a href="#[77]">&gt;&gt;</a>&nbsp;&nbsp;&nbsp;updata_by_hour
<LI><a href="#[5f]">&gt;&gt;</a>&nbsp;&nbsp;&nbsp;uart_init
<LI><a href="#[61]">&gt;&gt;</a>&nbsp;&nbsp;&nbsp;timers_init
<LI><a href="#[6b]">&gt;&gt;</a>&nbsp;&nbsp;&nbsp;services_init
<LI><a href="#[6d]">&gt;&gt;</a>&nbsp;&nbsp;&nbsp;sec_params_init
<LI><a href="#[6e]">&gt;&gt;</a>&nbsp;&nbsp;&nbsp;radio_notification_init
<LI><a href="#[78]">&gt;&gt;</a>&nbsp;&nbsp;&nbsp;power_manage
<LI><a href="#[75]">&gt;&gt;</a>&nbsp;&nbsp;&nbsp;nrf_delay_ms
<LI><a href="#[71]">&gt;&gt;</a>&nbsp;&nbsp;&nbsp;my_timer_init
<LI><a href="#[60]">&gt;&gt;</a>&nbsp;&nbsp;&nbsp;leds_init
<LI><a href="#[62]">&gt;&gt;</a>&nbsp;&nbsp;&nbsp;gpiote_init
<LI><a href="#[69]">&gt;&gt;</a>&nbsp;&nbsp;&nbsp;gap_params_init
<LI><a href="#[6c]">&gt;&gt;</a>&nbsp;&nbsp;&nbsp;conn_params_init
<LI><a href="#[63]">&gt;&gt;</a>&nbsp;&nbsp;&nbsp;buttons_init
<LI><a href="#[67]">&gt;&gt;</a>&nbsp;&nbsp;&nbsp;bond_manager_init
<LI><a href="#[68]">&gt;&gt;</a>&nbsp;&nbsp;&nbsp;ble_stack_init
<LI><a href="#[64]">&gt;&gt;</a>&nbsp;&nbsp;&nbsp;app_button_enable
<LI><a href="#[6f]">&gt;&gt;</a>&nbsp;&nbsp;&nbsp;advertising_start
<LI><a href="#[6a]">&gt;&gt;</a>&nbsp;&nbsp;&nbsp;advertising_init
<LI><a href="#[74]">&gt;&gt;</a>&nbsp;&nbsp;&nbsp;OLED_POWER_CONTROL
<LI><a href="#[70]">&gt;&gt;</a>&nbsp;&nbsp;&nbsp;HTU21D_Init
<LI><a href="#[72]">&gt;&gt;</a>&nbsp;&nbsp;&nbsp;Auto_Time_Set
<LI><a href="#[66]">&gt;&gt;</a>&nbsp;&nbsp;&nbsp;__2printf
</UL>
<BR>[Called By]<UL><LI><a href="#[54]">&gt;&gt;</a>&nbsp;&nbsp;&nbsp;__rt_entry_main
</UL>

<P><STRONG><a name="[79]"></a>app_error_handler</STRONG> (Thumb, 16 bytes, Stack size 8 bytes, ble_app_main.o(.text))
<BR><BR>[Stack]<UL><LI>Max Depth = 144 + Unknown Stack Size
<LI>Call Chain = app_error_handler &rArr; __2printf &rArr; _printf_char_file &rArr; _printf_char_common &rArr; __printf
</UL>
<BR>[Calls]<UL><LI><a href="#[66]">&gt;&gt;</a>&nbsp;&nbsp;&nbsp;__2printf
</UL>
<BR>[Called By]<UL><LI><a href="#[1c]">&gt;&gt;</a>&nbsp;&nbsp;&nbsp;RTC1_IRQHandler
<LI><a href="#[3b]">&gt;&gt;</a>&nbsp;&nbsp;&nbsp;detection_delay_timeout_handler
<LI><a href="#[21]">&gt;&gt;</a>&nbsp;&nbsp;&nbsp;SWI2_IRQHandler
<LI><a href="#[ef]">&gt;&gt;</a>&nbsp;&nbsp;&nbsp;intern_ble_stack_events_execute
</UL>

<P><STRONG><a name="[7a]"></a>assert_nrf_callback</STRONG> (Thumb, 18 bytes, Stack size 8 bytes, ble_app_main.o(.text))
<BR><BR>[Stack]<UL><LI>Max Depth = 144 + Unknown Stack Size
<LI>Call Chain = assert_nrf_callback &rArr; __2printf &rArr; _printf_char_file &rArr; _printf_char_common &rArr; __printf
</UL>
<BR>[Calls]<UL><LI><a href="#[66]">&gt;&gt;</a>&nbsp;&nbsp;&nbsp;__2printf
</UL>
<BR>[Called By]<UL><LI><a href="#[39]">&gt;&gt;</a>&nbsp;&nbsp;&nbsp;softdevice_assertion_handler
</UL>

<P><STRONG><a name="[2f]"></a>service_error_handler</STRONG> (Thumb, 16 bytes, Stack size 8 bytes, ble_app_main.o(.text))
<BR><BR>[Stack]<UL><LI>Max Depth = 144 + Unknown Stack Size
<LI>Call Chain = service_error_handler &rArr; __2printf &rArr; _printf_char_file &rArr; _printf_char_common &rArr; __printf
</UL>
<BR>[Calls]<UL><LI><a href="#[66]">&gt;&gt;</a>&nbsp;&nbsp;&nbsp;__2printf
</UL>
<BR>[Address Reference Count : 1]<UL><LI> ble_app_main.o(.text)
</UL>
<P><STRONG><a name="[12]"></a>ADC_IRQHandler</STRONG> (Thumb, 288 bytes, Stack size 24 bytes, ble_app_main.o(.text))
<BR><BR>[Stack]<UL><LI>Max Depth = 160 + Unknown Stack Size
<LI>Call Chain = ADC_IRQHandler &rArr; __2printf &rArr; _printf_char_file &rArr; _printf_char_common &rArr; __printf
</UL>
<BR>[Calls]<UL><LI><a href="#[7d]">&gt;&gt;</a>&nbsp;&nbsp;&nbsp;ble_bas_battery_level_update
<LI><a href="#[7c]">&gt;&gt;</a>&nbsp;&nbsp;&nbsp;__aeabi_idivmod
<LI><a href="#[7b]">&gt;&gt;</a>&nbsp;&nbsp;&nbsp;__aeabi_uidivmod
<LI><a href="#[66]">&gt;&gt;</a>&nbsp;&nbsp;&nbsp;__2printf
</UL>
<BR>[Address Reference Count : 1]<UL><LI> arm_startup_nrf51.o(RESET)
</UL>
<P><STRONG><a name="[7e]"></a>adc_start</STRONG> (Thumb, 102 bytes, Stack size 16 bytes, ble_app_main.o(.text))
<BR><BR>[Stack]<UL><LI>Max Depth = 152 + Unknown Stack Size
<LI>Call Chain = adc_start &rArr; __2printf &rArr; _printf_char_file &rArr; _printf_char_common &rArr; __printf
</UL>
<BR>[Calls]<UL><LI><a href="#[66]">&gt;&gt;</a>&nbsp;&nbsp;&nbsp;__2printf
</UL>
<BR>[Called By]<UL><LI><a href="#[27]">&gt;&gt;</a>&nbsp;&nbsp;&nbsp;battery_level_meas_timeout_handler
</UL>

<P><STRONG><a name="[7f]"></a>cry_sound_adc_start</STRONG> (Thumb, 100 bytes, Stack size 16 bytes, ble_app_main.o(.text))
<BR><BR>[Stack]<UL><LI>Max Depth = 152 + Unknown Stack Size
<LI>Call Chain = cry_sound_adc_start &rArr; __2printf &rArr; _printf_char_file &rArr; _printf_char_common &rArr; __printf
</UL>
<BR>[Calls]<UL><LI><a href="#[66]">&gt;&gt;</a>&nbsp;&nbsp;&nbsp;__2printf
</UL>
<BR>[Called By]<UL><LI><a href="#[2b]">&gt;&gt;</a>&nbsp;&nbsp;&nbsp;cry_sound_timer_timeout_handler
</UL>

<P><STRONG><a name="[80]"></a>adv_led_blink_start</STRONG> (Thumb, 56 bytes, Stack size 8 bytes, ble_app_main.o(.text), UNUSED)
<BR><BR>[Calls]<UL><LI><a href="#[81]">&gt;&gt;</a>&nbsp;&nbsp;&nbsp;app_timer_start
<LI><a href="#[66]">&gt;&gt;</a>&nbsp;&nbsp;&nbsp;__2printf
</UL>

<P><STRONG><a name="[82]"></a>adv_led_blink_stop</STRONG> (Thumb, 40 bytes, Stack size 8 bytes, ble_app_main.o(.text), UNUSED)
<BR><BR>[Calls]<UL><LI><a href="#[83]">&gt;&gt;</a>&nbsp;&nbsp;&nbsp;app_timer_stop
<LI><a href="#[66]">&gt;&gt;</a>&nbsp;&nbsp;&nbsp;__2printf
</UL>

<P><STRONG><a name="[84]"></a>alert_led_blink_start</STRONG> (Thumb, 54 bytes, Stack size 8 bytes, ble_app_main.o(.text), UNUSED)
<BR><BR>[Calls]<UL><LI><a href="#[81]">&gt;&gt;</a>&nbsp;&nbsp;&nbsp;app_timer_start
<LI><a href="#[66]">&gt;&gt;</a>&nbsp;&nbsp;&nbsp;__2printf
</UL>

<P><STRONG><a name="[85]"></a>alert_led_blink_stop</STRONG> (Thumb, 42 bytes, Stack size 8 bytes, ble_app_main.o(.text))
<BR><BR>[Stack]<UL><LI>Max Depth = 144 + Unknown Stack Size
<LI>Call Chain = alert_led_blink_stop &rArr; __2printf &rArr; _printf_char_file &rArr; _printf_char_common &rArr; __printf
</UL>
<BR>[Calls]<UL><LI><a href="#[83]">&gt;&gt;</a>&nbsp;&nbsp;&nbsp;app_timer_stop
<LI><a href="#[66]">&gt;&gt;</a>&nbsp;&nbsp;&nbsp;__2printf
</UL>
<BR>[Called By]<UL><LI><a href="#[3f]">&gt;&gt;</a>&nbsp;&nbsp;&nbsp;button_event_handler
<LI><a href="#[a0]">&gt;&gt;</a>&nbsp;&nbsp;&nbsp;on_ble_evt
<LI><a href="#[92]">&gt;&gt;</a>&nbsp;&nbsp;&nbsp;alert_signal
</UL>

<P><STRONG><a name="[6a]"></a>advertising_init</STRONG> (Thumb, 92 bytes, Stack size 88 bytes, ble_app_main.o(.text))
<BR><BR>[Stack]<UL><LI>Max Depth = 272 + Unknown Stack Size
<LI>Call Chain = advertising_init &rArr; ble_advdata_set &rArr; adv_data_encode &rArr; uuid_list_encode
</UL>
<BR>[Calls]<UL><LI><a href="#[87]">&gt;&gt;</a>&nbsp;&nbsp;&nbsp;ble_advdata_set
<LI><a href="#[86]">&gt;&gt;</a>&nbsp;&nbsp;&nbsp;__aeabi_memclr4
<LI><a href="#[66]">&gt;&gt;</a>&nbsp;&nbsp;&nbsp;__2printf
</UL>
<BR>[Called By]<UL><LI><a href="#[6f]">&gt;&gt;</a>&nbsp;&nbsp;&nbsp;advertising_start
<LI><a href="#[55]">&gt;&gt;</a>&nbsp;&nbsp;&nbsp;main
</UL>

<P><STRONG><a name="[6f]"></a>advertising_start</STRONG> (Thumb, 436 bytes, Stack size 64 bytes, ble_app_main.o(.text))
<BR><BR>[Stack]<UL><LI>Max Depth = 336 + Unknown Stack Size
<LI>Call Chain = advertising_start &rArr; advertising_init &rArr; ble_advdata_set &rArr; adv_data_encode &rArr; uuid_list_encode
</UL>
<BR>[Calls]<UL><LI><a href="#[88]">&gt;&gt;</a>&nbsp;&nbsp;&nbsp;ble_bondmngr_whitelist_get
<LI><a href="#[81]">&gt;&gt;</a>&nbsp;&nbsp;&nbsp;app_timer_start
<LI><a href="#[6a]">&gt;&gt;</a>&nbsp;&nbsp;&nbsp;advertising_init
<LI><a href="#[66]">&gt;&gt;</a>&nbsp;&nbsp;&nbsp;__2printf
</UL>
<BR>[Called By]<UL><LI><a href="#[3f]">&gt;&gt;</a>&nbsp;&nbsp;&nbsp;button_event_handler
<LI><a href="#[a0]">&gt;&gt;</a>&nbsp;&nbsp;&nbsp;on_ble_evt
<LI><a href="#[76]">&gt;&gt;</a>&nbsp;&nbsp;&nbsp;updata_by_min
<LI><a href="#[55]">&gt;&gt;</a>&nbsp;&nbsp;&nbsp;main
</UL>

<P><STRONG><a name="[27]"></a>battery_level_meas_timeout_handler</STRONG> (Thumb, 12 bytes, Stack size 0 bytes, ble_app_main.o(.text))
<BR><BR>[Stack]<UL><LI>Max Depth = 152 + Unknown Stack Size
<LI>Call Chain = battery_level_meas_timeout_handler &rArr; adc_start &rArr; __2printf &rArr; _printf_char_file &rArr; _printf_char_common &rArr; __printf
</UL>
<BR>[Calls]<UL><LI><a href="#[7e]">&gt;&gt;</a>&nbsp;&nbsp;&nbsp;adc_start
</UL>
<BR>[Address Reference Count : 1]<UL><LI> ble_app_main.o(.text)
</UL>
<P><STRONG><a name="[28]"></a>mild_alert_timeout_handler</STRONG> (Thumb, 88 bytes, Stack size 16 bytes, ble_app_main.o(.text))
<BR><BR>[Stack]<UL><LI>Max Depth = 152 + Unknown Stack Size
<LI>Call Chain = mild_alert_timeout_handler &rArr; __2printf &rArr; _printf_char_file &rArr; _printf_char_common &rArr; __printf
</UL>
<BR>[Calls]<UL><LI><a href="#[81]">&gt;&gt;</a>&nbsp;&nbsp;&nbsp;app_timer_start
<LI><a href="#[66]">&gt;&gt;</a>&nbsp;&nbsp;&nbsp;__2printf
</UL>
<BR>[Address Reference Count : 1]<UL><LI> ble_app_main.o(.text)
</UL>
<P><STRONG><a name="[29]"></a>adv_led_blink_timeout_handler</STRONG> (Thumb, 84 bytes, Stack size 16 bytes, ble_app_main.o(.text))
<BR><BR>[Stack]<UL><LI>Max Depth = 152 + Unknown Stack Size
<LI>Call Chain = adv_led_blink_timeout_handler &rArr; __2printf &rArr; _printf_char_file &rArr; _printf_char_common &rArr; __printf
</UL>
<BR>[Calls]<UL><LI><a href="#[81]">&gt;&gt;</a>&nbsp;&nbsp;&nbsp;app_timer_start
<LI><a href="#[66]">&gt;&gt;</a>&nbsp;&nbsp;&nbsp;__2printf
</UL>
<BR>[Address Reference Count : 1]<UL><LI> ble_app_main.o(.text)
</UL>
<P><STRONG><a name="[2a]"></a>rtc_timer_timeout_handler</STRONG> (Thumb, 170 bytes, Stack size 32 bytes, ble_app_main.o(.text))
<BR><BR>[Stack]<UL><LI>Max Depth = 168 + Unknown Stack Size
<LI>Call Chain = rtc_timer_timeout_handler &rArr; __2printf &rArr; _printf_char_file &rArr; _printf_char_common &rArr; __printf
</UL>
<BR>[Calls]<UL><LI><a href="#[89]">&gt;&gt;</a>&nbsp;&nbsp;&nbsp;updata_rtc_timer
<LI><a href="#[8d]">&gt;&gt;</a>&nbsp;&nbsp;&nbsp;send_temp_rh_data
<LI><a href="#[8a]">&gt;&gt;</a>&nbsp;&nbsp;&nbsp;send_cry_signal
<LI><a href="#[8b]">&gt;&gt;</a>&nbsp;&nbsp;&nbsp;Updata_HTU
<LI><a href="#[75]">&gt;&gt;</a>&nbsp;&nbsp;&nbsp;nrf_delay_ms
<LI><a href="#[66]">&gt;&gt;</a>&nbsp;&nbsp;&nbsp;__2printf
<LI><a href="#[8c]">&gt;&gt;</a>&nbsp;&nbsp;&nbsp;__aeabi_f2d
</UL>
<BR>[Address Reference Count : 1]<UL><LI> ble_app_main.o(.text)
</UL>
<P><STRONG><a name="[2b]"></a>cry_sound_timer_timeout_handler</STRONG> (Thumb, 16 bytes, Stack size 8 bytes, ble_app_main.o(.text))
<BR><BR>[Stack]<UL><LI>Max Depth = 160 + Unknown Stack Size
<LI>Call Chain = cry_sound_timer_timeout_handler &rArr; cry_sound_adc_start &rArr; __2printf &rArr; _printf_char_file &rArr; _printf_char_common &rArr; __printf
</UL>
<BR>[Calls]<UL><LI><a href="#[7f]">&gt;&gt;</a>&nbsp;&nbsp;&nbsp;cry_sound_adc_start
</UL>
<BR>[Address Reference Count : 1]<UL><LI> ble_app_main.o(.text)
</UL>
<P><STRONG><a name="[2c]"></a>oled_timer_timeout_handler</STRONG> (Thumb, 16 bytes, Stack size 8 bytes, ble_app_main.o(.text))
<BR><BR>[Stack]<UL><LI>Max Depth = 140<LI>Call Chain = oled_timer_timeout_handler &rArr; OLED_POWER_CONTROL &rArr; OLED_ShowNum &rArr; OLED_ShowChar &rArr; OLED_DrawPoint
</UL>
<BR>[Calls]<UL><LI><a href="#[74]">&gt;&gt;</a>&nbsp;&nbsp;&nbsp;OLED_POWER_CONTROL
</UL>
<BR>[Address Reference Count : 1]<UL><LI> ble_app_main.o(.text)
</UL>
<P><STRONG><a name="[60]"></a>leds_init</STRONG> (Thumb, 12 bytes, Stack size 0 bytes, ble_app_main.o(.text))
<BR><BR>[Called By]<UL><LI><a href="#[55]">&gt;&gt;</a>&nbsp;&nbsp;&nbsp;main
</UL>

<P><STRONG><a name="[61]"></a>timers_init</STRONG> (Thumb, 190 bytes, Stack size 8 bytes, ble_app_main.o(.text))
<BR><BR>[Stack]<UL><LI>Max Depth = 160 + Unknown Stack Size
<LI>Call Chain = timers_init &rArr; app_timer_create &rArr; __2printf &rArr; _printf_char_file &rArr; _printf_char_common &rArr; __printf
</UL>
<BR>[Calls]<UL><LI><a href="#[8e]">&gt;&gt;</a>&nbsp;&nbsp;&nbsp;app_timer_init
<LI><a href="#[8f]">&gt;&gt;</a>&nbsp;&nbsp;&nbsp;app_timer_create
<LI><a href="#[66]">&gt;&gt;</a>&nbsp;&nbsp;&nbsp;__2printf
</UL>
<BR>[Called By]<UL><LI><a href="#[55]">&gt;&gt;</a>&nbsp;&nbsp;&nbsp;main
</UL>

<P><STRONG><a name="[69]"></a>gap_params_init</STRONG> (Thumb, 124 bytes, Stack size 24 bytes, ble_app_main.o(.text))
<BR><BR>[Stack]<UL><LI>Max Depth = 160 + Unknown Stack Size
<LI>Call Chain = gap_params_init &rArr; __2printf &rArr; _printf_char_file &rArr; _printf_char_common &rArr; __printf
</UL>
<BR>[Calls]<UL><LI><a href="#[66]">&gt;&gt;</a>&nbsp;&nbsp;&nbsp;__2printf
</UL>
<BR>[Called By]<UL><LI><a href="#[55]">&gt;&gt;</a>&nbsp;&nbsp;&nbsp;main
</UL>

<P><STRONG><a name="[90]"></a>tps_init</STRONG> (Thumb, 50 bytes, Stack size 8 bytes, ble_app_main.o(.text), UNUSED)
<BR><BR>[Calls]<UL><LI><a href="#[91]">&gt;&gt;</a>&nbsp;&nbsp;&nbsp;ble_tps_init
<LI><a href="#[66]">&gt;&gt;</a>&nbsp;&nbsp;&nbsp;__2printf
</UL>

<P><STRONG><a name="[92]"></a>alert_signal</STRONG> (Thumb, 84 bytes, Stack size 16 bytes, ble_app_main.o(.text))
<BR><BR>[Stack]<UL><LI>Max Depth = 160 + Unknown Stack Size
<LI>Call Chain = alert_signal &rArr; alert_led_blink_stop &rArr; __2printf &rArr; _printf_char_file &rArr; _printf_char_common &rArr; __printf
</UL>
<BR>[Calls]<UL><LI><a href="#[81]">&gt;&gt;</a>&nbsp;&nbsp;&nbsp;app_timer_start
<LI><a href="#[85]">&gt;&gt;</a>&nbsp;&nbsp;&nbsp;alert_led_blink_stop
<LI><a href="#[66]">&gt;&gt;</a>&nbsp;&nbsp;&nbsp;__2printf
</UL>
<BR>[Called By]<UL><LI><a href="#[2e]">&gt;&gt;</a>&nbsp;&nbsp;&nbsp;on_lls_evt
<LI><a href="#[2d]">&gt;&gt;</a>&nbsp;&nbsp;&nbsp;on_ias_evt
</UL>

<P><STRONG><a name="[2d]"></a>on_ias_evt</STRONG> (Thumb, 12 bytes, Stack size 0 bytes, ble_app_main.o(.text))
<BR><BR>[Stack]<UL><LI>Max Depth = 160 + Unknown Stack Size
<LI>Call Chain = on_ias_evt &rArr; alert_signal &rArr; alert_led_blink_stop &rArr; __2printf &rArr; _printf_char_file &rArr; _printf_char_common &rArr; __printf
</UL>
<BR>[Calls]<UL><LI><a href="#[92]">&gt;&gt;</a>&nbsp;&nbsp;&nbsp;alert_signal
</UL>
<BR>[Address Reference Count : 1]<UL><LI> ble_app_main.o(.text)
</UL>
<P><STRONG><a name="[93]"></a>ias_init</STRONG> (Thumb, 32 bytes, Stack size 8 bytes, ble_app_main.o(.text), UNUSED)
<BR><BR>[Calls]<UL><LI><a href="#[94]">&gt;&gt;</a>&nbsp;&nbsp;&nbsp;ble_ias_init
<LI><a href="#[66]">&gt;&gt;</a>&nbsp;&nbsp;&nbsp;__2printf
</UL>

<P><STRONG><a name="[2e]"></a>on_lls_evt</STRONG> (Thumb, 18 bytes, Stack size 0 bytes, ble_app_main.o(.text))
<BR><BR>[Stack]<UL><LI>Max Depth = 160 + Unknown Stack Size
<LI>Call Chain = on_lls_evt &rArr; alert_signal &rArr; alert_led_blink_stop &rArr; __2printf &rArr; _printf_char_file &rArr; _printf_char_common &rArr; __printf
</UL>
<BR>[Calls]<UL><LI><a href="#[92]">&gt;&gt;</a>&nbsp;&nbsp;&nbsp;alert_signal
</UL>
<BR>[Address Reference Count : 1]<UL><LI> ble_app_main.o(.text)
</UL>
<P><STRONG><a name="[95]"></a>lls_init</STRONG> (Thumb, 338 bytes, Stack size 24 bytes, ble_app_main.o(.text), UNUSED)
<BR><BR>[Calls]<UL><LI><a href="#[96]">&gt;&gt;</a>&nbsp;&nbsp;&nbsp;ble_lls_init
<LI><a href="#[66]">&gt;&gt;</a>&nbsp;&nbsp;&nbsp;__2printf
</UL>

<P><STRONG><a name="[30]"></a>on_bas_evt</STRONG> (Thumb, 66 bytes, Stack size 8 bytes, ble_app_main.o(.text))
<BR><BR>[Stack]<UL><LI>Max Depth = 144 + Unknown Stack Size
<LI>Call Chain = on_bas_evt &rArr; __2printf &rArr; _printf_char_file &rArr; _printf_char_common &rArr; __printf
</UL>
<BR>[Calls]<UL><LI><a href="#[83]">&gt;&gt;</a>&nbsp;&nbsp;&nbsp;app_timer_stop
<LI><a href="#[81]">&gt;&gt;</a>&nbsp;&nbsp;&nbsp;app_timer_start
<LI><a href="#[66]">&gt;&gt;</a>&nbsp;&nbsp;&nbsp;__2printf
</UL>
<BR>[Address Reference Count : 1]<UL><LI> ble_app_main.o(.text)
</UL>
<P><STRONG><a name="[97]"></a>bas_init</STRONG> (Thumb, 94 bytes, Stack size 24 bytes, ble_app_main.o(.text), UNUSED)
<BR><BR>[Calls]<UL><LI><a href="#[98]">&gt;&gt;</a>&nbsp;&nbsp;&nbsp;ble_bas_init
<LI><a href="#[66]">&gt;&gt;</a>&nbsp;&nbsp;&nbsp;__2printf
</UL>

<P><STRONG><a name="[31]"></a>on_ias_c_evt</STRONG> (Thumb, 38 bytes, Stack size 8 bytes, ble_app_main.o(.text))
<BR><BR>[Stack]<UL><LI>Max Depth = 176 + Unknown Stack Size
<LI>Call Chain = on_ias_c_evt &rArr; app_button_disable &rArr; app_gpiote_user_disable &rArr; __2printf &rArr; _printf_char_file &rArr; _printf_char_common &rArr; __printf
</UL>
<BR>[Calls]<UL><LI><a href="#[99]">&gt;&gt;</a>&nbsp;&nbsp;&nbsp;app_button_disable
<LI><a href="#[66]">&gt;&gt;</a>&nbsp;&nbsp;&nbsp;__2printf
</UL>
<BR>[Address Reference Count : 1]<UL><LI> ble_app_main.o(.text)
</UL>
<P><STRONG><a name="[9a]"></a>ias_client_init</STRONG> (Thumb, 48 bytes, Stack size 16 bytes, ble_app_main.o(.text), UNUSED)
<BR><BR>[Calls]<UL><LI><a href="#[9b]">&gt;&gt;</a>&nbsp;&nbsp;&nbsp;ble_ias_c_init
<LI><a href="#[66]">&gt;&gt;</a>&nbsp;&nbsp;&nbsp;__2printf
</UL>

<P><STRONG><a name="[32]"></a>nus_receive_data_handler</STRONG> (Thumb, 40 bytes, Stack size 16 bytes, ble_app_main.o(.text))
<BR><BR>[Stack]<UL><LI>Max Depth = 200 + Unknown Stack Size
<LI>Call Chain = nus_receive_data_handler &rArr; receive_handle &rArr; __2printf &rArr; _printf_char_file &rArr; _printf_char_common &rArr; __printf
</UL>
<BR>[Calls]<UL><LI><a href="#[9c]">&gt;&gt;</a>&nbsp;&nbsp;&nbsp;receive_handle
<LI><a href="#[66]">&gt;&gt;</a>&nbsp;&nbsp;&nbsp;__2printf
</UL>
<BR>[Address Reference Count : 1]<UL><LI> ble_app_main.o(.text)
</UL>
<P><STRONG><a name="[9d]"></a>nus_init</STRONG> (Thumb, 32 bytes, Stack size 8 bytes, ble_app_main.o(.text), UNUSED)
<BR><BR>[Calls]<UL><LI><a href="#[9e]">&gt;&gt;</a>&nbsp;&nbsp;&nbsp;ble_nus_init
<LI><a href="#[66]">&gt;&gt;</a>&nbsp;&nbsp;&nbsp;__2printf
</UL>

<P><STRONG><a name="[33]"></a>on_conn_params_evt</STRONG> (Thumb, 46 bytes, Stack size 8 bytes, ble_app_main.o(.text))
<BR><BR>[Stack]<UL><LI>Max Depth = 144 + Unknown Stack Size
<LI>Call Chain = on_conn_params_evt &rArr; __2printf &rArr; _printf_char_file &rArr; _printf_char_common &rArr; __printf
</UL>
<BR>[Calls]<UL><LI><a href="#[66]">&gt;&gt;</a>&nbsp;&nbsp;&nbsp;__2printf
</UL>
<BR>[Address Reference Count : 1]<UL><LI> ble_app_main.o(.text)
</UL>
<P><STRONG><a name="[6b]"></a>services_init</STRONG> (Thumb, 292 bytes, Stack size 40 bytes, ble_app_main.o(.text))
<BR><BR>[Stack]<UL><LI>Max Depth = 176 + Unknown Stack Size
<LI>Call Chain = services_init &rArr; __2printf &rArr; _printf_char_file &rArr; _printf_char_common &rArr; __printf
</UL>
<BR>[Calls]<UL><LI><a href="#[91]">&gt;&gt;</a>&nbsp;&nbsp;&nbsp;ble_tps_init
<LI><a href="#[9e]">&gt;&gt;</a>&nbsp;&nbsp;&nbsp;ble_nus_init
<LI><a href="#[96]">&gt;&gt;</a>&nbsp;&nbsp;&nbsp;ble_lls_init
<LI><a href="#[94]">&gt;&gt;</a>&nbsp;&nbsp;&nbsp;ble_ias_init
<LI><a href="#[9b]">&gt;&gt;</a>&nbsp;&nbsp;&nbsp;ble_ias_c_init
<LI><a href="#[98]">&gt;&gt;</a>&nbsp;&nbsp;&nbsp;ble_bas_init
<LI><a href="#[66]">&gt;&gt;</a>&nbsp;&nbsp;&nbsp;__2printf
</UL>
<BR>[Called By]<UL><LI><a href="#[55]">&gt;&gt;</a>&nbsp;&nbsp;&nbsp;main
</UL>

<P><STRONG><a name="[6d]"></a>sec_params_init</STRONG> (Thumb, 34 bytes, Stack size 0 bytes, ble_app_main.o(.text))
<BR><BR>[Called By]<UL><LI><a href="#[55]">&gt;&gt;</a>&nbsp;&nbsp;&nbsp;main
</UL>

<P><STRONG><a name="[34]"></a>conn_params_error_handler</STRONG> (Thumb, 18 bytes, Stack size 8 bytes, ble_app_main.o(.text))
<BR><BR>[Stack]<UL><LI>Max Depth = 144 + Unknown Stack Size
<LI>Call Chain = conn_params_error_handler &rArr; __2printf &rArr; _printf_char_file &rArr; _printf_char_common &rArr; __printf
</UL>
<BR>[Calls]<UL><LI><a href="#[66]">&gt;&gt;</a>&nbsp;&nbsp;&nbsp;__2printf
</UL>
<BR>[Address Reference Count : 1]<UL><LI> ble_app_main.o(.text)
</UL>
<P><STRONG><a name="[6c]"></a>conn_params_init</STRONG> (Thumb, 66 bytes, Stack size 32 bytes, ble_app_main.o(.text))
<BR><BR>[Stack]<UL><LI>Max Depth = 200 + Unknown Stack Size
<LI>Call Chain = conn_params_init &rArr; ble_conn_params_init &rArr; app_timer_create &rArr; __2printf &rArr; _printf_char_file &rArr; _printf_char_common &rArr; __printf
</UL>
<BR>[Calls]<UL><LI><a href="#[9f]">&gt;&gt;</a>&nbsp;&nbsp;&nbsp;ble_conn_params_init
<LI><a href="#[66]">&gt;&gt;</a>&nbsp;&nbsp;&nbsp;__2printf
</UL>
<BR>[Called By]<UL><LI><a href="#[55]">&gt;&gt;</a>&nbsp;&nbsp;&nbsp;main
</UL>

<P><STRONG><a name="[a0]"></a>on_ble_evt</STRONG> (Thumb, 458 bytes, Stack size 16 bytes, ble_app_main.o(.text))
<BR><BR>[Stack]<UL><LI>Max Depth = 352 + Unknown Stack Size
<LI>Call Chain = on_ble_evt &rArr; advertising_start &rArr; advertising_init &rArr; ble_advdata_set &rArr; adv_data_encode &rArr; uuid_list_encode
</UL>
<BR>[Calls]<UL><LI><a href="#[a1]">&gt;&gt;</a>&nbsp;&nbsp;&nbsp;ble_bondmngr_bonded_masters_store
<LI><a href="#[83]">&gt;&gt;</a>&nbsp;&nbsp;&nbsp;app_timer_stop
<LI><a href="#[85]">&gt;&gt;</a>&nbsp;&nbsp;&nbsp;alert_led_blink_stop
<LI><a href="#[6f]">&gt;&gt;</a>&nbsp;&nbsp;&nbsp;advertising_start
<LI><a href="#[a2]">&gt;&gt;</a>&nbsp;&nbsp;&nbsp;__aeabi_memcpy
<LI><a href="#[66]">&gt;&gt;</a>&nbsp;&nbsp;&nbsp;__2printf
</UL>
<BR>[Called By]<UL><LI><a href="#[35]">&gt;&gt;</a>&nbsp;&nbsp;&nbsp;ble_evt_dispatch
</UL>

<P><STRONG><a name="[35]"></a>ble_evt_dispatch</STRONG> (Thumb, 62 bytes, Stack size 8 bytes, ble_app_main.o(.text))
<BR><BR>[Stack]<UL><LI>Max Depth = 360 + Unknown Stack Size
<LI>Call Chain = ble_evt_dispatch &rArr; on_ble_evt &rArr; advertising_start &rArr; advertising_init &rArr; ble_advdata_set &rArr; adv_data_encode &rArr; uuid_list_encode
</UL>
<BR>[Calls]<UL><LI><a href="#[a9]">&gt;&gt;</a>&nbsp;&nbsp;&nbsp;ble_nus_on_ble_evt
<LI><a href="#[a6]">&gt;&gt;</a>&nbsp;&nbsp;&nbsp;ble_lls_on_ble_evt
<LI><a href="#[a5]">&gt;&gt;</a>&nbsp;&nbsp;&nbsp;ble_ias_on_ble_evt
<LI><a href="#[a8]">&gt;&gt;</a>&nbsp;&nbsp;&nbsp;ble_ias_c_on_ble_evt
<LI><a href="#[a4]">&gt;&gt;</a>&nbsp;&nbsp;&nbsp;ble_conn_params_on_ble_evt
<LI><a href="#[a3]">&gt;&gt;</a>&nbsp;&nbsp;&nbsp;ble_bondmngr_on_ble_evt
<LI><a href="#[a7]">&gt;&gt;</a>&nbsp;&nbsp;&nbsp;ble_bas_on_ble_evt
<LI><a href="#[a0]">&gt;&gt;</a>&nbsp;&nbsp;&nbsp;on_ble_evt
</UL>
<BR>[Address Reference Count : 1]<UL><LI> ble_app_main.o(.text)
</UL>
<P><STRONG><a name="[68]"></a>ble_stack_init</STRONG> (Thumb, 36 bytes, Stack size 8 bytes, ble_app_main.o(.text))
<BR><BR>[Stack]<UL><LI>Max Depth = 144 + Unknown Stack Size
<LI>Call Chain = ble_stack_init &rArr; __2printf &rArr; _printf_char_file &rArr; _printf_char_common &rArr; __printf
</UL>
<BR>[Calls]<UL><LI><a href="#[aa]">&gt;&gt;</a>&nbsp;&nbsp;&nbsp;ble_stack_handler_init
<LI><a href="#[66]">&gt;&gt;</a>&nbsp;&nbsp;&nbsp;__2printf
</UL>
<BR>[Called By]<UL><LI><a href="#[55]">&gt;&gt;</a>&nbsp;&nbsp;&nbsp;main
</UL>

<P><STRONG><a name="[36]"></a>bond_manager_error_handler</STRONG> (Thumb, 16 bytes, Stack size 8 bytes, ble_app_main.o(.text))
<BR><BR>[Stack]<UL><LI>Max Depth = 144 + Unknown Stack Size
<LI>Call Chain = bond_manager_error_handler &rArr; __2printf &rArr; _printf_char_file &rArr; _printf_char_common &rArr; __printf
</UL>
<BR>[Calls]<UL><LI><a href="#[66]">&gt;&gt;</a>&nbsp;&nbsp;&nbsp;__2printf
</UL>
<BR>[Address Reference Count : 1]<UL><LI> ble_app_main.o(.text)
</UL>
<P><STRONG><a name="[67]"></a>bond_manager_init</STRONG> (Thumb, 122 bytes, Stack size 32 bytes, ble_app_main.o(.text))
<BR><BR>[Stack]<UL><LI>Max Depth = 168 + Unknown Stack Size
<LI>Call Chain = bond_manager_init &rArr; __2printf &rArr; _printf_char_file &rArr; _printf_char_common &rArr; __printf
</UL>
<BR>[Calls]<UL><LI><a href="#[ac]">&gt;&gt;</a>&nbsp;&nbsp;&nbsp;ble_bondmngr_init
<LI><a href="#[ab]">&gt;&gt;</a>&nbsp;&nbsp;&nbsp;app_button_is_pushed
<LI><a href="#[7b]">&gt;&gt;</a>&nbsp;&nbsp;&nbsp;__aeabi_uidivmod
<LI><a href="#[66]">&gt;&gt;</a>&nbsp;&nbsp;&nbsp;__2printf
</UL>
<BR>[Called By]<UL><LI><a href="#[55]">&gt;&gt;</a>&nbsp;&nbsp;&nbsp;main
</UL>

<P><STRONG><a name="[6e]"></a>radio_notification_init</STRONG> (Thumb, 30 bytes, Stack size 8 bytes, ble_app_main.o(.text))
<BR><BR>[Stack]<UL><LI>Max Depth = 144 + Unknown Stack Size
<LI>Call Chain = radio_notification_init &rArr; __2printf &rArr; _printf_char_file &rArr; _printf_char_common &rArr; __printf
</UL>
<BR>[Calls]<UL><LI><a href="#[ad]">&gt;&gt;</a>&nbsp;&nbsp;&nbsp;ble_radio_notification_init
<LI><a href="#[66]">&gt;&gt;</a>&nbsp;&nbsp;&nbsp;__2printf
</UL>
<BR>[Called By]<UL><LI><a href="#[55]">&gt;&gt;</a>&nbsp;&nbsp;&nbsp;main
</UL>

<P><STRONG><a name="[3f]"></a>button_event_handler</STRONG> (Thumb, 178 bytes, Stack size 16 bytes, ble_app_main.o(.text))
<BR><BR>[Stack]<UL><LI>Max Depth = 352 + Unknown Stack Size
<LI>Call Chain = button_event_handler &rArr; advertising_start &rArr; advertising_init &rArr; ble_advdata_set &rArr; adv_data_encode &rArr; uuid_list_encode
</UL>
<BR>[Calls]<UL><LI><a href="#[ae]">&gt;&gt;</a>&nbsp;&nbsp;&nbsp;ble_ias_c_send_alert_level
<LI><a href="#[81]">&gt;&gt;</a>&nbsp;&nbsp;&nbsp;app_timer_start
<LI><a href="#[85]">&gt;&gt;</a>&nbsp;&nbsp;&nbsp;alert_led_blink_stop
<LI><a href="#[6f]">&gt;&gt;</a>&nbsp;&nbsp;&nbsp;advertising_start
<LI><a href="#[74]">&gt;&gt;</a>&nbsp;&nbsp;&nbsp;OLED_POWER_CONTROL
<LI><a href="#[66]">&gt;&gt;</a>&nbsp;&nbsp;&nbsp;__2printf
</UL>
<BR>[Address Reference Count : 1]<UL><LI> ble_app_main.o(.data)
</UL>
<P><STRONG><a name="[62]"></a>gpiote_init</STRONG> (Thumb, 28 bytes, Stack size 8 bytes, ble_app_main.o(.text))
<BR><BR>[Stack]<UL><LI>Max Depth = 144 + Unknown Stack Size
<LI>Call Chain = gpiote_init &rArr; __2printf &rArr; _printf_char_file &rArr; _printf_char_common &rArr; __printf
</UL>
<BR>[Calls]<UL><LI><a href="#[af]">&gt;&gt;</a>&nbsp;&nbsp;&nbsp;app_gpiote_init
<LI><a href="#[66]">&gt;&gt;</a>&nbsp;&nbsp;&nbsp;__2printf
</UL>
<BR>[Called By]<UL><LI><a href="#[55]">&gt;&gt;</a>&nbsp;&nbsp;&nbsp;main
</UL>

<P><STRONG><a name="[63]"></a>buttons_init</STRONG> (Thumb, 32 bytes, Stack size 8 bytes, ble_app_main.o(.text))
<BR><BR>[Stack]<UL><LI>Max Depth = 184 + Unknown Stack Size
<LI>Call Chain = buttons_init &rArr; app_button_init &rArr; app_timer_create &rArr; __2printf &rArr; _printf_char_file &rArr; _printf_char_common &rArr; __printf
</UL>
<BR>[Calls]<UL><LI><a href="#[b0]">&gt;&gt;</a>&nbsp;&nbsp;&nbsp;app_button_init
<LI><a href="#[66]">&gt;&gt;</a>&nbsp;&nbsp;&nbsp;__2printf
</UL>
<BR>[Called By]<UL><LI><a href="#[55]">&gt;&gt;</a>&nbsp;&nbsp;&nbsp;main
</UL>

<P><STRONG><a name="[78]"></a>power_manage</STRONG> (Thumb, 24 bytes, Stack size 8 bytes, ble_app_main.o(.text))
<BR><BR>[Stack]<UL><LI>Max Depth = 144 + Unknown Stack Size
<LI>Call Chain = power_manage &rArr; __2printf &rArr; _printf_char_file &rArr; _printf_char_common &rArr; __printf
</UL>
<BR>[Calls]<UL><LI><a href="#[66]">&gt;&gt;</a>&nbsp;&nbsp;&nbsp;__2printf
</UL>
<BR>[Called By]<UL><LI><a href="#[55]">&gt;&gt;</a>&nbsp;&nbsp;&nbsp;main
</UL>

<P><STRONG><a name="[5f]"></a>uart_init</STRONG> (Thumb, 48 bytes, Stack size 8 bytes, ble_app_main.o(.text))
<BR><BR>[Stack]<UL><LI>Max Depth = 24<LI>Call Chain = uart_init &rArr; simple_uart_config
</UL>
<BR>[Calls]<UL><LI><a href="#[b1]">&gt;&gt;</a>&nbsp;&nbsp;&nbsp;simple_uart_config
</UL>
<BR>[Called By]<UL><LI><a href="#[55]">&gt;&gt;</a>&nbsp;&nbsp;&nbsp;main
</UL>

<P><STRONG><a name="[e]"></a>UART0_IRQHandler</STRONG> (Thumb, 62 bytes, Stack size 8 bytes, ble_app_main.o(.text))
<BR><BR>[Stack]<UL><LI>Max Depth = 144 + Unknown Stack Size
<LI>Call Chain = UART0_IRQHandler &rArr; __2printf &rArr; _printf_char_file &rArr; _printf_char_common &rArr; __printf
</UL>
<BR>[Calls]<UL><LI><a href="#[b2]">&gt;&gt;</a>&nbsp;&nbsp;&nbsp;simple_uart_get
<LI><a href="#[b3]">&gt;&gt;</a>&nbsp;&nbsp;&nbsp;ble_nus_send_string
<LI><a href="#[66]">&gt;&gt;</a>&nbsp;&nbsp;&nbsp;__2printf
</UL>
<BR>[Address Reference Count : 1]<UL><LI> arm_startup_nrf51.o(RESET)
</UL>
<P><STRONG><a name="[76]"></a>updata_by_min</STRONG> (Thumb, 54 bytes, Stack size 16 bytes, ble_app_main.o(.text))
<BR><BR>[Stack]<UL><LI>Max Depth = 352 + Unknown Stack Size
<LI>Call Chain = updata_by_min &rArr; advertising_start &rArr; advertising_init &rArr; ble_advdata_set &rArr; adv_data_encode &rArr; uuid_list_encode
</UL>
<BR>[Calls]<UL><LI><a href="#[b4]">&gt;&gt;</a>&nbsp;&nbsp;&nbsp;wdt_feed
<LI><a href="#[6f]">&gt;&gt;</a>&nbsp;&nbsp;&nbsp;advertising_start
</UL>
<BR>[Called By]<UL><LI><a href="#[55]">&gt;&gt;</a>&nbsp;&nbsp;&nbsp;main
</UL>

<P><STRONG><a name="[77]"></a>updata_by_hour</STRONG> (Thumb, 16 bytes, Stack size 0 bytes, ble_app_main.o(.text))
<BR><BR>[Called By]<UL><LI><a href="#[55]">&gt;&gt;</a>&nbsp;&nbsp;&nbsp;main
</UL>

<P><STRONG><a name="[71]"></a>my_timer_init</STRONG> (Thumb, 60 bytes, Stack size 8 bytes, ble_app_main.o(.text))
<BR><BR>[Stack]<UL><LI>Max Depth = 144 + Unknown Stack Size
<LI>Call Chain = my_timer_init &rArr; __2printf &rArr; _printf_char_file &rArr; _printf_char_common &rArr; __printf
</UL>
<BR>[Calls]<UL><LI><a href="#[81]">&gt;&gt;</a>&nbsp;&nbsp;&nbsp;app_timer_start
<LI><a href="#[66]">&gt;&gt;</a>&nbsp;&nbsp;&nbsp;__2printf
</UL>
<BR>[Called By]<UL><LI><a href="#[55]">&gt;&gt;</a>&nbsp;&nbsp;&nbsp;main
</UL>

<P><STRONG><a name="[8d]"></a>send_temp_rh_data</STRONG> (Thumb, 70 bytes, Stack size 16 bytes, communication_procotol.o(.text))
<BR><BR>[Stack]<UL><LI>Max Depth = 48<LI>Call Chain = send_temp_rh_data &rArr; ble_nus_send_string
</UL>
<BR>[Calls]<UL><LI><a href="#[b3]">&gt;&gt;</a>&nbsp;&nbsp;&nbsp;ble_nus_send_string
<LI><a href="#[7b]">&gt;&gt;</a>&nbsp;&nbsp;&nbsp;__aeabi_uidivmod
<LI><a href="#[b6]">&gt;&gt;</a>&nbsp;&nbsp;&nbsp;__aeabi_fmul
<LI><a href="#[b5]">&gt;&gt;</a>&nbsp;&nbsp;&nbsp;__aeabi_f2uiz
</UL>
<BR>[Called By]<UL><LI><a href="#[2a]">&gt;&gt;</a>&nbsp;&nbsp;&nbsp;rtc_timer_timeout_handler
</UL>

<P><STRONG><a name="[8a]"></a>send_cry_signal</STRONG> (Thumb, 28 bytes, Stack size 8 bytes, communication_procotol.o(.text))
<BR><BR>[Stack]<UL><LI>Max Depth = 40<LI>Call Chain = send_cry_signal &rArr; ble_nus_send_string
</UL>
<BR>[Calls]<UL><LI><a href="#[b3]">&gt;&gt;</a>&nbsp;&nbsp;&nbsp;ble_nus_send_string
</UL>
<BR>[Called By]<UL><LI><a href="#[2a]">&gt;&gt;</a>&nbsp;&nbsp;&nbsp;rtc_timer_timeout_handler
</UL>

<P><STRONG><a name="[9c]"></a>receive_handle</STRONG> (Thumb, 292 bytes, Stack size 48 bytes, communication_procotol.o(.text))
<BR><BR>[Stack]<UL><LI>Max Depth = 184 + Unknown Stack Size
<LI>Call Chain = receive_handle &rArr; __2printf &rArr; _printf_char_file &rArr; _printf_char_common &rArr; __printf
</UL>
<BR>[Calls]<UL><LI><a href="#[b7]">&gt;&gt;</a>&nbsp;&nbsp;&nbsp;OLED_ShowNum
<LI><a href="#[b8]">&gt;&gt;</a>&nbsp;&nbsp;&nbsp;OLED_Refresh_Gram
<LI><a href="#[66]">&gt;&gt;</a>&nbsp;&nbsp;&nbsp;__2printf
</UL>
<BR>[Called By]<UL><LI><a href="#[32]">&gt;&gt;</a>&nbsp;&nbsp;&nbsp;nus_receive_data_handler
</UL>

<P><STRONG><a name="[a9]"></a>ble_nus_on_ble_evt</STRONG> (Thumb, 88 bytes, Stack size 0 bytes, ble_nus.o(.text))
<BR><BR>[Called By]<UL><LI><a href="#[35]">&gt;&gt;</a>&nbsp;&nbsp;&nbsp;ble_evt_dispatch
</UL>

<P><STRONG><a name="[9e]"></a>ble_nus_init</STRONG> (Thumb, 352 bytes, Stack size 104 bytes, ble_nus.o(.text))
<BR><BR>[Stack]<UL><LI>Max Depth = 104<LI>Call Chain = ble_nus_init
</UL>
<BR>[Called By]<UL><LI><a href="#[9d]">&gt;&gt;</a>&nbsp;&nbsp;&nbsp;nus_init
<LI><a href="#[6b]">&gt;&gt;</a>&nbsp;&nbsp;&nbsp;services_init
</UL>

<P><STRONG><a name="[b3]"></a>ble_nus_send_string</STRONG> (Thumb, 84 bytes, Stack size 32 bytes, ble_nus.o(.text))
<BR><BR>[Stack]<UL><LI>Max Depth = 32<LI>Call Chain = ble_nus_send_string
</UL>
<BR>[Called By]<UL><LI><a href="#[8d]">&gt;&gt;</a>&nbsp;&nbsp;&nbsp;send_temp_rh_data
<LI><a href="#[8a]">&gt;&gt;</a>&nbsp;&nbsp;&nbsp;send_cry_signal
<LI><a href="#[e]">&gt;&gt;</a>&nbsp;&nbsp;&nbsp;UART0_IRQHandler
</UL>

<P><STRONG><a name="[a7]"></a>ble_bas_on_ble_evt</STRONG> (Thumb, 86 bytes, Stack size 8 bytes, ble_bas.o(.text))
<BR><BR>[Stack]<UL><LI>Max Depth = 8<LI>Call Chain = ble_bas_on_ble_evt
</UL>
<BR>[Called By]<UL><LI><a href="#[35]">&gt;&gt;</a>&nbsp;&nbsp;&nbsp;ble_evt_dispatch
</UL>

<P><STRONG><a name="[98]"></a>ble_bas_init</STRONG> (Thumb, 330 bytes, Stack size 96 bytes, ble_bas.o(.text))
<BR><BR>[Stack]<UL><LI>Max Depth = 96<LI>Call Chain = ble_bas_init
</UL>
<BR>[Calls]<UL><LI><a href="#[b9]">&gt;&gt;</a>&nbsp;&nbsp;&nbsp;ble_srv_report_ref_encode
</UL>
<BR>[Called By]<UL><LI><a href="#[97]">&gt;&gt;</a>&nbsp;&nbsp;&nbsp;bas_init
<LI><a href="#[6b]">&gt;&gt;</a>&nbsp;&nbsp;&nbsp;services_init
</UL>

<P><STRONG><a name="[7d]"></a>ble_bas_battery_level_update</STRONG> (Thumb, 102 bytes, Stack size 40 bytes, ble_bas.o(.text))
<BR><BR>[Stack]<UL><LI>Max Depth = 40<LI>Call Chain = ble_bas_battery_level_update
</UL>
<BR>[Called By]<UL><LI><a href="#[12]">&gt;&gt;</a>&nbsp;&nbsp;&nbsp;ADC_IRQHandler
</UL>

<P><STRONG><a name="[a5]"></a>ble_ias_on_ble_evt</STRONG> (Thumb, 48 bytes, Stack size 16 bytes, ble_ias.o(.text))
<BR><BR>[Stack]<UL><LI>Max Depth = 16<LI>Call Chain = ble_ias_on_ble_evt
</UL>
<BR>[Called By]<UL><LI><a href="#[35]">&gt;&gt;</a>&nbsp;&nbsp;&nbsp;ble_evt_dispatch
</UL>

<P><STRONG><a name="[94]"></a>ble_ias_init</STRONG> (Thumb, 164 bytes, Stack size 80 bytes, ble_ias.o(.text))
<BR><BR>[Stack]<UL><LI>Max Depth = 80<LI>Call Chain = ble_ias_init
</UL>
<BR>[Called By]<UL><LI><a href="#[93]">&gt;&gt;</a>&nbsp;&nbsp;&nbsp;ias_init
<LI><a href="#[6b]">&gt;&gt;</a>&nbsp;&nbsp;&nbsp;services_init
</UL>

<P><STRONG><a name="[14a]"></a>ble_ias_alert_level_get</STRONG> (Thumb, 22 bytes, Stack size 8 bytes, ble_ias.o(.text), UNUSED)

<P><STRONG><a name="[9b]"></a>ble_ias_c_init</STRONG> (Thumb, 40 bytes, Stack size 0 bytes, ble_ias_c.o(.text))
<BR><BR>[Called By]<UL><LI><a href="#[9a]">&gt;&gt;</a>&nbsp;&nbsp;&nbsp;ias_client_init
<LI><a href="#[6b]">&gt;&gt;</a>&nbsp;&nbsp;&nbsp;services_init
</UL>

<P><STRONG><a name="[a8]"></a>ble_ias_c_on_ble_evt</STRONG> (Thumb, 202 bytes, Stack size 24 bytes, ble_ias_c.o(.text))
<BR><BR>[Stack]<UL><LI>Max Depth = 24<LI>Call Chain = ble_ias_c_on_ble_evt
</UL>
<BR>[Called By]<UL><LI><a href="#[35]">&gt;&gt;</a>&nbsp;&nbsp;&nbsp;ble_evt_dispatch
</UL>

<P><STRONG><a name="[ae]"></a>ble_ias_c_send_alert_level</STRONG> (Thumb, 54 bytes, Stack size 24 bytes, ble_ias_c.o(.text))
<BR><BR>[Stack]<UL><LI>Max Depth = 24<LI>Call Chain = ble_ias_c_send_alert_level
</UL>
<BR>[Called By]<UL><LI><a href="#[3f]">&gt;&gt;</a>&nbsp;&nbsp;&nbsp;button_event_handler
</UL>

<P><STRONG><a name="[14b]"></a>ble_lls_alert_level_get</STRONG> (Thumb, 22 bytes, Stack size 8 bytes, ble_lls.o(.text), UNUSED)

<P><STRONG><a name="[a6]"></a>ble_lls_on_ble_evt</STRONG> (Thumb, 108 bytes, Stack size 24 bytes, ble_lls.o(.text))
<BR><BR>[Stack]<UL><LI>Max Depth = 24<LI>Call Chain = ble_lls_on_ble_evt
</UL>
<BR>[Called By]<UL><LI><a href="#[35]">&gt;&gt;</a>&nbsp;&nbsp;&nbsp;ble_evt_dispatch
</UL>

<P><STRONG><a name="[96]"></a>ble_lls_init</STRONG> (Thumb, 170 bytes, Stack size 88 bytes, ble_lls.o(.text))
<BR><BR>[Stack]<UL><LI>Max Depth = 88<LI>Call Chain = ble_lls_init
</UL>
<BR>[Called By]<UL><LI><a href="#[95]">&gt;&gt;</a>&nbsp;&nbsp;&nbsp;lls_init
<LI><a href="#[6b]">&gt;&gt;</a>&nbsp;&nbsp;&nbsp;services_init
</UL>

<P><STRONG><a name="[91]"></a>ble_tps_init</STRONG> (Thumb, 126 bytes, Stack size 88 bytes, ble_tps.o(.text))
<BR><BR>[Stack]<UL><LI>Max Depth = 88<LI>Call Chain = ble_tps_init
</UL>
<BR>[Called By]<UL><LI><a href="#[90]">&gt;&gt;</a>&nbsp;&nbsp;&nbsp;tps_init
<LI><a href="#[6b]">&gt;&gt;</a>&nbsp;&nbsp;&nbsp;services_init
</UL>

<P><STRONG><a name="[14c]"></a>ble_tps_tx_power_level_set</STRONG> (Thumb, 22 bytes, Stack size 16 bytes, ble_tps.o(.text), UNUSED)

<P><STRONG><a name="[14d]"></a>HTU21D_Check_CRC</STRONG> (Thumb, 46 bytes, Stack size 16 bytes, htu21d.o(.text), UNUSED)

<P><STRONG><a name="[ba]"></a>Read_RH</STRONG> (Thumb, 118 bytes, Stack size 24 bytes, htu21d.o(.text), UNUSED)
<BR><BR>[Calls]<UL><LI><a href="#[bd]">&gt;&gt;</a>&nbsp;&nbsp;&nbsp;twi_master_wait_while_scl_low
<LI><a href="#[bf]">&gt;&gt;</a>&nbsp;&nbsp;&nbsp;twi_master_issue_stopcondition
<LI><a href="#[bb]">&gt;&gt;</a>&nbsp;&nbsp;&nbsp;twi_master_issue_startcondition
<LI><a href="#[be]">&gt;&gt;</a>&nbsp;&nbsp;&nbsp;twi_master_clock_byte_in
<LI><a href="#[bc]">&gt;&gt;</a>&nbsp;&nbsp;&nbsp;twi_master_clock_byte
<LI><a href="#[c0]">&gt;&gt;</a>&nbsp;&nbsp;&nbsp;__aeabi_i2f
</UL>

<P><STRONG><a name="[c1]"></a>Read_Temperature</STRONG> (Thumb, 138 bytes, Stack size 24 bytes, htu21d.o(.text))
<BR><BR>[Stack]<UL><LI>Max Depth = 80<LI>Call Chain = Read_Temperature &rArr; twi_master_clock_byte_in &rArr; twi_master_wait_while_scl_low
</UL>
<BR>[Calls]<UL><LI><a href="#[bd]">&gt;&gt;</a>&nbsp;&nbsp;&nbsp;twi_master_wait_while_scl_low
<LI><a href="#[bf]">&gt;&gt;</a>&nbsp;&nbsp;&nbsp;twi_master_issue_stopcondition
<LI><a href="#[bb]">&gt;&gt;</a>&nbsp;&nbsp;&nbsp;twi_master_issue_startcondition
<LI><a href="#[be]">&gt;&gt;</a>&nbsp;&nbsp;&nbsp;twi_master_clock_byte_in
<LI><a href="#[bc]">&gt;&gt;</a>&nbsp;&nbsp;&nbsp;twi_master_clock_byte
<LI><a href="#[c4]">&gt;&gt;</a>&nbsp;&nbsp;&nbsp;__ARM_scalbn
<LI><a href="#[c3]">&gt;&gt;</a>&nbsp;&nbsp;&nbsp;__aeabi_dmul
<LI><a href="#[c2]">&gt;&gt;</a>&nbsp;&nbsp;&nbsp;__aeabi_ui2d
<LI><a href="#[c5]">&gt;&gt;</a>&nbsp;&nbsp;&nbsp;__aeabi_dadd
<LI><a href="#[c6]">&gt;&gt;</a>&nbsp;&nbsp;&nbsp;__aeabi_d2f
</UL>
<BR>[Called By]<UL><LI><a href="#[8b]">&gt;&gt;</a>&nbsp;&nbsp;&nbsp;Updata_HTU
<LI><a href="#[70]">&gt;&gt;</a>&nbsp;&nbsp;&nbsp;HTU21D_Init
</UL>

<P><STRONG><a name="[8b]"></a>Updata_HTU</STRONG> (Thumb, 156 bytes, Stack size 32 bytes, htu21d.o(.text))
<BR><BR>[Stack]<UL><LI>Max Depth = 112<LI>Call Chain = Updata_HTU &rArr; Read_Temperature &rArr; twi_master_clock_byte_in &rArr; twi_master_wait_while_scl_low
</UL>
<BR>[Calls]<UL><LI><a href="#[bd]">&gt;&gt;</a>&nbsp;&nbsp;&nbsp;twi_master_wait_while_scl_low
<LI><a href="#[bf]">&gt;&gt;</a>&nbsp;&nbsp;&nbsp;twi_master_issue_stopcondition
<LI><a href="#[bb]">&gt;&gt;</a>&nbsp;&nbsp;&nbsp;twi_master_issue_startcondition
<LI><a href="#[be]">&gt;&gt;</a>&nbsp;&nbsp;&nbsp;twi_master_clock_byte_in
<LI><a href="#[bc]">&gt;&gt;</a>&nbsp;&nbsp;&nbsp;twi_master_clock_byte
<LI><a href="#[c1]">&gt;&gt;</a>&nbsp;&nbsp;&nbsp;Read_Temperature
<LI><a href="#[c0]">&gt;&gt;</a>&nbsp;&nbsp;&nbsp;__aeabi_i2f
</UL>
<BR>[Called By]<UL><LI><a href="#[2a]">&gt;&gt;</a>&nbsp;&nbsp;&nbsp;rtc_timer_timeout_handler
</UL>

<P><STRONG><a name="[c7]"></a>Write_User_Register</STRONG> (Thumb, 22 bytes, Stack size 8 bytes, htu21d.o(.text), UNUSED)
<BR><BR>[Calls]<UL><LI><a href="#[c8]">&gt;&gt;</a>&nbsp;&nbsp;&nbsp;twi_master_transfer
</UL>

<P><STRONG><a name="[c9]"></a>Read_User_Register</STRONG> (Thumb, 38 bytes, Stack size 8 bytes, htu21d.o(.text), UNUSED)
<BR><BR>[Calls]<UL><LI><a href="#[c8]">&gt;&gt;</a>&nbsp;&nbsp;&nbsp;twi_master_transfer
</UL>

<P><STRONG><a name="[ca]"></a>Soft_Reset</STRONG> (Thumb, 20 bytes, Stack size 8 bytes, htu21d.o(.text), UNUSED)
<BR><BR>[Calls]<UL><LI><a href="#[c8]">&gt;&gt;</a>&nbsp;&nbsp;&nbsp;twi_master_transfer
</UL>

<P><STRONG><a name="[70]"></a>HTU21D_Init</STRONG> (Thumb, 224 bytes, Stack size 32 bytes, htu21d.o(.text))
<BR><BR>[Stack]<UL><LI>Max Depth = 136<LI>Call Chain = HTU21D_Init &rArr; twi_master_transfer &rArr; twi_master_clock_byte &rArr; twi_master_wait_while_scl_low
</UL>
<BR>[Calls]<UL><LI><a href="#[75]">&gt;&gt;</a>&nbsp;&nbsp;&nbsp;nrf_delay_ms
<LI><a href="#[bd]">&gt;&gt;</a>&nbsp;&nbsp;&nbsp;twi_master_wait_while_scl_low
<LI><a href="#[c8]">&gt;&gt;</a>&nbsp;&nbsp;&nbsp;twi_master_transfer
<LI><a href="#[bf]">&gt;&gt;</a>&nbsp;&nbsp;&nbsp;twi_master_issue_stopcondition
<LI><a href="#[bb]">&gt;&gt;</a>&nbsp;&nbsp;&nbsp;twi_master_issue_startcondition
<LI><a href="#[cb]">&gt;&gt;</a>&nbsp;&nbsp;&nbsp;twi_master_init
<LI><a href="#[be]">&gt;&gt;</a>&nbsp;&nbsp;&nbsp;twi_master_clock_byte_in
<LI><a href="#[bc]">&gt;&gt;</a>&nbsp;&nbsp;&nbsp;twi_master_clock_byte
<LI><a href="#[c1]">&gt;&gt;</a>&nbsp;&nbsp;&nbsp;Read_Temperature
<LI><a href="#[c0]">&gt;&gt;</a>&nbsp;&nbsp;&nbsp;__aeabi_i2f
</UL>
<BR>[Called By]<UL><LI><a href="#[55]">&gt;&gt;</a>&nbsp;&nbsp;&nbsp;main
</UL>

<P><STRONG><a name="[cc]"></a>OLED_WR_Byte</STRONG> (Thumb, 64 bytes, Stack size 16 bytes, oled.o(.text))
<BR><BR>[Stack]<UL><LI>Max Depth = 16<LI>Call Chain = OLED_WR_Byte
</UL>
<BR>[Called By]<UL><LI><a href="#[b8]">&gt;&gt;</a>&nbsp;&nbsp;&nbsp;OLED_Refresh_Gram
<LI><a href="#[74]">&gt;&gt;</a>&nbsp;&nbsp;&nbsp;OLED_POWER_CONTROL
<LI><a href="#[d7]">&gt;&gt;</a>&nbsp;&nbsp;&nbsp;OLED_Init
<LI><a href="#[d4]">&gt;&gt;</a>&nbsp;&nbsp;&nbsp;OLED_ShowString
<LI><a href="#[d1]">&gt;&gt;</a>&nbsp;&nbsp;&nbsp;OLED_Fill
<LI><a href="#[cf]">&gt;&gt;</a>&nbsp;&nbsp;&nbsp;OLED_Clear
<LI><a href="#[ce]">&gt;&gt;</a>&nbsp;&nbsp;&nbsp;OLED_Display_Off
<LI><a href="#[cd]">&gt;&gt;</a>&nbsp;&nbsp;&nbsp;OLED_Display_On
</UL>

<P><STRONG><a name="[b8]"></a>OLED_Refresh_Gram</STRONG> (Thumb, 66 bytes, Stack size 16 bytes, oled.o(.text))
<BR><BR>[Stack]<UL><LI>Max Depth = 32<LI>Call Chain = OLED_Refresh_Gram &rArr; OLED_WR_Byte
</UL>
<BR>[Calls]<UL><LI><a href="#[cc]">&gt;&gt;</a>&nbsp;&nbsp;&nbsp;OLED_WR_Byte
</UL>
<BR>[Called By]<UL><LI><a href="#[9c]">&gt;&gt;</a>&nbsp;&nbsp;&nbsp;receive_handle
</UL>

<P><STRONG><a name="[cd]"></a>OLED_Display_On</STRONG> (Thumb, 28 bytes, Stack size 4 bytes, oled.o(.text), UNUSED)
<BR><BR>[Calls]<UL><LI><a href="#[cc]">&gt;&gt;</a>&nbsp;&nbsp;&nbsp;OLED_WR_Byte
</UL>

<P><STRONG><a name="[ce]"></a>OLED_Display_Off</STRONG> (Thumb, 28 bytes, Stack size 4 bytes, oled.o(.text), UNUSED)
<BR><BR>[Calls]<UL><LI><a href="#[cc]">&gt;&gt;</a>&nbsp;&nbsp;&nbsp;OLED_WR_Byte
</UL>

<P><STRONG><a name="[cf]"></a>OLED_Clear</STRONG> (Thumb, 84 bytes, Stack size 16 bytes, oled.o(.text))
<BR><BR>[Stack]<UL><LI>Max Depth = 32<LI>Call Chain = OLED_Clear &rArr; OLED_WR_Byte
</UL>
<BR>[Calls]<UL><LI><a href="#[d0]">&gt;&gt;</a>&nbsp;&nbsp;&nbsp;__ARM_common_memclr1_8
<LI><a href="#[cc]">&gt;&gt;</a>&nbsp;&nbsp;&nbsp;OLED_WR_Byte
</UL>
<BR>[Called By]<UL><LI><a href="#[74]">&gt;&gt;</a>&nbsp;&nbsp;&nbsp;OLED_POWER_CONTROL
<LI><a href="#[d7]">&gt;&gt;</a>&nbsp;&nbsp;&nbsp;OLED_Init
</UL>

<P><STRONG><a name="[d2]"></a>OLED_DrawPoint</STRONG> (Thumb, 54 bytes, Stack size 4 bytes, oled.o(.text))
<BR><BR>[Stack]<UL><LI>Max Depth = 4<LI>Call Chain = OLED_DrawPoint
</UL>
<BR>[Called By]<UL><LI><a href="#[74]">&gt;&gt;</a>&nbsp;&nbsp;&nbsp;OLED_POWER_CONTROL
<LI><a href="#[d6]">&gt;&gt;</a>&nbsp;&nbsp;&nbsp;OLED_ShowTempUint
<LI><a href="#[d5]">&gt;&gt;</a>&nbsp;&nbsp;&nbsp;OLED_ShowBatteryLevel
<LI><a href="#[d3]">&gt;&gt;</a>&nbsp;&nbsp;&nbsp;OLED_ShowChar
<LI><a href="#[d1]">&gt;&gt;</a>&nbsp;&nbsp;&nbsp;OLED_Fill
</UL>

<P><STRONG><a name="[d1]"></a>OLED_Fill</STRONG> (Thumb, 110 bytes, Stack size 20 bytes, oled.o(.text), UNUSED)
<BR><BR>[Calls]<UL><LI><a href="#[d2]">&gt;&gt;</a>&nbsp;&nbsp;&nbsp;OLED_DrawPoint
<LI><a href="#[cc]">&gt;&gt;</a>&nbsp;&nbsp;&nbsp;OLED_WR_Byte
</UL>

<P><STRONG><a name="[d3]"></a>OLED_ShowChar</STRONG> (Thumb, 140 bytes, Stack size 48 bytes, oled.o(.text))
<BR><BR>[Stack]<UL><LI>Max Depth = 52<LI>Call Chain = OLED_ShowChar &rArr; OLED_DrawPoint
</UL>
<BR>[Calls]<UL><LI><a href="#[d2]">&gt;&gt;</a>&nbsp;&nbsp;&nbsp;OLED_DrawPoint
</UL>
<BR>[Called By]<UL><LI><a href="#[b7]">&gt;&gt;</a>&nbsp;&nbsp;&nbsp;OLED_ShowNum
<LI><a href="#[d4]">&gt;&gt;</a>&nbsp;&nbsp;&nbsp;OLED_ShowString
</UL>

<P><STRONG><a name="[14e]"></a>mypow</STRONG> (Thumb, 42 bytes, Stack size 4 bytes, oled.o(.text), UNUSED)

<P><STRONG><a name="[b7]"></a>OLED_ShowNum</STRONG> (Thumb, 160 bytes, Stack size 48 bytes, oled.o(.text))
<BR><BR>[Stack]<UL><LI>Max Depth = 100<LI>Call Chain = OLED_ShowNum &rArr; OLED_ShowChar &rArr; OLED_DrawPoint
</UL>
<BR>[Calls]<UL><LI><a href="#[7b]">&gt;&gt;</a>&nbsp;&nbsp;&nbsp;__aeabi_uidivmod
<LI><a href="#[d3]">&gt;&gt;</a>&nbsp;&nbsp;&nbsp;OLED_ShowChar
</UL>
<BR>[Called By]<UL><LI><a href="#[9c]">&gt;&gt;</a>&nbsp;&nbsp;&nbsp;receive_handle
<LI><a href="#[74]">&gt;&gt;</a>&nbsp;&nbsp;&nbsp;OLED_POWER_CONTROL
</UL>

<P><STRONG><a name="[d4]"></a>OLED_ShowString</STRONG> (Thumb, 160 bytes, Stack size 40 bytes, oled.o(.text))
<BR><BR>[Stack]<UL><LI>Max Depth = 92<LI>Call Chain = OLED_ShowString &rArr; OLED_ShowChar &rArr; OLED_DrawPoint
</UL>
<BR>[Calls]<UL><LI><a href="#[d0]">&gt;&gt;</a>&nbsp;&nbsp;&nbsp;__ARM_common_memclr1_8
<LI><a href="#[d3]">&gt;&gt;</a>&nbsp;&nbsp;&nbsp;OLED_ShowChar
<LI><a href="#[cc]">&gt;&gt;</a>&nbsp;&nbsp;&nbsp;OLED_WR_Byte
</UL>
<BR>[Called By]<UL><LI><a href="#[74]">&gt;&gt;</a>&nbsp;&nbsp;&nbsp;OLED_POWER_CONTROL
</UL>

<P><STRONG><a name="[d5]"></a>OLED_ShowBatteryLevel</STRONG> (Thumb, 140 bytes, Stack size 40 bytes, oled.o(.text), UNUSED)
<BR><BR>[Calls]<UL><LI><a href="#[7b]">&gt;&gt;</a>&nbsp;&nbsp;&nbsp;__aeabi_uidivmod
<LI><a href="#[d2]">&gt;&gt;</a>&nbsp;&nbsp;&nbsp;OLED_DrawPoint
</UL>

<P><STRONG><a name="[d6]"></a>OLED_ShowTempUint</STRONG> (Thumb, 194 bytes, Stack size 32 bytes, oled.o(.text))
<BR><BR>[Stack]<UL><LI>Max Depth = 36<LI>Call Chain = OLED_ShowTempUint &rArr; OLED_DrawPoint
</UL>
<BR>[Calls]<UL><LI><a href="#[d2]">&gt;&gt;</a>&nbsp;&nbsp;&nbsp;OLED_DrawPoint
</UL>
<BR>[Called By]<UL><LI><a href="#[74]">&gt;&gt;</a>&nbsp;&nbsp;&nbsp;OLED_POWER_CONTROL
</UL>

<P><STRONG><a name="[d7]"></a>OLED_Init</STRONG> (Thumb, 242 bytes, Stack size 16 bytes, oled.o(.text))
<BR><BR>[Stack]<UL><LI>Max Depth = 48<LI>Call Chain = OLED_Init &rArr; OLED_Clear &rArr; OLED_WR_Byte
</UL>
<BR>[Calls]<UL><LI><a href="#[75]">&gt;&gt;</a>&nbsp;&nbsp;&nbsp;nrf_delay_ms
<LI><a href="#[cf]">&gt;&gt;</a>&nbsp;&nbsp;&nbsp;OLED_Clear
<LI><a href="#[cc]">&gt;&gt;</a>&nbsp;&nbsp;&nbsp;OLED_WR_Byte
</UL>
<BR>[Called By]<UL><LI><a href="#[74]">&gt;&gt;</a>&nbsp;&nbsp;&nbsp;OLED_POWER_CONTROL
</UL>

<P><STRONG><a name="[74]"></a>OLED_POWER_CONTROL</STRONG> (Thumb, 388 bytes, Stack size 32 bytes, oled.o(.text))
<BR><BR>[Stack]<UL><LI>Max Depth = 132<LI>Call Chain = OLED_POWER_CONTROL &rArr; OLED_ShowNum &rArr; OLED_ShowChar &rArr; OLED_DrawPoint
</UL>
<BR>[Calls]<UL><LI><a href="#[b7]">&gt;&gt;</a>&nbsp;&nbsp;&nbsp;OLED_ShowNum
<LI><a href="#[7b]">&gt;&gt;</a>&nbsp;&nbsp;&nbsp;__aeabi_uidivmod
<LI><a href="#[d7]">&gt;&gt;</a>&nbsp;&nbsp;&nbsp;OLED_Init
<LI><a href="#[d6]">&gt;&gt;</a>&nbsp;&nbsp;&nbsp;OLED_ShowTempUint
<LI><a href="#[d4]">&gt;&gt;</a>&nbsp;&nbsp;&nbsp;OLED_ShowString
<LI><a href="#[d2]">&gt;&gt;</a>&nbsp;&nbsp;&nbsp;OLED_DrawPoint
<LI><a href="#[cf]">&gt;&gt;</a>&nbsp;&nbsp;&nbsp;OLED_Clear
<LI><a href="#[cc]">&gt;&gt;</a>&nbsp;&nbsp;&nbsp;OLED_WR_Byte
<LI><a href="#[b5]">&gt;&gt;</a>&nbsp;&nbsp;&nbsp;__aeabi_f2uiz
</UL>
<BR>[Called By]<UL><LI><a href="#[3f]">&gt;&gt;</a>&nbsp;&nbsp;&nbsp;button_event_handler
<LI><a href="#[2c]">&gt;&gt;</a>&nbsp;&nbsp;&nbsp;oled_timer_timeout_handler
<LI><a href="#[55]">&gt;&gt;</a>&nbsp;&nbsp;&nbsp;main
</UL>

<P><STRONG><a name="[d8]"></a>Is_Leap_Year</STRONG> (Thumb, 42 bytes, Stack size 8 bytes, rtc0.o(.text), UNUSED)
<BR><BR>[Calls]<UL><LI><a href="#[7b]">&gt;&gt;</a>&nbsp;&nbsp;&nbsp;__aeabi_uidivmod
</UL>

<P><STRONG><a name="[d9]"></a>RTC_Get_Week</STRONG> (Thumb, 70 bytes, Stack size 16 bytes, rtc0.o(.text), UNUSED)
<BR><BR>[Calls]<UL><LI><a href="#[7b]">&gt;&gt;</a>&nbsp;&nbsp;&nbsp;__aeabi_uidivmod
</UL>

<P><STRONG><a name="[14f]"></a>str_cmpx</STRONG> (Thumb, 40 bytes, Stack size 8 bytes, rtc0.o(.text), UNUSED)

<P><STRONG><a name="[72]"></a>Auto_Time_Set</STRONG> (Thumb, 186 bytes, Stack size 20 bytes, rtc0.o(.text))
<BR><BR>[Stack]<UL><LI>Max Depth = 20<LI>Call Chain = Auto_Time_Set
</UL>
<BR>[Called By]<UL><LI><a href="#[55]">&gt;&gt;</a>&nbsp;&nbsp;&nbsp;main
</UL>

<P><STRONG><a name="[89]"></a>updata_rtc_timer</STRONG> (Thumb, 166 bytes, Stack size 32 bytes, rtc0.o(.text))
<BR><BR>[Stack]<UL><LI>Max Depth = 32<LI>Call Chain = updata_rtc_timer
</UL>
<BR>[Calls]<UL><LI><a href="#[7b]">&gt;&gt;</a>&nbsp;&nbsp;&nbsp;__aeabi_uidivmod
</UL>
<BR>[Called By]<UL><LI><a href="#[2a]">&gt;&gt;</a>&nbsp;&nbsp;&nbsp;rtc_timer_timeout_handler
</UL>

<P><STRONG><a name="[65]"></a>wdt_init</STRONG> (Thumb, 20 bytes, Stack size 0 bytes, wdt.o(.text))
<BR><BR>[Called By]<UL><LI><a href="#[55]">&gt;&gt;</a>&nbsp;&nbsp;&nbsp;main
</UL>

<P><STRONG><a name="[73]"></a>wdt_start</STRONG> (Thumb, 8 bytes, Stack size 0 bytes, wdt.o(.text))
<BR><BR>[Called By]<UL><LI><a href="#[55]">&gt;&gt;</a>&nbsp;&nbsp;&nbsp;main
</UL>

<P><STRONG><a name="[b4]"></a>wdt_feed</STRONG> (Thumb, 16 bytes, Stack size 0 bytes, wdt.o(.text))
<BR><BR>[Called By]<UL><LI><a href="#[76]">&gt;&gt;</a>&nbsp;&nbsp;&nbsp;updata_by_min
</UL>

<P><STRONG><a name="[150]"></a>wdt_stop</STRONG> (Thumb, 8 bytes, Stack size 0 bytes, wdt.o(.text), UNUSED)

<P><STRONG><a name="[75]"></a>nrf_delay_ms</STRONG> (Thumb, 30 bytes, Stack size 16 bytes, nrf_delay.o(.text))
<BR><BR>[Stack]<UL><LI>Max Depth = 16<LI>Call Chain = nrf_delay_ms
</UL>
<BR>[Calls]<UL><LI><a href="#[5b]">&gt;&gt;</a>&nbsp;&nbsp;&nbsp;__asm___11_nrf_delay_c_532987f3__nrf_delay_us
</UL>
<BR>[Called By]<UL><LI><a href="#[2a]">&gt;&gt;</a>&nbsp;&nbsp;&nbsp;rtc_timer_timeout_handler
<LI><a href="#[70]">&gt;&gt;</a>&nbsp;&nbsp;&nbsp;HTU21D_Init
<LI><a href="#[55]">&gt;&gt;</a>&nbsp;&nbsp;&nbsp;main
<LI><a href="#[d7]">&gt;&gt;</a>&nbsp;&nbsp;&nbsp;OLED_Init
</UL>

<P><STRONG><a name="[da]"></a>twi_master_clear_bus</STRONG> (Thumb, 78 bytes, Stack size 24 bytes, twi_sw_master.o(.text), UNUSED)
<BR><BR>[Calls]<UL><LI><a href="#[5c]">&gt;&gt;</a>&nbsp;&nbsp;&nbsp;__asm___15_twi_sw_master_c_959ec897__nrf_delay_us
</UL>

<P><STRONG><a name="[cb]"></a>twi_master_init</STRONG> (Thumb, 94 bytes, Stack size 24 bytes, twi_sw_master.o(.text))
<BR><BR>[Stack]<UL><LI>Max Depth = 24<LI>Call Chain = twi_master_init
</UL>
<BR>[Calls]<UL><LI><a href="#[5c]">&gt;&gt;</a>&nbsp;&nbsp;&nbsp;__asm___15_twi_sw_master_c_959ec897__nrf_delay_us
</UL>
<BR>[Called By]<UL><LI><a href="#[70]">&gt;&gt;</a>&nbsp;&nbsp;&nbsp;HTU21D_Init
</UL>

<P><STRONG><a name="[bd]"></a>twi_master_wait_while_scl_low</STRONG> (Thumb, 46 bytes, Stack size 16 bytes, twi_sw_master.o(.text))
[...]
</UL>

<P><STRONG><a name="[16e]"></a>__lib_sel_fp_printf</STRONG> (Thumb, 2 bytes, Stack size 0 bytes, _printf_fp_dec.o(.text), UNUSED)

<P><STRONG><a name="[3e]"></a>_printf_fp_dec_real</STRONG> (Thumb, 620 bytes, Stack size 96 bytes, _printf_fp_dec.o(.text))
<BR><BR>[Stack]<UL><LI>Max Depth = 368<LI>Call Chain = _printf_fp_dec_real &rArr; _fp_digits &rArr; _btod_etento &rArr; _btod_emul &rArr; btod_internal_mul &rArr; __ARM_common_ll_muluu
</UL>
<BR>[Calls]<UL><LI><a href="#[fa]">&gt;&gt;</a>&nbsp;&nbsp;&nbsp;_printf_pre_padding (Weak Reference)
<LI><a href="#[fb]">&gt;&gt;</a>&nbsp;&nbsp;&nbsp;_printf_post_padding (Weak Reference)
<LI><a href="#[116]">&gt;&gt;</a>&nbsp;&nbsp;&nbsp;__ARM_fpclassify
<LI><a href="#[117]">&gt;&gt;</a>&nbsp;&nbsp;&nbsp;_printf_fp_infnan
<LI><a href="#[4d]">&gt;&gt;</a>&nbsp;&nbsp;&nbsp;__rt_locale
<LI><a href="#[fe]">&gt;&gt;</a>&nbsp;&nbsp;&nbsp;__rt_udiv10
<LI><a href="#[110]">&gt;&gt;</a>&nbsp;&nbsp;&nbsp;_fp_digits
</UL>
<BR>[Address Reference Count : 1]<UL><LI> printf1.o(x$fpl$printf1)
</UL>
<P><STRONG><a name="[118]"></a>_printf_cs_common</STRONG> (Thumb, 22 bytes, Stack size 8 bytes, _printf_char.o(.text))
<BR><BR>[Stack]<UL><LI>Max Depth = 24<LI>Call Chain = _printf_cs_common &rArr; _printf_str
</UL>
<BR>[Calls]<UL><LI><a href="#[f9]">&gt;&gt;</a>&nbsp;&nbsp;&nbsp;_printf_str
<LI><a href="#[119]">&gt;&gt;</a>&nbsp;&nbsp;&nbsp;_printf_mbtowc (Weak Reference)
</UL>
<BR>[Called By]<UL><LI><a href="#[4b]">&gt;&gt;</a>&nbsp;&nbsp;&nbsp;_printf_string
<LI><a href="#[11a]">&gt;&gt;</a>&nbsp;&nbsp;&nbsp;_printf_char
</UL>

<P><STRONG><a name="[11a]"></a>_printf_char</STRONG> (Thumb, 16 bytes, Stack size 0 bytes, _printf_char.o(.text), UNUSED)
<BR><BR>[Calls]<UL><LI><a href="#[118]">&gt;&gt;</a>&nbsp;&nbsp;&nbsp;_printf_cs_common
</UL>

<P><STRONG><a name="[4b]"></a>_printf_string</STRONG> (Thumb, 8 bytes, Stack size 0 bytes, _printf_char.o(.text))
<BR><BR>[Stack]<UL><LI>Max Depth = 24<LI>Call Chain = _printf_string &rArr; _printf_cs_common &rArr; _printf_str
</UL>
<BR>[Calls]<UL><LI><a href="#[118]">&gt;&gt;</a>&nbsp;&nbsp;&nbsp;_printf_cs_common
</UL>
<BR>[Called By]<UL><LI><a href="#[48]">&gt;&gt;</a>&nbsp;&nbsp;&nbsp;_printf_s
</UL>

<P><STRONG><a name="[f8]"></a>_printf_char_file</STRONG> (Thumb, 34 bytes, Stack size 16 bytes, _printf_char_file.o(.text))
<BR><BR>[Stack]<UL><LI>Max Depth = 112 + Unknown Stack Size
<LI>Call Chain = _printf_char_file &rArr; _printf_char_common &rArr; __printf
</UL>
<BR>[Calls]<UL><LI><a href="#[11c]">&gt;&gt;</a>&nbsp;&nbsp;&nbsp;ferror
<LI><a href="#[11b]">&gt;&gt;</a>&nbsp;&nbsp;&nbsp;_printf_char_common
</UL>
<BR>[Called By]<UL><LI><a href="#[66]">&gt;&gt;</a>&nbsp;&nbsp;&nbsp;__2printf
</UL>

<P><STRONG><a name="[fe]"></a>__rt_udiv10</STRONG> (Thumb, 40 bytes, Stack size 0 bytes, rtudiv10.o(.text))
<BR><BR>[Called By]<UL><LI><a href="#[49]">&gt;&gt;</a>&nbsp;&nbsp;&nbsp;_printf_int_dec
<LI><a href="#[3e]">&gt;&gt;</a>&nbsp;&nbsp;&nbsp;_printf_fp_dec_real
</UL>

<P><STRONG><a name="[4d]"></a>__rt_locale</STRONG> (Thumb, 8 bytes, Stack size 0 bytes, rt_locale_intlibspace.o(.text))
<BR><BR>[Called By]<UL><LI><a href="#[4c]">&gt;&gt;</a>&nbsp;&nbsp;&nbsp;__rt_lib_init_lc_common
<LI><a href="#[3e]">&gt;&gt;</a>&nbsp;&nbsp;&nbsp;_printf_fp_dec_real
</UL>

<P><STRONG><a name="[115]"></a>_ll_udiv10</STRONG> (Thumb, 122 bytes, Stack size 16 bytes, lludiv10.o(.text))
<BR><BR>[Stack]<UL><LI>Max Depth = 16<LI>Call Chain = _ll_udiv10
</UL>
<BR>[Called By]<UL><LI><a href="#[110]">&gt;&gt;</a>&nbsp;&nbsp;&nbsp;_fp_digits
</UL>

<P><STRONG><a name="[11b]"></a>_printf_char_common</STRONG> (Thumb, 32 bytes, Stack size 64 bytes, _printf_char_common.o(.text))
<BR><BR>[Stack]<UL><LI>Max Depth = 96 + Unknown Stack Size
<LI>Call Chain = _printf_char_common &rArr; __printf
</UL>
<BR>[Calls]<UL><LI><a href="#[100]">&gt;&gt;</a>&nbsp;&nbsp;&nbsp;__printf
</UL>
<BR>[Called By]<UL><LI><a href="#[f8]">&gt;&gt;</a>&nbsp;&nbsp;&nbsp;_printf_char_file
</UL>

<P><STRONG><a name="[117]"></a>_printf_fp_infnan</STRONG> (Thumb, 120 bytes, Stack size 24 bytes, _printf_fp_infnan.o(.text))
<BR><BR>[Stack]<UL><LI>Max Depth = 24<LI>Call Chain = _printf_fp_infnan
</UL>
<BR>[Calls]<UL><LI><a href="#[fa]">&gt;&gt;</a>&nbsp;&nbsp;&nbsp;_printf_pre_padding (Weak Reference)
<LI><a href="#[fb]">&gt;&gt;</a>&nbsp;&nbsp;&nbsp;_printf_post_padding (Weak Reference)
</UL>
<BR>[Called By]<UL><LI><a href="#[3e]">&gt;&gt;</a>&nbsp;&nbsp;&nbsp;_printf_fp_dec_real
</UL>

<P><STRONG><a name="[111]"></a>_btod_etento</STRONG> (Thumb, 196 bytes, Stack size 72 bytes, bigflt0.o(.text))
<BR><BR>[Stack]<UL><LI>Max Depth = 176<LI>Call Chain = _btod_etento &rArr; _btod_emul &rArr; btod_internal_mul &rArr; __ARM_common_ll_muluu
</UL>
<BR>[Calls]<UL><LI><a href="#[7c]">&gt;&gt;</a>&nbsp;&nbsp;&nbsp;__aeabi_idivmod
<LI><a href="#[113]">&gt;&gt;</a>&nbsp;&nbsp;&nbsp;_btod_ediv
<LI><a href="#[114]">&gt;&gt;</a>&nbsp;&nbsp;&nbsp;_btod_emul
</UL>
<BR>[Called By]<UL><LI><a href="#[110]">&gt;&gt;</a>&nbsp;&nbsp;&nbsp;_fp_digits
</UL>

<P><STRONG><a name="[112]"></a>_btod_d2e</STRONG> (Thumb, 64 bytes, Stack size 8 bytes, btod.o(.text))
<BR><BR>[Stack]<UL><LI>Max Depth = 8<LI>Call Chain = _btod_d2e
</UL>
<BR>[Called By]<UL><LI><a href="#[110]">&gt;&gt;</a>&nbsp;&nbsp;&nbsp;_fp_digits
</UL>

<P><STRONG><a name="[114]"></a>_btod_emul</STRONG> (Thumb, 24 bytes, Stack size 24 bytes, btod.o(.text))
<BR><BR>[Stack]<UL><LI>Max Depth = 104<LI>Call Chain = _btod_emul &rArr; btod_internal_mul &rArr; __ARM_common_ll_muluu
</UL>
<BR>[Calls]<UL><LI><a href="#[11d]">&gt;&gt;</a>&nbsp;&nbsp;&nbsp;btod_internal_mul
</UL>
<BR>[Called By]<UL><LI><a href="#[111]">&gt;&gt;</a>&nbsp;&nbsp;&nbsp;_btod_etento
<LI><a href="#[110]">&gt;&gt;</a>&nbsp;&nbsp;&nbsp;_fp_digits
</UL>

<P><STRONG><a name="[11f]"></a>_btod_emuld</STRONG> (Thumb, 60 bytes, Stack size 24 bytes, btod.o(.text), UNUSED)
<BR><BR>[Calls]<UL><LI><a href="#[11d]">&gt;&gt;</a>&nbsp;&nbsp;&nbsp;btod_internal_mul
</UL>

<P><STRONG><a name="[113]"></a>_btod_ediv</STRONG> (Thumb, 22 bytes, Stack size 24 bytes, btod.o(.text))
<BR><BR>[Stack]<UL><LI>Max Depth = 88<LI>Call Chain = _btod_ediv &rArr; btod_internal_div
</UL>
<BR>[Calls]<UL><LI><a href="#[120]">&gt;&gt;</a>&nbsp;&nbsp;&nbsp;btod_internal_div
</UL>
<BR>[Called By]<UL><LI><a href="#[111]">&gt;&gt;</a>&nbsp;&nbsp;&nbsp;_btod_etento
<LI><a href="#[110]">&gt;&gt;</a>&nbsp;&nbsp;&nbsp;_fp_digits
</UL>

<P><STRONG><a name="[121]"></a>_btod_edivd</STRONG> (Thumb, 60 bytes, Stack size 24 bytes, btod.o(.text), UNUSED)
<BR><BR>[Calls]<UL><LI><a href="#[120]">&gt;&gt;</a>&nbsp;&nbsp;&nbsp;btod_internal_div
</UL>

<P><STRONG><a name="[11c]"></a>ferror</STRONG> (Thumb, 8 bytes, Stack size 0 bytes, ferror.o(.text))
<BR><BR>[Called By]<UL><LI><a href="#[f8]">&gt;&gt;</a>&nbsp;&nbsp;&nbsp;_printf_char_file
</UL>

<P><STRONG><a name="[16f]"></a>__user_libspace</STRONG> (Thumb, 8 bytes, Stack size 0 bytes, libspace.o(.text), UNUSED)

<P><STRONG><a name="[122]"></a>__user_perproc_libspace</STRONG> (Thumb, 0 bytes, Stack size 0 bytes, libspace.o(.text))
<BR><BR>[Called By]<UL><LI><a href="#[51]">&gt;&gt;</a>&nbsp;&nbsp;&nbsp;__user_setup_stackheap
</UL>

<P><STRONG><a name="[170]"></a>__user_perthread_libspace</STRONG> (Thumb, 0 bytes, Stack size 0 bytes, libspace.o(.text), UNUSED)

<P><STRONG><a name="[51]"></a>__user_setup_stackheap</STRONG> (Thumb, 62 bytes, Stack size 8 bytes, sys_stackheap_outer.o(.text))
<BR><BR>[Stack]<UL><LI>Max Depth = 8 + Unknown Stack Size
<LI>Call Chain = __user_setup_stackheap
</UL>
<BR>[Calls]<UL><LI><a href="#[123]">&gt;&gt;</a>&nbsp;&nbsp;&nbsp;__user_initial_stackheap
<LI><a href="#[122]">&gt;&gt;</a>&nbsp;&nbsp;&nbsp;__user_perproc_libspace
</UL>
<BR>[Called By]<UL><LI><a href="#[50]">&gt;&gt;</a>&nbsp;&nbsp;&nbsp;__rt_entry_sh
</UL>

<P><STRONG><a name="[56]"></a>exit</STRONG> (Thumb, 12 bytes, Stack size 0 bytes, exit.o(.text))
<BR><BR>[Calls]<UL><LI><a href="#[125]">&gt;&gt;</a>&nbsp;&nbsp;&nbsp;__rt_exit
<LI><a href="#[124]">&gt;&gt;</a>&nbsp;&nbsp;&nbsp;_call_atexit_fns (Weak Reference)
</UL>
<BR>[Called By]<UL><LI><a href="#[54]">&gt;&gt;</a>&nbsp;&nbsp;&nbsp;__rt_entry_main
</UL>

<P><STRONG><a name="[126]"></a>strcmp</STRONG> (Thumb, 160 bytes, Stack size 16 bytes, strcmpv6m.o(.text))
<BR><BR>[Stack]<UL><LI>Max Depth = 16<LI>Call Chain = strcmp
</UL>
<BR>[Called By]<UL><LI><a href="#[4f]">&gt;&gt;</a>&nbsp;&nbsp;&nbsp;_get_lc_numeric
</UL>

<P><STRONG><a name="[11e]"></a>__ARM_common_ll_muluu</STRONG> (Thumb, 48 bytes, Stack size 24 bytes, btod.o(i.__ARM_common_ll_muluu))
<BR><BR>[Stack]<UL><LI>Max Depth = 24<LI>Call Chain = __ARM_common_ll_muluu
</UL>
<BR>[Called By]<UL><LI><a href="#[11d]">&gt;&gt;</a>&nbsp;&nbsp;&nbsp;btod_internal_mul
</UL>

<P><STRONG><a name="[d0]"></a>__ARM_common_memclr1_8</STRONG> (Thumb, 20 bytes, Stack size 0 bytes, oled.o(i.__ARM_common_memclr1_8))
<BR><BR>[Called By]<UL><LI><a href="#[d4]">&gt;&gt;</a>&nbsp;&nbsp;&nbsp;OLED_ShowString
<LI><a href="#[cf]">&gt;&gt;</a>&nbsp;&nbsp;&nbsp;OLED_Clear
</UL>

<P><STRONG><a name="[116]"></a>__ARM_fpclassify</STRONG> (Thumb, 40 bytes, Stack size 0 bytes, fpclassify.o(i.__ARM_fpclassify))
<BR><BR>[Called By]<UL><LI><a href="#[3e]">&gt;&gt;</a>&nbsp;&nbsp;&nbsp;_printf_fp_dec_real
</UL>

<P><STRONG><a name="[101]"></a>_is_digit</STRONG> (Thumb, 14 bytes, Stack size 0 bytes, __printf_wp.o(i._is_digit))
<BR><BR>[Called By]<UL><LI><a href="#[100]">&gt;&gt;</a>&nbsp;&nbsp;&nbsp;__printf
</UL>

<P><STRONG><a name="[4f]"></a>_get_lc_numeric</STRONG> (Thumb, 44 bytes, Stack size 8 bytes, lc_numeric_c.o(locale$$code))
<BR><BR>[Stack]<UL><LI>Max Depth = 24<LI>Call Chain = _get_lc_numeric &rArr; strcmp
</UL>
<BR>[Calls]<UL><LI><a href="#[126]">&gt;&gt;</a>&nbsp;&nbsp;&nbsp;strcmp
</UL>
<BR>[Called By]<UL><LI><a href="#[4e]">&gt;&gt;</a>&nbsp;&nbsp;&nbsp;__rt_lib_init_lc_numeric_2
</UL>

<P><STRONG><a name="[b6]"></a>__aeabi_fmul</STRONG> (Thumb, 0 bytes, Stack size 16 bytes, fmul.o(x$fpl$fmul))
<BR><BR>[Stack]<UL><LI>Max Depth = 16<LI>Call Chain = __aeabi_fmul
</UL>
<BR>[Called By]<UL><LI><a href="#[8d]">&gt;&gt;</a>&nbsp;&nbsp;&nbsp;send_temp_rh_data
</UL>

<P><STRONG><a name="[171]"></a>_fmul</STRONG> (Thumb, 172 bytes, Stack size 16 bytes, fmul.o(x$fpl$fmul), UNUSED)

<P><STRONG><a name="[47]"></a>_printf_fp_dec</STRONG> (Thumb, 16 bytes, Stack size 8 bytes, printf1.o(x$fpl$printf1))
<BR><BR>[Stack]<UL><LI>Max Depth = 8<LI>Call Chain = _printf_fp_dec
</UL>
<BR>[Called By]<UL><LI><a href="#[45]">&gt;&gt;</a>&nbsp;&nbsp;&nbsp;_printf_f
</UL>
<P>
<H3>
Local Symbols
</H3>
<P><STRONG><a name="[dc]"></a>uuid_list_encode</STRONG> (Thumb, 328 bytes, Stack size 56 bytes, ble_advdata.o(.text))
<BR><BR>[Stack]<UL><LI>Max Depth = 56<LI>Call Chain = uuid_list_encode
</UL>
<BR>[Called By]<UL><LI><a href="#[db]">&gt;&gt;</a>&nbsp;&nbsp;&nbsp;adv_data_encode
</UL>

<P><STRONG><a name="[db]"></a>adv_data_encode</STRONG> (Thumb, 760 bytes, Stack size 40 bytes, ble_advdata.o(.text))
<BR><BR>[Stack]<UL><LI>Max Depth = 96<LI>Call Chain = adv_data_encode &rArr; uuid_list_encode
</UL>
<BR>[Calls]<UL><LI><a href="#[a2]">&gt;&gt;</a>&nbsp;&nbsp;&nbsp;__aeabi_memcpy
<LI><a href="#[dc]">&gt;&gt;</a>&nbsp;&nbsp;&nbsp;uuid_list_encode
</UL>
<BR>[Called By]<UL><LI><a href="#[87]">&gt;&gt;</a>&nbsp;&nbsp;&nbsp;ble_advdata_set
</UL>

<P><STRONG><a name="[dd]"></a>bond_info_store</STRONG> (Thumb, 120 bytes, Stack size 16 bytes, ble_bondmngr.o(.text))
<BR><BR>[Stack]<UL><LI>Max Depth = 48<LI>Call Chain = bond_info_store &rArr; ble_flash_block_write
</UL>
<BR>[Calls]<UL><LI><a href="#[7b]">&gt;&gt;</a>&nbsp;&nbsp;&nbsp;__aeabi_uidivmod
<LI><a href="#[e1]">&gt;&gt;</a>&nbsp;&nbsp;&nbsp;ble_flash_word_write
<LI><a href="#[df]">&gt;&gt;</a>&nbsp;&nbsp;&nbsp;ble_flash_page_addr
<LI><a href="#[de]">&gt;&gt;</a>&nbsp;&nbsp;&nbsp;ble_flash_crc16_compute
<LI><a href="#[e0]">&gt;&gt;</a>&nbsp;&nbsp;&nbsp;ble_flash_block_write
</UL>
<BR>[Called By]<UL><LI><a href="#[a3]">&gt;&gt;</a>&nbsp;&nbsp;&nbsp;ble_bondmngr_on_ble_evt
<LI><a href="#[a1]">&gt;&gt;</a>&nbsp;&nbsp;&nbsp;ble_bondmngr_bonded_masters_store
<LI><a href="#[ea]">&gt;&gt;</a>&nbsp;&nbsp;&nbsp;ble_bondmngr_bonded_master_delete
</UL>

<P><STRONG><a name="[e4]"></a>update_whitelist</STRONG> (Thumb, 104 bytes, Stack size 16 bytes, ble_bondmngr.o(.text))
<BR><BR>[Stack]<UL><LI>Max Depth = 16<LI>Call Chain = update_whitelist
</UL>
<BR>[Called By]<UL><LI><a href="#[a3]">&gt;&gt;</a>&nbsp;&nbsp;&nbsp;ble_bondmngr_on_ble_evt
<LI><a href="#[ac]">&gt;&gt;</a>&nbsp;&nbsp;&nbsp;ble_bondmngr_init
<LI><a href="#[a1]">&gt;&gt;</a>&nbsp;&nbsp;&nbsp;ble_bondmngr_bonded_masters_store
<LI><a href="#[ea]">&gt;&gt;</a>&nbsp;&nbsp;&nbsp;ble_bondmngr_bonded_master_delete
</UL>

<P><STRONG><a name="[e7]"></a>sys_attr_store</STRONG> (Thumb, 166 bytes, Stack size 16 bytes, ble_bondmngr.o(.text), UNUSED)
<BR><BR>[Calls]<UL><LI><a href="#[7b]">&gt;&gt;</a>&nbsp;&nbsp;&nbsp;__aeabi_uidivmod
<LI><a href="#[e1]">&gt;&gt;</a>&nbsp;&nbsp;&nbsp;ble_flash_word_write
<LI><a href="#[df]">&gt;&gt;</a>&nbsp;&nbsp;&nbsp;ble_flash_page_addr
<LI><a href="#[de]">&gt;&gt;</a>&nbsp;&nbsp;&nbsp;ble_flash_crc16_compute
<LI><a href="#[e0]">&gt;&gt;</a>&nbsp;&nbsp;&nbsp;ble_flash_block_write
</UL>
<BR>[Called By]<UL><LI><a href="#[e6]">&gt;&gt;</a>&nbsp;&nbsp;&nbsp;ble_bondmngr_sys_attr_store
</UL>

<P><STRONG><a name="[38]"></a>update_timeout_handler</STRONG> (Thumb, 86 bytes, Stack size 16 bytes, ble_conn_params.o(.text))
<BR><BR>[Stack]<UL><LI>Max Depth = 16<LI>Call Chain = update_timeout_handler
</UL>
<BR>[Address Reference Count : 1]<UL><LI> ble_conn_params.o(.text)
</UL>
<P><STRONG><a name="[ec]"></a>conn_params_negotiation</STRONG> (Thumb, 96 bytes, Stack size 24 bytes, ble_conn_params.o(.text))
<BR><BR>[Stack]<UL><LI>Max Depth = 40<LI>Call Chain = conn_params_negotiation &rArr; app_timer_start
</UL>
<BR>[Calls]<UL><LI><a href="#[81]">&gt;&gt;</a>&nbsp;&nbsp;&nbsp;app_timer_start
</UL>
<BR>[Called By]<UL><LI><a href="#[a4]">&gt;&gt;</a>&nbsp;&nbsp;&nbsp;ble_conn_params_on_ble_evt
</UL>

<P><STRONG><a name="[39]"></a>softdevice_assertion_handler</STRONG> (Thumb, 12 bytes, Stack size 8 bytes, ble_stack_handler.o(.text))
<BR><BR>[Stack]<UL><LI>Max Depth = 152 + Unknown Stack Size
<LI>Call Chain = softdevice_assertion_handler &rArr; assert_nrf_callback &rArr; __2printf &rArr; _printf_char_file &rArr; _printf_char_common &rArr; __printf
</UL>
<BR>[Calls]<UL><LI><a href="#[7a]">&gt;&gt;</a>&nbsp;&nbsp;&nbsp;assert_nrf_callback
</UL>
<BR>[Address Reference Count : 1]<UL><LI> ble_stack_handler.o(.text)
</UL>
<P><STRONG><a name="[3b]"></a>detection_delay_timeout_handler</STRONG> (Thumb, 110 bytes, Stack size 24 bytes, app_button.o(.text))
<BR><BR>[Stack]<UL><LI>Max Depth = 168 + Unknown Stack Size
<LI>Call Chain = detection_delay_timeout_handler &rArr; app_error_handler &rArr; __2printf &rArr; _printf_char_file &rArr; _printf_char_common &rArr; __printf
</UL>
<BR>[Calls]<UL><LI><a href="#[79]">&gt;&gt;</a>&nbsp;&nbsp;&nbsp;app_error_handler
<LI><a href="#[f0]">&gt;&gt;</a>&nbsp;&nbsp;&nbsp;app_gpiote_pins_state_get
</UL>
<BR>[Address Reference Count : 1]<UL><LI> app_button.o(.text)
</UL>
<P><STRONG><a name="[3a]"></a>gpiote_event_handler</STRONG> (Thumb, 32 bytes, Stack size 16 bytes, app_button.o(.text))
<BR><BR>[Stack]<UL><LI>Max Depth = 32<LI>Call Chain = gpiote_event_handler &rArr; app_timer_stop
</UL>
<BR>[Calls]<UL><LI><a href="#[83]">&gt;&gt;</a>&nbsp;&nbsp;&nbsp;app_timer_stop
<LI><a href="#[81]">&gt;&gt;</a>&nbsp;&nbsp;&nbsp;app_timer_start
</UL>
<BR>[Address Reference Count : 1]<UL><LI> app_button.o(.text)
</UL>
<P><STRONG><a name="[f4]"></a>timer_list_handler</STRONG> (Thumb, 896 bytes, Stack size 104 bytes, app_timer.o(.text))
<BR><BR>[Stack]<UL><LI>Max Depth = 104<LI>Call Chain = timer_list_handler
</UL>
<BR>[Calls]<UL><LI><a href="#[5d]">&gt;&gt;</a>&nbsp;&nbsp;&nbsp;__asm___11_app_timer_c_cd27f9c3__nrf_delay_us
</UL>
<BR>[Called By]<UL><LI><a href="#[1f]">&gt;&gt;</a>&nbsp;&nbsp;&nbsp;SWI0_IRQHandler
</UL>

<P><STRONG><a name="[109]"></a>_dadd1</STRONG> (Thumb, 290 bytes, Stack size 20 bytes, daddsub.o(.text), UNUSED)
<BR><BR>[Called By]<UL><LI><a href="#[10b]">&gt;&gt;</a>&nbsp;&nbsp;&nbsp;_drsb
<LI><a href="#[10a]">&gt;&gt;</a>&nbsp;&nbsp;&nbsp;_dsub
<LI><a href="#[107]">&gt;&gt;</a>&nbsp;&nbsp;&nbsp;_dadd
</UL>

<P><STRONG><a name="[108]"></a>_dsub1</STRONG> (Thumb, 470 bytes, Stack size 40 bytes, daddsub.o(.text), UNUSED)
<BR><BR>[Called By]<UL><LI><a href="#[10b]">&gt;&gt;</a>&nbsp;&nbsp;&nbsp;_drsb
<LI><a href="#[10a]">&gt;&gt;</a>&nbsp;&nbsp;&nbsp;_dsub
<LI><a href="#[107]">&gt;&gt;</a>&nbsp;&nbsp;&nbsp;_dadd
</UL>

<P><STRONG><a name="[110]"></a>_fp_digits</STRONG> (Thumb, 408 bytes, Stack size 96 bytes, _printf_fp_dec.o(.text))
<BR><BR>[Stack]<UL><LI>Max Depth = 272<LI>Call Chain = _fp_digits &rArr; _btod_etento &rArr; _btod_emul &rArr; btod_internal_mul &rArr; __ARM_common_ll_muluu
</UL>
<BR>[Calls]<UL><LI><a href="#[113]">&gt;&gt;</a>&nbsp;&nbsp;&nbsp;_btod_ediv
<LI><a href="#[114]">&gt;&gt;</a>&nbsp;&nbsp;&nbsp;_btod_emul
<LI><a href="#[112]">&gt;&gt;</a>&nbsp;&nbsp;&nbsp;_btod_d2e
<LI><a href="#[111]">&gt;&gt;</a>&nbsp;&nbsp;&nbsp;_btod_etento
<LI><a href="#[115]">&gt;&gt;</a>&nbsp;&nbsp;&nbsp;_ll_udiv10
</UL>
<BR>[Called By]<UL><LI><a href="#[3e]">&gt;&gt;</a>&nbsp;&nbsp;&nbsp;_printf_fp_dec_real
</UL>

<P><STRONG><a name="[3d]"></a>_printf_input_char</STRONG> (Thumb, 10 bytes, Stack size 0 bytes, _printf_char_common.o(.text))
<BR>[Address Reference Count : 1]<UL><LI> _printf_char_common.o(.text)
</UL>
<P><STRONG><a name="[11d]"></a>btod_internal_mul</STRONG> (Thumb, 456 bytes, Stack size 56 bytes, btod.o(.text))
<BR><BR>[Stack]<UL><LI>Max Depth = 80<LI>Call Chain = btod_internal_mul &rArr; __ARM_common_ll_muluu
</UL>
<BR>[Calls]<UL><LI><a href="#[11e]">&gt;&gt;</a>&nbsp;&nbsp;&nbsp;__ARM_common_ll_muluu
</UL>
<BR>[Called By]<UL><LI><a href="#[11f]">&gt;&gt;</a>&nbsp;&nbsp;&nbsp;_btod_emuld
<LI><a href="#[114]">&gt;&gt;</a>&nbsp;&nbsp;&nbsp;_btod_emul
</UL>

<P><STRONG><a name="[120]"></a>btod_internal_div</STRONG> (Thumb, 494 bytes, Stack size 64 bytes, btod.o(.text))
<BR><BR>[Stack]<UL><LI>Max Depth = 64<LI>Call Chain = btod_internal_div
</UL>
<BR>[Called By]<UL><LI><a href="#[121]">&gt;&gt;</a>&nbsp;&nbsp;&nbsp;_btod_edivd
<LI><a href="#[113]">&gt;&gt;</a>&nbsp;&nbsp;&nbsp;_btod_ediv
</UL>
<P>
<H3>
Undefined Global Symbols
</H3>
<P><STRONG><a name="[124]"></a>_call_atexit_fns</STRONG> (ARM, 0 bytes, Stack size 0 bytes, UNDEFINED)
<BR><BR>[Called By]<UL><LI><a href="#[56]">&gt;&gt;</a>&nbsp;&nbsp;&nbsp;exit
</UL>

<P><STRONG><a name="[119]"></a>_printf_mbtowc</STRONG> (ARM, 0 bytes, Stack size 0 bytes, UNDEFINED)
<BR><BR>[Called By]<UL><LI><a href="#[118]">&gt;&gt;</a>&nbsp;&nbsp;&nbsp;_printf_cs_common
</UL>

<P><STRONG><a name="[fb]"></a>_printf_post_padding</STRONG> (ARM, 0 bytes, Stack size 0 bytes, UNDEFINED)
<BR><BR>[Called By]<UL><LI><a href="#[f9]">&gt;&gt;</a>&nbsp;&nbsp;&nbsp;_printf_str
<LI><a href="#[117]">&gt;&gt;</a>&nbsp;&nbsp;&nbsp;_printf_fp_infnan
<LI><a href="#[3e]">&gt;&gt;</a>&nbsp;&nbsp;&nbsp;_printf_fp_dec_real
<LI><a href="#[ff]">&gt;&gt;</a>&nbsp;&nbsp;&nbsp;_printf_int_common
</UL>

<P><STRONG><a name="[fa]"></a>_printf_pre_padding</STRONG> (ARM, 0 bytes, Stack size 0 bytes, UNDEFINED)
<BR><BR>[Called By]<UL><LI><a href="#[f9]">&gt;&gt;</a>&nbsp;&nbsp;&nbsp;_printf_str
<LI><a href="#[117]">&gt;&gt;</a>&nbsp;&nbsp;&nbsp;_printf_fp_infnan
<LI><a href="#[3e]">&gt;&gt;</a>&nbsp;&nbsp;&nbsp;_printf_fp_dec_real
<LI><a href="#[ff]">&gt;&gt;</a>&nbsp;&nbsp;&nbsp;_printf_int_common
</UL>

<P><STRONG><a name="[fc]"></a>_printf_truncate_signed</STRONG> (ARM, 0 bytes, Stack size 0 bytes, UNDEFINED)
<BR><BR>[Called By]<UL><LI><a href="#[49]">&gt;&gt;</a>&nbsp;&nbsp;&nbsp;_printf_int_dec
</UL>

<P><STRONG><a name="[fd]"></a>_printf_truncate_unsigned</STRONG> (ARM, 0 bytes, Stack size 0 bytes, UNDEFINED)
<BR><BR>[Called By]<UL><LI><a href="#[49]">&gt;&gt;</a>&nbsp;&nbsp;&nbsp;_printf_int_dec
</UL>
<HR></body></html>
