Product: MDK-ARM Standard 5.10
Component: ARM Compiler 5.04 update 1 (build 49)
Tool: armlink [5040049]

==============================================================================

Section Cross References

    system_nrf51.o(.text) refers to system_nrf51.o(.data) for .data
    arm_startup_nrf51.o(STACK) refers (Special) to heapauxi.o(.text) for __use_two_region_memory
    arm_startup_nrf51.o(HEAP) refers (Special) to heapauxi.o(.text) for __use_two_region_memory
    arm_startup_nrf51.o(RESET) refers (Special) to heapauxi.o(.text) for __use_two_region_memory
    arm_startup_nrf51.o(RESET) refers to arm_startup_nrf51.o(STACK) for __initial_sp
    arm_startup_nrf51.o(RESET) refers to arm_startup_nrf51.o(.text) for Reset_Handler
    arm_startup_nrf51.o(RESET) refers to ble_app_main.o(.text) for UART0_IRQHandler
    arm_startup_nrf51.o(RESET) refers to app_gpiote.o(.text) for GPIOTE_IRQHandler
    arm_startup_nrf51.o(RESET) refers to app_timer.o(.text) for RTC1_IRQHandler
    arm_startup_nrf51.o(RESET) refers to ble_radio_notification.o(.text) for SWI1_IRQHandler
    arm_startup_nrf51.o(RESET) refers to ble_stack_handler.o(.text) for SWI2_IRQHandler
    arm_startup_nrf51.o(.text) refers (Special) to heapauxi.o(.text) for __use_two_region_memory
    arm_startup_nrf51.o(.text) refers to system_nrf51.o(.text) for SystemInit
    arm_startup_nrf51.o(.text) refers to __main.o(!!!main) for __main
    arm_startup_nrf51.o(.text) refers to arm_startup_nrf51.o(HEAP) for Heap_Mem
    arm_startup_nrf51.o(.text) refers to arm_startup_nrf51.o(STACK) for Stack_Mem
    main.o(.text) refers to ble_app_main.o(.text) for uart_init
    main.o(.text) refers to app_button.o(.text) for app_button_enable
    main.o(.text) refers to wdt.o(.text) for wdt_init
    main.o(.text) refers to noretval__2printf.o(.text) for __2printf
    main.o(.text) refers to htu21d.o(.text) for HTU21D_Init
    main.o(.text) refers to rtc0.o(.text) for Auto_Time_Set
    main.o(.text) refers to oled.o(.text) for OLED_POWER_CONTROL
    main.o(.text) refers to nrf_delay.o(.text) for nrf_delay_ms
    main.o(.data) refers to main.o(.conststring) for .conststring
    main.o(.data) refers to main.o(.conststring) for .conststring
    main.o(.data) refers to main.o(.conststring) for .conststring
    ble_app_main.o(.text) refers to _printf_percent.o(.ARM.Collect$$_printf_percent$$00000000) for _printf_percent
    ble_app_main.o(.text) refers to _printf_d.o(.ARM.Collect$$_printf_percent$$00000009) for _printf_d
    ble_app_main.o(.text) refers to _printf_s.o(.ARM.Collect$$_printf_percent$$00000014) for _printf_s
    ble_app_main.o(.text) refers to _printf_dec.o(.text) for _printf_int_dec
    ble_app_main.o(.text) refers to _printf_str.o(.text) for _printf_str
    ble_app_main.o(.text) refers to _printf_f.o(.ARM.Collect$$_printf_percent$$00000003) for _printf_f
    ble_app_main.o(.text) refers to printf1.o(x$fpl$printf1) for _printf_fp_dec
    ble_app_main.o(.text) refers to noretval__2printf.o(.text) for __2printf
    ble_app_main.o(.text) refers to aeabi_sdivfast.o(.text) for __aeabi_uidivmod
    ble_app_main.o(.text) refers to ble_bas.o(.text) for ble_bas_battery_level_update
    ble_app_main.o(.text) refers to app_timer.o(.text) for app_timer_start
    ble_app_main.o(.text) refers to rt_memclr.o(.text) for __aeabi_memclr4
    ble_app_main.o(.text) refers to ble_advdata.o(.text) for ble_advdata_set
    ble_app_main.o(.text) refers to ble_bondmngr.o(.text) for ble_bondmngr_whitelist_get
    ble_app_main.o(.text) refers to main.o(.data) for cry_sound_adc_flag
    ble_app_main.o(.text) refers to main.o(.data) for mbatter_level
    ble_app_main.o(.text) refers to ble_app_main.o(.bss) for .bss
    ble_app_main.o(.text) refers to main.o(.data) for sound_frequency
    ble_app_main.o(.text) refers to main.o(.data) for adc_convert_finish_flag
    ble_app_main.o(.text) refers to ble_app_main.o(.data) for .data
    ble_app_main.o(.text) refers to ble_app_main.o(.constdata) for .constdata
    ble_app_main.o(.text) refers to rtc0.o(.text) for updata_rtc_timer
    ble_app_main.o(.text) refers to communication_procotol.o(.text) for send_cry_signal
    ble_app_main.o(.text) refers to htu21d.o(.text) for Updata_HTU
    ble_app_main.o(.text) refers to f2d.o(.text) for __aeabi_f2d
    ble_app_main.o(.text) refers to nrf_delay.o(.text) for nrf_delay_ms
    ble_app_main.o(.text) refers to oled.o(.text) for OLED_POWER_CONTROL
    ble_app_main.o(.text) refers to ble_tps.o(.text) for ble_tps_init
    ble_app_main.o(.text) refers to ble_ias.o(.text) for ble_ias_init
    ble_app_main.o(.text) refers to main.o(.bss) for timer
    ble_app_main.o(.text) refers to main.o(.data) for sound_value
    ble_app_main.o(.text) refers to main.o(.data) for htu21d_data_has_updata
    ble_app_main.o(.text) refers to main.o(.data) for HTU
    ble_app_main.o(.text) refers to main.o(.data) for mconnected
    ble_app_main.o(.text) refers to main.o(.data) for oled_statu
[...]
    .ARM.Collect$$libinit$$0000000F          0x0001416c   Section        0  libinit2.o(.ARM.Collect$$libinit$$0000000F)
    .ARM.Collect$$libinit$$00000011          0x0001416c   Section        0  libinit2.o(.ARM.Collect$$libinit$$00000011)
    .ARM.Collect$$libinit$$00000013          0x0001416c   Section        0  libinit2.o(.ARM.Collect$$libinit$$00000013)
    .ARM.Collect$$libinit$$00000014          0x0001416c   Section       10  libinit2.o(.ARM.Collect$$libinit$$00000014)
    .ARM.Collect$$libinit$$00000015          0x00014176   Section        0  libinit2.o(.ARM.Collect$$libinit$$00000015)
    .ARM.Collect$$libinit$$00000017          0x00014176   Section        0  libinit2.o(.ARM.Collect$$libinit$$00000017)
    .ARM.Collect$$libinit$$00000019          0x00014176   Section        0  libinit2.o(.ARM.Collect$$libinit$$00000019)
    .ARM.Collect$$libinit$$0000001B          0x00014176   Section        0  libinit2.o(.ARM.Collect$$libinit$$0000001B)
    .ARM.Collect$$libinit$$0000001D          0x00014176   Section        0  libinit2.o(.ARM.Collect$$libinit$$0000001D)
    .ARM.Collect$$libinit$$0000001F          0x00014176   Section        0  libinit2.o(.ARM.Collect$$libinit$$0000001F)
    .ARM.Collect$$libinit$$00000021          0x00014176   Section        0  libinit2.o(.ARM.Collect$$libinit$$00000021)
    .ARM.Collect$$libinit$$00000023          0x00014176   Section        0  libinit2.o(.ARM.Collect$$libinit$$00000023)
    .ARM.Collect$$libinit$$0000002A          0x00014176   Section        0  libinit2.o(.ARM.Collect$$libinit$$0000002A)
    .ARM.Collect$$libinit$$0000002C          0x00014176   Section        0  libinit2.o(.ARM.Collect$$libinit$$0000002C)
    .ARM.Collect$$libinit$$0000002E          0x00014176   Section        0  libinit2.o(.ARM.Collect$$libinit$$0000002E)
    .ARM.Collect$$libinit$$00000030          0x00014176   Section        0  libinit2.o(.ARM.Collect$$libinit$$00000030)
    .ARM.Collect$$libinit$$00000031          0x00014176   Section        2  libinit2.o(.ARM.Collect$$libinit$$00000031)
    .ARM.Collect$$libshutdown$$00000000      0x00014178   Section        2  libshutdown.o(.ARM.Collect$$libshutdown$$00000000)
    .ARM.Collect$$libshutdown$$00000003      0x0001417a   Section        0  libshutdown2.o(.ARM.Collect$$libshutdown$$00000003)
    .ARM.Collect$$libshutdown$$00000006      0x0001417a   Section        0  libshutdown2.o(.ARM.Collect$$libshutdown$$00000006)
    .ARM.Collect$$libshutdown$$00000009      0x0001417a   Section        0  libshutdown2.o(.ARM.Collect$$libshutdown$$00000009)
    .ARM.Collect$$libshutdown$$0000000B      0x0001417a   Section        0  libshutdown2.o(.ARM.Collect$$libshutdown$$0000000B)
    .ARM.Collect$$libshutdown$$0000000E      0x0001417a   Section        0  libshutdown2.o(.ARM.Collect$$libshutdown$$0000000E)
    .ARM.Collect$$libshutdown$$0000000F      0x0001417a   Section        2  libshutdown2.o(.ARM.Collect$$libshutdown$$0000000F)
    .ARM.Collect$$rtentry$$00000000          0x0001417c   Section        0  rtentry.o(.ARM.Collect$$rtentry$$00000000)
    .ARM.Collect$$rtentry$$00000002          0x0001417c   Section        0  rtentry2.o(.ARM.Collect$$rtentry$$00000002)
    .ARM.Collect$$rtentry$$00000004          0x0001417c   Section        6  rtentry4.o(.ARM.Collect$$rtentry$$00000004)
    .ARM.Collect$$rtentry$$00000009          0x00014182   Section        0  rtentry2.o(.ARM.Collect$$rtentry$$00000009)
    .ARM.Collect$$rtentry$$0000000A          0x00014182   Section        4  rtentry2.o(.ARM.Collect$$rtentry$$0000000A)
    .ARM.Collect$$rtentry$$0000000C          0x00014186   Section        0  rtentry2.o(.ARM.Collect$$rtentry$$0000000C)
    .ARM.Collect$$rtentry$$0000000D          0x00014186   Section        8  rtentry2.o(.ARM.Collect$$rtentry$$0000000D)
    .ARM.Collect$$rtexit$$00000000           0x0001418e   Section        2  rtexit.o(.ARM.Collect$$rtexit$$00000000)
    .ARM.Collect$$rtexit$$00000002           0x00014190   Section        0  rtexit2.o(.ARM.Collect$$rtexit$$00000002)
    .ARM.Collect$$rtexit$$00000003           0x00014190   Section        4  rtexit2.o(.ARM.Collect$$rtexit$$00000003)
    .ARM.Collect$$rtexit$$00000004           0x00014194   Section        6  rtexit2.o(.ARM.Collect$$rtexit$$00000004)
    .emb_text                                0x0001419c   Section       30  nrf_delay.o(.emb_text)
    .emb_text                                0x000141bc   Section       30  twi_sw_master.o(.emb_text)
    .emb_text                                0x000141dc   Section       30  app_timer.o(.emb_text)
    .emb_text                                0x000141fc   Section       30  simple_uart.o(.emb_text)
    .emb_text                                0x0001421c   Section       56  rt_memcpy.o(.emb_text)
    .text                                    0x00014254   Section        0  system_nrf51.o(.text)
    .text                                    0x000142bc   Section       72  arm_startup_nrf51.o(.text)
    .text                                    0x00014304   Section        0  main.o(.text)
    .text                                    0x00014548   Section        0  ble_app_main.o(.text)
    .text                                    0x000157a8   Section        0  communication_procotol.o(.text)
    .text                                    0x00015950   Section        0  ble_nus.o(.text)
    .text                                    0x00015b64   Section        0  ble_bas.o(.text)
    .text                                    0x00015d7c   Section        0  ble_ias.o(.text)
    .text                                    0x00015e70   Section        0  ble_ias_c.o(.text)
    .text                                    0x00015fa4   Section        0  ble_lls.o(.text)
    .text                                    0x000160d8   Section        0  ble_tps.o(.text)
    .text                                    0x00016174   Section        0  htu21d.o(.text)
    .text                                    0x00016488   Section        0  oled.o(.text)
    .text                                    0x00016c30   Section        0  rtc0.o(.text)
    .text                                    0x00016e48   Section        0  wdt.o(.text)
    .text                                    0x00016e94   Section        0  nrf_delay.o(.text)
    .text                                    0x00016eb8   Section        0  twi_sw_master.o(.text)
    .text                                    0x00017324   Section        0  ble_advdata.o(.text)
    uuid_list_encode                         0x00017325   Thumb Code   328  ble_advdata.o(.text)
    adv_data_encode                          0x0001746d   Thumb Code   760  ble_advdata.o(.text)
    .text                                    0x000177d0   Section        0  ble_bondmngr.o(.text)
    bond_info_store                          0x000177d1   Thumb Code   120  ble_bondmngr.o(.text)
    update_whitelist                         0x00017849   Thumb Code   104  ble_bondmngr.o(.text)
    sys_attr_store                           0x0001842f   Thumb Code   166  ble_bondmngr.o(.text)
    .text                                    0x000184d4   Section        0  ble_conn_params.o(.text)
    update_timeout_handler                   0x000184d5   Thumb Code    86  ble_conn_params.o(.text)
    conn_params_negotiation                  0x00018683   Thumb Code    96  ble_conn_params.o(.text)
    .text                                    0x00018700   Section        0  ble_flash.o(.text)
    .text                                    0x000189b8   Section        0  ble_radio_notification.o(.text)
    .text                                    0x00018a00   Section        0  ble_stack_handler.o(.text)
    softdevice_assertion_handler             0x00018a01   Thumb Code    12  ble_stack_handler.o(.text)
    .text                                    0x00018ac4   Section        0  app_button.o(.text)
    detection_delay_timeout_handler          0x00018ac5   Thumb Code   110  app_button.o(.text)
    gpiote_event_handler                     0x00018b33   Thumb Code    32  app_button.o(.text)
    .text                                    0x00018c84   Section        0  app_gpiote.o(.text)
    .text                                    0x00018f38   Section        0  app_timer.o(.text)
    timer_list_handler                       0x000193bb   Thumb Code   896  app_timer.o(.text)
    .text                                    0x00019770   Section        0  ble_srv_common.o(.text)
    .text                                    0x00019790   Section        0  simple_uart.o(.text)
    .text                                    0x00019894   Section        2  use_no_semi_2.o(.text)
    .text                                    0x00019898   Section        0  noretval__2printf.o(.text)
    .text                                    0x000198b4   Section        0  _printf_str.o(.text)
    .text                                    0x00019908   Section        0  _printf_dec.o(.text)
    .text                                    0x00019974   Section        0  __printf_wp.o(.text)
    .text                                    0x00019a82   Section        0  memcmp.o(.text)
    .text                                    0x00019adc   Section        0  strlen.o(.text)
    .text                                    0x00019b20   Section        0  rt_memcpy.o(.text)
    .text                                    0x00019ba2   Section        0  rt_memclr.o(.text)
    .text                                    0x00019be2   Section      488  aeabi_sdivfast.o(.text)
    .text                                    0x00019dca   Section        0  heapauxi.o(.text)
    .text                                    0x00019dd0   Section        0  d2f.o(.text)
    .text                                    0x00019e4c   Section        0  daddsub.o(.text)
    _dadd1                                   0x00019e4d   Thumb Code   290  daddsub.o(.text)
    _dsub1                                   0x00019f6f   Thumb Code   470  daddsub.o(.text)
    .text                                    0x0001a19c   Section        0  dflti.o(.text)
    .text                                    0x0001a1f4   Section        0  dmul.o(.text)
    .text                                    0x0001a45c   Section        0  dscalbn.o(.text)
    .text                                    0x0001a4b8   Section        0  f2d.o(.text)
    .text                                    0x0001a50c   Section        0  ffixui.o(.text)
    .text                                    0x0001a53c   Section        0  fflti.o(.text)
    .text                                    0x0001a59a   Section        2  use_no_semi.o(.text)
    .text                                    0x0001a59c   Section        0  _printf_intcommon.o(.text)
    .text                                    0x0001a64c   Section        0  _printf_fp_dec.o(.text)
    _fp_digits                               0x0001a64f   Thumb Code   408  _printf_fp_dec.o(.text)
    .text                                    0x0001aa60   Section        0  _printf_char.o(.text)
    .text                                    0x0001aa90   Section        0  _printf_char_file.o(.text)
    .text                                    0x0001aab8   Section        0  rtudiv10.o(.text)
    .text                                    0x0001aae0   Section        8  rt_locale_intlibspace.o(.text)
    .text                                    0x0001aae8   Section        0  lludiv10.o(.text)
    .text                                    0x0001ab64   Section        0  _printf_char_common.o(.text)
    _printf_input_char                       0x0001ab65   Thumb Code    10  _printf_char_common.o(.text)
    .text                                    0x0001ab94   Section        0  _printf_fp_infnan.o(.text)
    .text                                    0x0001ac1c   Section        0  bigflt0.o(.text)
    .text                                    0x0001ace4   Section        0  btod.o(.text)
    btod_internal_mul                        0x0001ad25   Thumb Code   456  btod.o(.text)
    btod_internal_div                        0x0001aeed   Thumb Code   494  btod.o(.text)
    .text                                    0x0001b18c   Section        0  ferror.o(.text)
    .text                                    0x0001b194   Section        8  libspace.o(.text)
    .text                                    0x0001b19c   Section       62  sys_stackheap_outer.o(.text)
    .text                                    0x0001b1da   Section        0  exit.o(.text)
    .text                                    0x0001b1e8   Section      160  strcmpv6m.o(.text)
    i.__ARM_common_ll_muluu                  0x0001b288   Section        0  btod.o(i.__ARM_common_ll_muluu)
    i.__ARM_common_memclr1_8                 0x0001b2b8   Section        0  oled.o(i.__ARM_common_memclr1_8)
    i.__ARM_fpclassify                       0x0001b2cc   Section        0  fpclassify.o(i.__ARM_fpclassify)
    i._is_digit                              0x0001b2f8   Section        0  __printf_wp.o(i._is_digit)
    locale$$code                             0x0001b308   Section       44  lc_numeric_c.o(locale$$code)
    x$fpl$fmul                               0x0001b334   Section      176  fmul.o(x$fpl$fmul)
    x$fpl$printf1                            0x0001b3e4   Section       16  printf1.o(x$fpl$printf1)
    .constdata                               0x0001b3f4   Section       12  ble_app_main.o(.constdata)
    x$fpl$usenofp                            0x0001b3f4   Section        0  usenofp.o(x$fpl$usenofp)
    .constdata                               0x0001b400   Section       16  ble_nus.o(.constdata)
    .constdata                               0x0001b410   Section     2852  oled.o(.constdata)
    .constdata                               0x0001bf34   Section       72  rtc0.o(.constdata)
    .constdata                               0x0001bf7c   Section      148  bigflt0.o(.constdata)
    tenpwrs_x                                0x0001bf7c   Data          60  bigflt0.o(.constdata)
    tenpwrs_i                                0x0001bfb8   Data          64  bigflt0.o(.constdata)
    .conststring                             0x0001c010   Section       12  main.o(.conststring)
    .conststring                             0x0001c01c   Section        9  main.o(.conststring)
    locale$$data                             0x0001c048   Section       28  lc_numeric_c.o(locale$$data)
    __lcnum_c_name                           0x0001c04c   Data           2  lc_numeric_c.o(locale$$data)
    __lcnum_c_start                          0x0001c054   Data           0  lc_numeric_c.o(locale$$data)
    __lcnum_c_point                          0x0001c060   Data           0  lc_numeric_c.o(locale$$data)
    __lcnum_c_thousands                      0x0001c062   Data           0  lc_numeric_c.o(locale$$data)
    __lcnum_c_grouping                       0x0001c063   Data           0  lc_numeric_c.o(locale$$data)
    __lcnum_c_end                            0x0001c064   Data           0  lc_numeric_c.o(locale$$data)
    .data                                    0x20002000   Section        4  system_nrf51.o(.data)
    __tagsym$$used                           0x20002000   Number         0  system_nrf51.o(.data)
    .data                                    0x20002004   Section        1  main.o(.data)
    .data                                    0x20002005   Section        1  main.o(.data)
    .data                                    0x20002006   Section        1  main.o(.data)
    .data                                    0x20002007   Section        1  main.o(.data)
    .data                                    0x20002008   Section        1  main.o(.data)
    .data                                    0x20002009   Section        1  main.o(.data)
    .data                                    0x2000200a   Section        1  main.o(.data)
    .data                                    0x2000200c   Section        2  main.o(.data)
    .data                                    0x2000200e   Section        2  main.o(.data)
    .data                                    0x20002010   Section        4  main.o(.data)
    .data                                    0x20002014   Section        4  main.o(.data)
    .data                                    0x20002018   Section        1  main.o(.data)
    .data                                    0x2000201c   Section        8  main.o(.data)
    .data                                    0x20002024   Section       92  ble_app_main.o(.data)
    is_led_on                                0x20002024   Data           1  ble_app_main.o(.data)
    is_led_on                                0x20002025   Data           1  ble_app_main.o(.data)
    index                                    0x20002026   Data           1  ble_app_main.o(.data)
    min                                      0x20002027   Data           1  ble_app_main.o(.data)
    hour                                     0x20002028   Data           1  ble_app_main.o(.data)
    m_is_link_loss_alerting                  0x20002029   Data           1  ble_app_main.o(.data)
    m_is_alert_led_blinking                  0x2000202a   Data           1  ble_app_main.o(.data)
    m_is_adv_led_blinking                    0x2000202b   Data           1  ble_app_main.o(.data)
    m_is_high_alert_signalled                0x2000202c   Data           1  ble_app_main.o(.data)
    m_conn_handle                            0x2000202e   Data           2  ble_app_main.o(.data)
    m_conn_handle                            0x20002030   Data           2  ble_app_main.o(.data)
    nus_init                                 0x20002034   Data           4  ble_app_main.o(.data)
    m_rtc_timer_timer_id                     0x20002038   Data           4  ble_app_main.o(.data)
    m_oled_timer_id                          0x2000203c   Data           4  ble_app_main.o(.data)
    m_cry_sound_timer_timer_id               0x20002040   Data           4  ble_app_main.o(.data)
    m_advertising_mode                       0x20002044   Data           4  ble_app_main.o(.data)
    m_battery_timer_id                       0x20002048   Data           4  ble_app_main.o(.data)
    m_alert_led_blink_timer_id               0x2000204c   Data           4  ble_app_main.o(.data)
    m_adv_led_blink_timer_id                 0x20002050   Data           4  ble_app_main.o(.data)
    m_sec_params                             0x20002054   Data           6  ble_app_main.o(.data)
    buttons                                  0x2000205c   Data          36  ble_app_main.o(.data)
    .data                                    0x20002080   Section        4  ble_ias_c.o(.data)
    m_alert_level_uuid                       0x20002080   Data           4  ble_ias_c.o(.data)
    .data                                    0x20002084   Section       24  ble_bondmngr.o(.data)
    m_is_bondmngr_initialized                0x20002084   Data           1  ble_bondmngr.o(.data)
    m_masters_in_db_count                    0x20002085   Data           1  ble_bondmngr.o(.data)
    m_addr_count                             0x20002086   Data           1  ble_bondmngr.o(.data)
    m_irk_count                              0x20002087   Data           1  ble_bondmngr.o(.data)
    m_bond_info_in_flash_count               0x20002088   Data           1  ble_bondmngr.o(.data)
    m_sys_attr_in_flash_count                0x20002089   Data           1  ble_bondmngr.o(.data)
    m_sec_con_status                         0x2000208a   Data           1  ble_bondmngr.o(.data)
    m_bond_loaded                            0x2000208b   Data           1  ble_bondmngr.o(.data)
    m_sys_attr_loaded                        0x2000208c   Data           1  ble_bondmngr.o(.data)
    m_conn_handle                            0x2000208e   Data           2  ble_bondmngr.o(.data)
    m_crc_bond_info                          0x20002090   Data           2  ble_bondmngr.o(.data)
    m_crc_sys_attr                           0x20002092   Data           2  ble_bondmngr.o(.data)
    mp_flash_bond_info                       0x20002094   Data           4  ble_bondmngr.o(.data)
    mp_flash_sys_attr                        0x20002098   Data           4  ble_bondmngr.o(.data)
    .data                                    0x2000209c   Section       24  ble_conn_params.o(.data)
    m_change_param                           0x2000209c   Data           1  ble_conn_params.o(.data)
    m_update_count                           0x2000209d   Data           1  ble_conn_params.o(.data)
    m_conn_handle                            0x2000209e   Data           2  ble_conn_params.o(.data)
    m_conn_params_timer_id                   0x200020a0   Data           4  ble_conn_params.o(.data)
    m_preferred_conn_params                  0x200020a4   Data           8  ble_conn_params.o(.data)
    m_current_conn_params                    0x200020ac   Data           8  ble_conn_params.o(.data)
    .data                                    0x200020b4   Section        1  ble_flash.o(.data)
    m_radio_active                           0x200020b4   Data           1  ble_flash.o(.data)
    .data                                    0x200020b8   Section        8  ble_radio_notification.o(.data)
    m_radio_active                           0x200020b8   Data           1  ble_radio_notification.o(.data)
    m_evt_handler                            0x200020bc   Data           4  ble_radio_notification.o(.data)
    .data                                    0x200020c0   Section       16  ble_stack_handler.o(.data)
    m_evt_buffer_size                        0x200020c0   Data           2  ble_stack_handler.o(.data)
    m_evt_handler                            0x200020c4   Data           4  ble_stack_handler.o(.data)
    m_evt_schedule_func                      0x200020c8   Data           4  ble_stack_handler.o(.data)
    m_evt_buffer                             0x200020cc   Data           4  ble_stack_handler.o(.data)
    .data                                    0x200020d0   Section       28  app_button.o(.data)
    m_button_count                           0x200020d0   Data           1  app_button.o(.data)
    m_gpiote_user_id                         0x200020d1   Data           1  app_button.o(.data)
    mp_buttons                               0x200020d4   Data           4  app_button.o(.data)
    m_active_low_states_mask                 0x200020d8   Data           4  app_button.o(.data)
    m_active_high_states_mask                0x200020dc   Data           4  app_button.o(.data)
    m_detection_delay                        0x200020e0   Data           4  app_button.o(.data)
    m_evt_schedule_func                      0x200020e4   Data           4  app_button.o(.data)
    m_detection_delay_timer_id               0x200020e8   Data           4  app_button.o(.data)
    .data                                    0x200020ec   Section       12  app_gpiote.o(.data)
    m_user_array_size                        0x200020ec   Data           1  app_gpiote.o(.data)
    m_user_count                             0x200020ed   Data           1  app_gpiote.o(.data)
    mp_users                                 0x200020f0   Data           4  app_gpiote.o(.data)
    m_enabled_users_mask                     0x200020f4   Data           4  app_gpiote.o(.data)
    .data                                    0x200020f8   Section       32  app_timer.o(.data)
    m_node_array_size                        0x200020f8   Data           1  app_timer.o(.data)
    m_user_array_size                        0x200020f9   Data           1  app_timer.o(.data)
    m_ticks_elapsed_q_read_ind               0x200020fa   Data           1  app_timer.o(.data)
    m_ticks_elapsed_q_write_ind              0x200020fb   Data           1  app_timer.o(.data)
    mp_nodes                                 0x200020fc   Data           4  app_timer.o(.data)
    mp_users                                 0x20002100   Data           4  app_timer.o(.data)
    m_timer_id_head                          0x20002104   Data           4  app_timer.o(.data)
    m_ticks_latest                           0x20002108   Data           4  app_timer.o(.data)
    m_evt_schedule_func                      0x2000210c   Data           4  app_timer.o(.data)
    m_ticks_elapsed                          0x20002110   Data           8  app_timer.o(.data)
    .data                                    0x20002118   Section        4  simple_uart.o(.data)
    .bss                                     0x2000211c   Section       13  main.o(.bss)
    .bss                                     0x2000212c   Section       28  main.o(.bss)
    .bss                                     0x20002148   Section     1572  ble_app_main.o(.bss)
    APP_TIMER_BUF                            0x20002148   Data        1288  ble_app_main.o(.bss)
    m_auth_status                            0x20002650   Data          50  ble_app_main.o(.bss)
    EVT_BUFFER                               0x20002684   Data          80  ble_app_main.o(.bss)
    app_gpiote_buf                           0x200026d4   Data          20  ble_app_main.o(.bss)
    data_array                               0x200026e8   Data          20  ble_app_main.o(.bss)
    m_tps                                    0x20002718   Data          10  ble_app_main.o(.bss)
    m_ias                                    0x20002724   Data          16  ble_app_main.o(.bss)
    m_lls                                    0x20002734   Data          20  ble_app_main.o(.bss)
    m_bas                                    0x20002748   Data          24  ble_app_main.o(.bss)
    m_ias_c                                  0x20002760   Data          12  ble_app_main.o(.bss)
    .bss                                     0x2000276c   Section     1024  oled.o(.bss)
    .bss                                     0x20002b6c   Section      980  ble_bondmngr.o(.bss)
    s_addr                                   0x20002b6c   Data          28  ble_bondmngr.o(.bss)
    s_irk                                    0x20002b88   Data          28  ble_bondmngr.o(.bss)
    m_bondmngr_config                        0x20002ba4   Data          12  ble_bondmngr.o(.bss)
    m_master                                 0x20002bb0   Data         100  ble_bondmngr.o(.bss)
    m_masters_db                             0x20002c14   Data         700  ble_bondmngr.o(.bss)
    m_whitelist_addr                         0x20002ed0   Data          56  ble_bondmngr.o(.bss)
    m_whitelist_irk                          0x20002f08   Data          56  ble_bondmngr.o(.bss)
    .bss                                     0x20002f40   Section       28  ble_conn_params.o(.bss)
    m_conn_params_config                     0x20002f40   Data          28  ble_conn_params.o(.bss)
    .bss                                     0x20002f5c   Section       96  libspace.o(.bss)
    HEAP                                     0x20002fc0   Section     2048  arm_startup_nrf51.o(HEAP)
    Heap_Mem                                 0x20002fc0   Data        2048  arm_startup_nrf51.o(HEAP)
    STACK                                    0x200037c0   Section     2048  arm_startup_nrf51.o(STACK)
    Stack_Mem                                0x200037c0   Data        2048  arm_startup_nrf51.o(STACK)
    __initial_sp                             0x20003fc0   Data           0  arm_startup_nrf51.o(STACK)

    Global Symbols

    Symbol Name                              Value     Ov Type        Size  Object(Section)

    BuildAttributes$$THM_ISAv3M$S$PE$A:L22$X:L11$S22$IEEE1$IW$USESV6$~STKCKD$USESV7$ENUMINT$~SHL$OTIME$ROPI$IEEEJ$EBA8$UX$STANDARDLIB$REQ8$PRES8$EABIv2 0x00000000   Number         0  anon$$obj.o ABSOLUTE
    __ARM_use_no_argv                        0x00000000   Number         0  main.o ABSOLUTE
    _printf_flags                            0x00000000   Number         0  printf_stubs.o ABSOLUTE
    _printf_return_value                     0x00000000   Number         0  printf_stubs.o ABSOLUTE
    _printf_sizespec                         0x00000000   Number         0  printf_stubs.o ABSOLUTE
    _printf_widthprec                        0x00000000   Number         0  printf_stubs.o ABSOLUTE
    __ARM_exceptions_init                     - Undefined Weak Reference
    __alloca_initialize                       - Undefined Weak Reference
    __cpp_initialize__aeabi_                  - Undefined Weak Reference
    __cxa_finalize                            - Undefined Weak Reference
    __sigvec_lookup                           - Undefined Weak Reference
    _atexit_init                              - Undefined Weak Reference
    _call_atexit_fns                          - Undefined Weak Reference
    _clock_init                               - Undefined Weak Reference
    _fp_trap_init                             - Undefined Weak Reference
    _fp_trap_shutdown                         - Undefined Weak Reference
    _get_lc_collate                           - Undefined Weak Reference
    _get_lc_ctype                             - Undefined Weak Reference
    _get_lc_monetary                          - Undefined Weak Reference
    _get_lc_time                              - Undefined Weak Reference
    _getenv_init                              - Undefined Weak Reference
    _handle_redirection                       - Undefined Weak Reference
    _init_alloc                               - Undefined Weak Reference
    _init_user_alloc                          - Undefined Weak Reference
    _initio                                   - Undefined Weak Reference
    _mutex_acquire                            - Undefined Weak Reference
    _mutex_release                            - Undefined Weak Reference
    _printf_mbtowc                            - Undefined Weak Reference
    _printf_post_padding                      - Undefined Weak Reference
    _printf_pre_padding                       - Undefined Weak Reference
    _printf_truncate_signed                   - Undefined Weak Reference
    _printf_truncate_unsigned                 - Undefined Weak Reference
    _rand_init                                - Undefined Weak Reference
    _signal_finish                            - Undefined Weak Reference
    _signal_init                              - Undefined Weak Reference
    _terminate_alloc                          - Undefined Weak Reference
    _terminate_user_alloc                     - Undefined Weak Reference
    _terminateio                              - Undefined Weak Reference
    __Vectors_Size                           0x000000c0   Number         0  arm_startup_nrf51.o ABSOLUTE
    __Vectors                                0x00014000   Data           4  arm_startup_nrf51.o(RESET)
    __Vectors_End                            0x000140c0   Data           0  arm_startup_nrf51.o(RESET)
    __main                                   0x000140c1   Thumb Code     8  __main.o(!!!main)
    __scatterload                            0x000140c9   Thumb Code     0  __scatter.o(!!!scatter)
    __scatterload_rt2                        0x000140c9   Thumb Code    52  __scatter.o(!!!scatter)
    __scatterload_rt2_thumb_only             0x000140c9   Thumb Code     0  __scatter.o(!!!scatter)
    __scatterload_null                       0x000140d9   Thumb Code     0  __scatter.o(!!!scatter)
    __scatterload_copy                       0x00014105   Thumb Code    26  __scatter_copy.o(!!handler_copy)
    __scatterload_zeroinit                   0x00014121   Thumb Code    28  __scatter_zi.o(!!handler_zi)
    _printf_percent                          0x0001413d   Thumb Code     0  _printf_percent.o(.ARM.Collect$$_printf_percent$$00000000)
    _printf_f                                0x0001413f   Thumb Code     0  _printf_f.o(.ARM.Collect$$_printf_percent$$00000003)
    _printf_d                                0x00014149   Thumb Code     0  _printf_d.o(.ARM.Collect$$_printf_percent$$00000009)
    _printf_s                                0x00014153   Thumb Code     0  _printf_s.o(.ARM.Collect$$_printf_percent$$00000014)
    _printf_percent_end                      0x0001415d   Thumb Code     0  _printf_percent_end.o(.ARM.Collect$$_printf_percent$$00000017)
    __rt_lib_init                            0x00014161   Thumb Code     0  libinit.o(.ARM.Collect$$libinit$$00000000)
    __rt_lib_init_fp_1                       0x00014163   Thumb Code     0  libinit2.o(.ARM.Collect$$libinit$$00000001)
    __rt_lib_init_heap_1                     0x00014167   Thumb Code     0  libinit2.o(.ARM.Collect$$libinit$$00000008)
    __rt_lib_init_lc_common                  0x00014167   Thumb Code     0  libinit2.o(.ARM.Collect$$libinit$$0000000D)
    __rt_lib_init_rand_1                     0x00014167   Thumb Code     0  libinit2.o(.ARM.Collect$$libinit$$0000000C)
    __rt_lib_init_user_alloc_1               0x00014167   Thumb Code     0  libinit2.o(.ARM.Collect$$libinit$$0000000A)
    __rt_lib_init_lc_collate_1               0x0001416d   Thumb Code     0  libinit2.o(.ARM.Collect$$libinit$$0000000F)
    __rt_lib_init_lc_ctype_1                 0x0001416d   Thumb Code     0  libinit2.o(.ARM.Collect$$libinit$$00000011)
    __rt_lib_init_lc_monetary_1              0x0001416d   Thumb Code     0  libinit2.o(.ARM.Collect$$libinit$$00000013)
    __rt_lib_init_lc_numeric_2               0x0001416d   Thumb Code     0  libinit2.o(.ARM.Collect$$libinit$$00000014)
    __rt_lib_init_alloca_1                   0x00014177   Thumb Code     0  libinit2.o(.ARM.Collect$$libinit$$0000002C)
    __rt_lib_init_argv_1                     0x00014177   Thumb Code     0  libinit2.o(.ARM.Collect$$libinit$$0000002A)
    __rt_lib_init_atexit_1                   0x00014177   Thumb Code     0  libinit2.o(.ARM.Collect$$libinit$$00000019)
    __rt_lib_init_clock_1                    0x00014177   Thumb Code     0  libinit2.o(.ARM.Collect$$libinit$$0000001F)
    __rt_lib_init_cpp_1                      0x00014177   Thumb Code     0  libinit2.o(.ARM.Collect$$libinit$$00000030)
    __rt_lib_init_exceptions_1               0x00014177   Thumb Code     0  libinit2.o(.ARM.Collect$$libinit$$0000002E)
    __rt_lib_init_fp_trap_1                  0x00014177   Thumb Code     0  libinit2.o(.ARM.Collect$$libinit$$0000001D)
    __rt_lib_init_getenv_1                   0x00014177   Thumb Code     0  libinit2.o(.ARM.Collect$$libinit$$00000021)
    __rt_lib_init_lc_numeric_1               0x00014177   Thumb Code     0  libinit2.o(.ARM.Collect$$libinit$$00000015)
    __rt_lib_init_lc_time_1                  0x00014177   Thumb Code     0  libinit2.o(.ARM.Collect$$libinit$$00000017)
    __rt_lib_init_return                     0x00014177   Thumb Code     0  libinit2.o(.ARM.Collect$$libinit$$00000031)
    __rt_lib_init_signal_1                   0x00014177   Thumb Code     0  libinit2.o(.ARM.Collect$$libinit$$0000001B)
    __rt_lib_init_stdio_1                    0x00014177   Thumb Code     0  libinit2.o(.ARM.Collect$$libinit$$00000023)
    __rt_lib_shutdown                        0x00014179   Thumb Code     0  libshutdown.o(.ARM.Collect$$libshutdown$$00000000)
    __rt_lib_shutdown_fp_trap_1              0x0001417b   Thumb Code     0  libshutdown2.o(.ARM.Collect$$libshutdown$$00000006)
    __rt_lib_shutdown_heap_1                 0x0001417b   Thumb Code     0  libshutdown2.o(.ARM.Collect$$libshutdown$$0000000E)
    __rt_lib_shutdown_return                 0x0001417b   Thumb Code     0  libshutdown2.o(.ARM.Collect$$libshutdown$$0000000F)
    __rt_lib_shutdown_signal_1               0x0001417b   Thumb Code     0  libshutdown2.o(.ARM.Collect$$libshutdown$$00000009)
    __rt_lib_shutdown_stdio_1                0x0001417b   Thumb Code     0  libshutdown2.o(.ARM.Collect$$libshutdown$$00000003)
    __rt_lib_shutdown_user_alloc_1           0x0001417b   Thumb Code     0  libshutdown2.o(.ARM.Collect$$libshutdown$$0000000B)
    __rt_entry                               0x0001417d   Thumb Code     0  rtentry.o(.ARM.Collect$$rtentry$$00000000)
    __rt_entry_presh_1                       0x0001417d   Thumb Code     0  rtentry2.o(.ARM.Collect$$rtentry$$00000002)
    __rt_entry_sh                            0x0001417d   Thumb Code     0  rtentry4.o(.ARM.Collect$$rtentry$$00000004)
    __rt_entry_li                            0x00014183   Thumb Code     0  rtentry2.o(.ARM.Collect$$rtentry$$0000000A)
    __rt_entry_postsh_1                      0x00014183   Thumb Code     0  rtentry2.o(.ARM.Collect$$rtentry$$00000009)
    __rt_entry_main                          0x00014187   Thumb Code     0  rtentry2.o(.ARM.Collect$$rtentry$$0000000D)
    __rt_entry_postli_1                      0x00014187   Thumb Code     0  rtentry2.o(.ARM.Collect$$rtentry$$0000000C)
    __rt_exit                                0x0001418f   Thumb Code     0  rtexit.o(.ARM.Collect$$rtexit$$00000000)
    __rt_exit_ls                             0x00014191   Thumb Code     0  rtexit2.o(.ARM.Collect$$rtexit$$00000003)
    __rt_exit_prels_1                        0x00014191   Thumb Code     0  rtexit2.o(.ARM.Collect$$rtexit$$00000002)
    __rt_exit_exit                           0x00014195   Thumb Code     0  rtexit2.o(.ARM.Collect$$rtexit$$00000004)
    __asm___11_nrf_delay_c_532987f3__nrf_delay_us 0x0001419d   Thumb Code    30  nrf_delay.o(.emb_text)
    __asm___15_twi_sw_master_c_959ec897__nrf_delay_us 0x000141bd   Thumb Code    30  twi_sw_master.o(.emb_text)
    __asm___11_app_timer_c_cd27f9c3__nrf_delay_us 0x000141dd   Thumb Code    30  app_timer.o(.emb_text)
    __asm___13_simple_uart_c_9275e5e5__nrf_delay_us 0x000141fd   Thumb Code    30  simple_uart.o(.emb_text)
    __aeabi_memcpy4                          0x0001421d   Thumb Code    56  rt_memcpy.o(.emb_text)
    __aeabi_memcpy8                          0x0001421d   Thumb Code     0  rt_memcpy.o(.emb_text)
    SystemCoreClockUpdate                    0x00014255   Thumb Code     8  system_nrf51.o(.text)
    SystemInit                               0x0001425d   Thumb Code    72  system_nrf51.o(.text)
    Reset_Handler                            0x000142bd   Thumb Code    18  arm_startup_nrf51.o(.text)
    NMI_Handler                              0x000142cf   Thumb Code     2  arm_startup_nrf51.o(.text)
    HardFault_Handler                        0x000142d1   Thumb Code     2  arm_startup_nrf51.o(.text)
    SVC_Handler                              0x000142d3   Thumb Code     2  arm_startup_nrf51.o(.text)
    PendSV_Handler                           0x000142d5   Thumb Code     2  arm_startup_nrf51.o(.text)
    SysTick_Handler                          0x000142d7   Thumb Code     2  arm_startup_nrf51.o(.text)
    CCM_AAR_IRQHandler                       0x000142d9   Thumb Code     0  arm_startup_nrf51.o(.text)
    ECB_IRQHandler                           0x000142d9   Thumb Code     0  arm_startup_nrf51.o(.text)
    LPCOMP_COMP_IRQHandler                   0x000142d9   Thumb Code     0  arm_startup_nrf51.o(.text)
    POWER_CLOCK_IRQHandler                   0x000142d9   Thumb Code     0  arm_startup_nrf51.o(.text)
    QDEC_IRQHandler                          0x000142d9   Thumb Code     0  arm_startup_nrf51.o(.text)
    RADIO_IRQHandler                         0x000142d9   Thumb Code     0  arm_startup_nrf51.o(.text)
    RNG_IRQHandler                           0x000142d9   Thumb Code     0  arm_startup_nrf51.o(.text)
    RTC0_IRQHandler                          0x000142d9   Thumb Code     0  arm_startup_nrf51.o(.text)
    SPI0_TWI0_IRQHandler                     0x000142d9   Thumb Code     0  arm_startup_nrf51.o(.text)
    SPI1_TWI1_IRQHandler                     0x000142d9   Thumb Code     0  arm_startup_nrf51.o(.text)
    SWI3_IRQHandler                          0x000142d9   Thumb Code     0  arm_startup_nrf51.o(.text)
    SWI4_IRQHandler                          0x000142d9   Thumb Code     0  arm_startup_nrf51.o(.text)
    SWI5_IRQHandler                          0x000142d9   Thumb Code     0  arm_startup_nrf51.o(.text)
    TEMP_IRQHandler                          0x000142d9   Thumb Code     0  arm_startup_nrf51.o(.text)
    TIMER0_IRQHandler                        0x000142d9   Thumb Code     0  arm_startup_nrf51.o(.text)
    TIMER1_IRQHandler                        0x000142d9   Thumb Code     0  arm_startup_nrf51.o(.text)
    TIMER2_IRQHandler                        0x000142d9   Thumb Code     0  arm_startup_nrf51.o(.text)
    WDT_IRQHandler                           0x000142d9   Thumb Code     0  arm_startup_nrf51.o(.text)
    __user_initial_stackheap                 0x000142dd   Thumb Code     0  arm_startup_nrf51.o(.text)
    main                                     0x00014305   Thumb Code   236  main.o(.text)
    app_error_handler                        0x00014549   Thumb Code    16  ble_app_main.o(.text)
    assert_nrf_callback                      0x00014559   Thumb Code    18  ble_app_main.o(.text)
    service_error_handler                    0x0001456b   Thumb Code    16  ble_app_main.o(.text)
    ADC_IRQHandler                           0x0001457b   Thumb Code   288  ble_app_main.o(.text)
    adc_start                                0x0001469b   Thumb Code   102  ble_app_main.o(.text)
    cry_sound_adc_start                      0x00014701   Thumb Code   100  ble_app_main.o(.text)
    adv_led_blink_start                      0x00014765   Thumb Code    56  ble_app_main.o(.text)
    adv_led_blink_stop                       0x0001479d   Thumb Code    40  ble_app_main.o(.text)
    alert_led_blink_start                    0x000147c5   Thumb Code    54  ble_app_main.o(.text)
    alert_led_blink_stop                     0x000147fb   Thumb Code    42  ble_app_main.o(.text)
    advertising_init                         0x00014825   Thumb Code    92  ble_app_main.o(.text)
    advertising_start                        0x00014881   Thumb Code   436  ble_app_main.o(.text)
    battery_level_meas_timeout_handler       0x00014a35   Thumb Code    12  ble_app_main.o(.text)
    mild_alert_timeout_handler               0x00014a41   Thumb Code    88  ble_app_main.o(.text)
    adv_led_blink_timeout_handler            0x00014a99   Thumb Code    84  ble_app_main.o(.text)
    rtc_timer_timeout_handler                0x00014aed   Thumb Code   170  ble_app_main.o(.text)
    cry_sound_timer_timeout_handler          0x00014b97   Thumb Code    16  ble_app_main.o(.text)
    oled_timer_timeout_handler               0x00014ba7   Thumb Code    16  ble_app_main.o(.text)
    leds_init                                0x00014bb7   Thumb Code    12  ble_app_main.o(.text)
    timers_init                              0x00014bc3   Thumb Code   190  ble_app_main.o(.text)
    gap_params_init                          0x00014c81   Thumb Code   124  ble_app_main.o(.text)
    tps_init                                 0x00014cfd   Thumb Code    50  ble_app_main.o(.text)
    alert_signal                             0x00014d2f   Thumb Code    84  ble_app_main.o(.text)
    on_ias_evt                               0x00014d83   Thumb Code    12  ble_app_main.o(.text)
    ias_init                                 0x00014d8f   Thumb Code    32  ble_app_main.o(.text)
    on_lls_evt                               0x00014daf   Thumb Code    18  ble_app_main.o(.text)
    lls_init                                 0x00014dc1   Thumb Code   338  ble_app_main.o(.text)
    on_bas_evt                               0x00014f13   Thumb Code    66  ble_app_main.o(.text)
    bas_init                                 0x00014f55   Thumb Code    94  ble_app_main.o(.text)
    on_ias_c_evt                             0x00014fb3   Thumb Code    38  ble_app_main.o(.text)
    ias_client_init                          0x00014fd9   Thumb Code    48  ble_app_main.o(.text)
    nus_receive_data_handler                 0x00015009   Thumb Code    40  ble_app_main.o(.text)
    nus_init                                 0x00015031   Thumb Code    32  ble_app_main.o(.text)
    on_conn_params_evt                       0x00015051   Thumb Code    46  ble_app_main.o(.text)
    services_init                            0x0001507f   Thumb Code   292  ble_app_main.o(.text)
    sec_params_init                          0x000151a3   Thumb Code    34  ble_app_main.o(.text)
    conn_params_error_handler                0x000151c5   Thumb Code    18  ble_app_main.o(.text)
    conn_params_init                         0x000151d7   Thumb Code    66  ble_app_main.o(.text)
    on_ble_evt                               0x00015219   Thumb Code   458  ble_app_main.o(.text)
    ble_evt_dispatch                         0x000153e3   Thumb Code    62  ble_app_main.o(.text)
    ble_stack_init                           0x00015421   Thumb Code    36  ble_app_main.o(.text)
    bond_manager_error_handler               0x00015445   Thumb Code    16  ble_app_main.o(.text)
    bond_manager_init                        0x00015455   Thumb Code   122  ble_app_main.o(.text)
    radio_notification_init                  0x000154cf   Thumb Code    30  ble_app_main.o(.text)
    button_event_handler                     0x000154ed   Thumb Code   178  ble_app_main.o(.text)
    gpiote_init                              0x0001559f   Thumb Code    28  ble_app_main.o(.text)
    buttons_init                             0x000155bb   Thumb Code    32  ble_app_main.o(.text)
    power_manage                             0x000155db   Thumb Code    24  ble_app_main.o(.text)
    uart_init                                0x000155f3   Thumb Code    48  ble_app_main.o(.text)
    UART0_IRQHandler                         0x00015623   Thumb Code    62  ble_app_main.o(.text)
    updata_by_min                            0x00015661   Thumb Code    54  ble_app_main.o(.text)
    updata_by_hour                           0x00015697   Thumb Code    16  ble_app_main.o(.text)
    my_timer_init                            0x000156a7   Thumb Code    60  ble_app_main.o(.text)
    send_temp_rh_data                        0x000157a9   Thumb Code    70  communication_procotol.o(.text)
    send_cry_signal                          0x000157ef   Thumb Code    28  communication_procotol.o(.text)
    receive_handle                           0x0001580b   Thumb Code   292  communication_procotol.o(.text)
    ble_nus_on_ble_evt                       0x00015951   Thumb Code    88  ble_nus.o(.text)
    ble_nus_init                             0x000159a9   Thumb Code   352  ble_nus.o(.text)
    ble_nus_send_string                      0x00015b09   Thumb Code    84  ble_nus.o(.text)
    ble_bas_on_ble_evt                       0x00015b65   Thumb Code    86  ble_bas.o(.text)
    ble_bas_init                             0x00015bbb   Thumb Code   330  ble_bas.o(.text)
    ble_bas_battery_level_update             0x00015d05   Thumb Code   102  ble_bas.o(.text)
    ble_ias_on_ble_evt                       0x00015d7d   Thumb Code    48  ble_ias.o(.text)
    ble_ias_init                             0x00015dad   Thumb Code   164  ble_ias.o(.text)
    ble_ias_alert_level_get                  0x00015e51   Thumb Code    22  ble_ias.o(.text)
    ble_ias_c_init                           0x00015e71   Thumb Code    40  ble_ias_c.o(.text)
    ble_ias_c_on_ble_evt                     0x00015e99   Thumb Code   202  ble_ias_c.o(.text)
    ble_ias_c_send_alert_level               0x00015f63   Thumb Code    54  ble_ias_c.o(.text)
    ble_lls_alert_level_get                  0x00015fa5   Thumb Code    22  ble_lls.o(.text)
    ble_lls_on_ble_evt                       0x00015fbb   Thumb Code   108  ble_lls.o(.text)
    ble_lls_init                             0x00016027   Thumb Code   170  ble_lls.o(.text)
    ble_tps_init                             0x000160d9   Thumb Code   126  ble_tps.o(.text)
    ble_tps_tx_power_level_set               0x00016157   Thumb Code    22  ble_tps.o(.text)
    HTU21D_Check_CRC                         0x00016175   Thumb Code    46  htu21d.o(.text)
    Read_RH                                  0x000161a3   Thumb Code   118  htu21d.o(.text)
    Read_Temperature                         0x00016219   Thumb Code   138  htu21d.o(.text)
    Updata_HTU                               0x000162a3   Thumb Code   156  htu21d.o(.text)
    Write_User_Register                      0x0001633f   Thumb Code    22  htu21d.o(.text)
    Read_User_Register                       0x00016355   Thumb Code    38  htu21d.o(.text)
    Soft_Reset                               0x0001637b   Thumb Code    20  htu21d.o(.text)
    HTU21D_Init                              0x0001638f   Thumb Code   224  htu21d.o(.text)
    OLED_WR_Byte                             0x00016489   Thumb Code    64  oled.o(.text)
    OLED_Refresh_Gram                        0x000164c9   Thumb Code    66  oled.o(.text)
    OLED_Display_On                          0x0001650b   Thumb Code    28  oled.o(.text)
    OLED_Display_Off                         0x00016527   Thumb Code    28  oled.o(.text)
    OLED_Clear                               0x00016543   Thumb Code    84  oled.o(.text)
    OLED_DrawPoint                           0x00016597   Thumb Code    54  oled.o(.text)
    OLED_Fill                                0x000165cd   Thumb Code   110  oled.o(.text)
    OLED_ShowChar                            0x0001663b   Thumb Code   140  oled.o(.text)
    mypow                                    0x000166c7   Thumb Code    42  oled.o(.text)
    OLED_ShowNum                             0x000166f1   Thumb Code   160  oled.o(.text)
    OLED_ShowString                          0x00016791   Thumb Code   160  oled.o(.text)
    OLED_ShowBatteryLevel                    0x00016831   Thumb Code   140  oled.o(.text)
    OLED_ShowTempUint                        0x000168bd   Thumb Code   194  oled.o(.text)
    OLED_Init                                0x0001697f   Thumb Code   242  oled.o(.text)
    OLED_POWER_CONTROL                       0x00016a71   Thumb Code   388  oled.o(.text)
    Is_Leap_Year                             0x00016c31   Thumb Code    42  rtc0.o(.text)
    RTC_Get_Week                             0x00016c5b   Thumb Code    70  rtc0.o(.text)
    str_cmpx                                 0x00016ca1   Thumb Code    40  rtc0.o(.text)
    Auto_Time_Set                            0x00016cc9   Thumb Code   186  rtc0.o(.text)
    updata_rtc_timer                         0x00016d83   Thumb Code   166  rtc0.o(.text)
    wdt_init                                 0x00016e49   Thumb Code    20  wdt.o(.text)
    wdt_start                                0x00016e5d   Thumb Code     8  wdt.o(.text)
    wdt_feed                                 0x00016e65   Thumb Code    16  wdt.o(.text)
    wdt_stop                                 0x00016e75   Thumb Code     8  wdt.o(.text)
    nrf_delay_ms                             0x00016e95   Thumb Code    30  nrf_delay.o(.text)
    twi_master_clear_bus                     0x00016eb9   Thumb Code    78  twi_sw_master.o(.text)
    twi_master_init                          0x00016f07   Thumb Code    94  twi_sw_master.o(.text)
    twi_master_wait_while_scl_low            0x00016f65   Thumb Code    46  twi_sw_master.o(.text)
    twi_master_issue_stopcondition           0x00016f93   Thumb Code    34  twi_sw_master.o(.text)
    twi_master_clock_byte                    0x00016fb5   Thumb Code   140  twi_sw_master.o(.text)
    twi_master_clock_byte_in                 0x00017041   Thumb Code   134  twi_sw_master.o(.text)
    twi_master_issue_startcondition          0x000170c7   Thumb Code    44  twi_sw_master.o(.text)
    twi_master_transfer                      0x000170f3   Thumb Code   560  twi_sw_master.o(.text)
    ble_advdata_set                          0x00017765   Thumb Code   104  ble_advdata.o(.text)
    ble_bondmngr_on_ble_evt                  0x000178b1   Thumb Code   962  ble_bondmngr.o(.text)
    ble_bondmngr_bonded_masters_store        0x00017c73   Thumb Code   458  ble_bondmngr.o(.text)
    ble_bondmngr_sys_attr_store              0x00017e3d   Thumb Code    80  ble_bondmngr.o(.text)
    ble_bondmngr_bonded_masters_delete       0x00017e8d   Thumb Code    48  ble_bondmngr.o(.text)
    ble_bondmngr_master_addr_get             0x00017ebd   Thumb Code    54  ble_bondmngr.o(.text)
    ble_bondmngr_whitelist_get               0x00017ef3   Thumb Code   324  ble_bondmngr.o(.text)
    ble_bondmngr_init                        0x00018037   Thumb Code   554  ble_bondmngr.o(.text)
    ble_bondmngr_master_ids_get              0x00018261   Thumb Code    72  ble_bondmngr.o(.text)
    ble_bondmngr_bonded_master_delete        0x000182a9   Thumb Code   364  ble_bondmngr.o(.text)
    ble_bondmngr_is_link_encrypted           0x00018415   Thumb Code    26  ble_bondmngr.o(.text)
    ble_conn_params_init                     0x0001852b   Thumb Code    88  ble_conn_params.o(.text)
    ble_conn_params_stop                     0x00018583   Thumb Code    12  ble_conn_params.o(.text)
    ble_conn_params_on_ble_evt               0x0001858f   Thumb Code   164  ble_conn_params.o(.text)
    ble_conn_params_change_conn_params       0x00018633   Thumb Code    80  ble_conn_params.o(.text)
    ble_flash_crc16_compute                  0x00018701   Thumb Code   168  ble_flash.o(.text)
    ble_flash_word_write                     0x000187a9   Thumb Code    60  ble_flash.o(.text)
    ble_flash_block_write                    0x000187e5   Thumb Code    82  ble_flash.o(.text)
    ble_flash_page_erase                     0x00018837   Thumb Code    46  ble_flash.o(.text)
    ble_flash_page_write                     0x00018865   Thumb Code   222  ble_flash.o(.text)
    ble_flash_page_read                      0x00018943   Thumb Code    76  ble_flash.o(.text)
    ble_flash_page_addr                      0x0001898f   Thumb Code    16  ble_flash.o(.text)
    ble_flash_on_radio_active_evt            0x0001899f   Thumb Code     6  ble_flash.o(.text)
    SWI1_IRQHandler                          0x000189b9   Thumb Code    20  ble_radio_notification.o(.text)
    ble_radio_notification_init              0x000189cd   Thumb Code    46  ble_radio_notification.o(.text)
    ble_stack_handler_init                   0x00018a0d   Thumb Code    44  ble_stack_handler.o(.text)
    intern_ble_stack_events_execute          0x00018a39   Thumb Code    40  ble_stack_handler.o(.text)
    SWI2_IRQHandler                          0x00018a61   Thumb Code    60  ble_stack_handler.o(.text)
    app_button_init                          0x00018b53   Thumb Code   134  app_button.o(.text)
    app_button_enable                        0x00018bd9   Thumb Code    22  app_button.o(.text)
    app_button_disable                       0x00018bef   Thumb Code    32  app_button.o(.text)
    app_button_is_pushed                     0x00018c0f   Thumb Code    62  app_button.o(.text)
    GPIOTE_IRQHandler                        0x00018c85   Thumb Code   158  app_gpiote.o(.text)
    app_gpiote_init                          0x00018d23   Thumb Code    76  app_gpiote.o(.text)
    app_gpiote_user_register                 0x00018d6f   Thumb Code   118  app_gpiote.o(.text)
    app_gpiote_user_enable                   0x00018de5   Thumb Code   138  app_gpiote.o(.text)
    app_gpiote_user_disable                  0x00018e6f   Thumb Code    98  app_gpiote.o(.text)
    app_gpiote_pins_state_get                0x00018ed1   Thumb Code    42  app_gpiote.o(.text)
    RTC1_IRQHandler                          0x00018f39   Thumb Code   140  app_timer.o(.text)
    SWI0_IRQHandler                          0x00018fc5   Thumb Code     8  app_timer.o(.text)
    app_timer_init                           0x00018fcd   Thumb Code   234  app_timer.o(.text)
    app_timer_create                         0x000190b7   Thumb Code    80  app_timer.o(.text)
    app_timer_start                          0x00019107   Thumb Code   212  app_timer.o(.text)
    app_timer_stop                           0x000191db   Thumb Code   180  app_timer.o(.text)
    app_timer_stop_all                       0x0001928f   Thumb Code   278  app_timer.o(.text)
    app_timer_cnt_get                        0x000193a5   Thumb Code    10  app_timer.o(.text)
    app_timer_cnt_diff_compute               0x000193af   Thumb Code    12  app_timer.o(.text)
    ble_srv_report_ref_encode                0x00019771   Thumb Code    12  ble_srv_common.o(.text)
    ble_srv_ascii_to_utf8                    0x0001977d   Thumb Code    18  ble_srv_common.o(.text)
    _sys_exit                                0x00019791   Thumb Code     2  simple_uart.o(.text)
    simple_uart_put                          0x00019793   Thumb Code    18  simple_uart.o(.text)
    fputc                                    0x000197a5   Thumb Code    20  simple_uart.o(.text)
    simple_uart_get                          0x000197b9   Thumb Code    20  simple_uart.o(.text)
    simple_uart_get_with_timeout             0x000197cd   Thumb Code    60  simple_uart.o(.text)
    simple_uart_putstring                    0x00019809   Thumb Code    40  simple_uart.o(.text)
    simple_uart_config                       0x00019831   Thumb Code    74  simple_uart.o(.text)
    __use_no_semihosting                     0x00019895   Thumb Code     2  use_no_semi_2.o(.text)
    __2printf                                0x00019899   Thumb Code    22  noretval__2printf.o(.text)
    _printf_str                              0x000198b5   Thumb Code    82  _printf_str.o(.text)
    _printf_int_dec                          0x00019909   Thumb Code    90  _printf_dec.o(.text)
    __printf                                 0x00019975   Thumb Code   270  __printf_wp.o(.text)
    memcmp                                   0x00019a83   Thumb Code    90  memcmp.o(.text)
    strlen                                   0x00019add   Thumb Code    62  strlen.o(.text)
    __aeabi_memcpy                           0x00019b21   Thumb Code   130  rt_memcpy.o(.text)
    __rt_memcpy                              0x00019b21   Thumb Code     0  rt_memcpy.o(.text)
    _memset_w                                0x00019ba3   Thumb Code    26  rt_memclr.o(.text)
    _memset                                  0x00019bbd   Thumb Code    30  rt_memclr.o(.text)
    __aeabi_memclr                           0x00019bdb   Thumb Code     4  rt_memclr.o(.text)
    __rt_memclr                              0x00019bdb   Thumb Code     0  rt_memclr.o(.text)
    __aeabi_memclr4                          0x00019bdf   Thumb Code     0  rt_memclr.o(.text)
    __aeabi_memclr8                          0x00019bdf   Thumb Code     0  rt_memclr.o(.text)
    __rt_memclr_w                            0x00019bdf   Thumb Code     4  rt_memclr.o(.text)
    __aeabi_uidiv                            0x00019be3   Thumb Code     0  aeabi_sdivfast.o(.text)
    __aeabi_uidivmod                         0x00019be3   Thumb Code    28  aeabi_sdivfast.o(.text)
    __aeabi_idiv                             0x00019bff   Thumb Code     0  aeabi_sdivfast.o(.text)
    __aeabi_idivmod                          0x00019bff   Thumb Code   460  aeabi_sdivfast.o(.text)
    __use_two_region_memory                  0x00019dcb   Thumb Code     2  heapauxi.o(.text)
    __rt_heap_escrow$2region                 0x00019dcd   Thumb Code     2  heapauxi.o(.text)
    __rt_heap_expand$2region                 0x00019dcf   Thumb Code     2  heapauxi.o(.text)
    __aeabi_d2f                              0x00019dd1   Thumb Code     0  d2f.o(.text)
    _d2f                                     0x00019dd1   Thumb Code   120  d2f.o(.text)
    __aeabi_dadd                             0x0001a145   Thumb Code     0  daddsub.o(.text)
    _dadd                                    0x0001a145   Thumb Code    22  daddsub.o(.text)
    __aeabi_dsub                             0x0001a15b   Thumb Code     0  daddsub.o(.text)
    _dsub                                    0x0001a15b   Thumb Code    22  daddsub.o(.text)
    __aeabi_drsub                            0x0001a171   Thumb Code     0  daddsub.o(.text)
    _drsb                                    0x0001a171   Thumb Code    24  daddsub.o(.text)
    __aeabi_i2d_normalise                    0x0001a19d   Thumb Code    66  dflti.o(.text)
    __aeabi_i2d                              0x0001a1df   Thumb Code    16  dflti.o(.text)
    _dflt                                    0x0001a1df   Thumb Code     0  dflti.o(.text)
    __aeabi_ui2d                             0x0001a1ef   Thumb Code     6  dflti.o(.text)
    _dfltu                                   0x0001a1ef   Thumb Code     0  dflti.o(.text)
    __aeabi_dmul                             0x0001a1f5   Thumb Code     0  dmul.o(.text)
    _dmul                                    0x0001a1f5   Thumb Code   592  dmul.o(.text)
    __ARM_scalbn                             0x0001a45d   Thumb Code    80  dscalbn.o(.text)
    __aeabi_f2d                              0x0001a4b9   Thumb Code     0  f2d.o(.text)
    _f2d                                     0x0001a4b9   Thumb Code    80  f2d.o(.text)
    __aeabi_f2uiz                            0x0001a50d   Thumb Code     0  ffixui.o(.text)
    _ffixu                                   0x0001a50d   Thumb Code    48  ffixui.o(.text)
    __aeabi_i2f_normalise                    0x0001a53d   Thumb Code    72  fflti.o(.text)
    __aeabi_i2f                              0x0001a585   Thumb Code    16  fflti.o(.text)
    _fflt                                    0x0001a585   Thumb Code     0  fflti.o(.text)
    __aeabi_ui2f                             0x0001a595   Thumb Code     6  fflti.o(.text)
    _ffltu                                   0x0001a595   Thumb Code     0  fflti.o(.text)
    __I$use$semihosting                      0x0001a59b   Thumb Code     0  use_no_semi.o(.text)
    __use_no_semihosting_swi                 0x0001a59b   Thumb Code     2  use_no_semi.o(.text)
    _printf_int_common                       0x0001a59d   Thumb Code   176  _printf_intcommon.o(.text)
    __lib_sel_fp_printf                      0x0001a64d   Thumb Code     2  _printf_fp_dec.o(.text)
    _printf_fp_dec_real                      0x0001a7e7   Thumb Code   620  _printf_fp_dec.o(.text)
    _printf_cs_common                        0x0001aa61   Thumb Code    22  _printf_char.o(.text)
    _printf_char                             0x0001aa77   Thumb Code    16  _printf_char.o(.text)
    _printf_string                           0x0001aa87   Thumb Code     8  _printf_char.o(.text)
    _printf_char_file                        0x0001aa91   Thumb Code    34  _printf_char_file.o(.text)
    __rt_udiv10                              0x0001aab9   Thumb Code    40  rtudiv10.o(.text)
    __rt_locale                              0x0001aae1   Thumb Code     8  rt_locale_intlibspace.o(.text)
    _ll_udiv10                               0x0001aae9   Thumb Code   122  lludiv10.o(.text)
    _printf_char_common                      0x0001ab6f   Thumb Code    32  _printf_char_common.o(.text)
    _printf_fp_infnan                        0x0001ab95   Thumb Code   120  _printf_fp_infnan.o(.text)
    _btod_etento                             0x0001ac1d   Thumb Code   196  bigflt0.o(.text)
    _btod_d2e                                0x0001ace5   Thumb Code    64  btod.o(.text)
    _btod_emul                               0x0001b0db   Thumb Code    24  btod.o(.text)
    _btod_emuld                              0x0001b0f3   Thumb Code    60  btod.o(.text)
    _btod_ediv                               0x0001b12f   Thumb Code    22  btod.o(.text)
    _btod_edivd                              0x0001b145   Thumb Code    60  btod.o(.text)
    ferror                                   0x0001b18d   Thumb Code     8  ferror.o(.text)
    __user_libspace                          0x0001b195   Thumb Code     8  libspace.o(.text)
    __user_perproc_libspace                  0x0001b195   Thumb Code     0  libspace.o(.text)
    __user_perthread_libspace                0x0001b195   Thumb Code     0  libspace.o(.text)
    __user_setup_stackheap                   0x0001b19d   Thumb Code    62  sys_stackheap_outer.o(.text)
    exit                                     0x0001b1db   Thumb Code    12  exit.o(.text)
    strcmp                                   0x0001b1e9   Thumb Code   160  strcmpv6m.o(.text)
    __ARM_common_ll_muluu                    0x0001b289   Thumb Code    48  btod.o(i.__ARM_common_ll_muluu)
    __ARM_common_memclr1_8                   0x0001b2b9   Thumb Code    20  oled.o(i.__ARM_common_memclr1_8)
    __ARM_fpclassify                         0x0001b2cd   Thumb Code    40  fpclassify.o(i.__ARM_fpclassify)
    _is_digit                                0x0001b2f9   Thumb Code    14  __printf_wp.o(i._is_digit)
    _get_lc_numeric                          0x0001b309   Thumb Code    44  lc_numeric_c.o(locale$$code)
    __aeabi_fmul                             0x0001b335   Thumb Code     0  fmul.o(x$fpl$fmul)
    _fmul                                    0x0001b335   Thumb Code   172  fmul.o(x$fpl$fmul)
    _printf_fp_dec                           0x0001b3e5   Thumb Code    16  printf1.o(x$fpl$printf1)
    __I$use$fp                               0x0001b3f4   Number         0  usenofp.o(x$fpl$usenofp)
    asc2_1206                                0x0001b410   Data        1140  oled.o(.constdata)
    asc2_1608                                0x0001b884   Data        1520  oled.o(.constdata)
    battery_label                            0x0001be74   Data         160  oled.o(.constdata)
    temp_label                               0x0001bf14   Data          32  oled.o(.constdata)
    table_week                               0x0001bf34   Data          12  rtc0.o(.constdata)
    mon_table_not_leap_year                  0x0001bf40   Data          12  rtc0.o(.constdata)
    mon_table_leap_year                      0x0001bf4c   Data          12  rtc0.o(.constdata)
    Month_Tab                                0x0001bf58   Data          36  rtc0.o(.constdata)
    Region$$Table$$Base                      0x0001c028   Number         0  anon$$obj.o(Region$$Table)
    Region$$Table$$Limit                     0x0001c048   Number         0  anon$$obj.o(Region$$Table)
    SystemCoreClock                          0x20002000   Data           4  system_nrf51.o(.data)
    mconnected                               0x20002004   Data           1  main.o(.data)
    oled_statu                               0x20002005   Data           1  main.o(.data)
    m_adv_statu                              0x20002006   Data           1  main.o(.data)
    now_min                                  0x20002007   Data           1  main.o(.data)
    htu21d_data_has_updata                   0x20002008   Data           1  main.o(.data)
    cry_sound_adc_flag                       0x20002009   Data           1  main.o(.data)
    adc_convert_finish_flag                  0x2000200a   Data           1  main.o(.data)
    sound_frequency                          0x2000200c   Data           2  main.o(.data)
    sound_value                              0x2000200e   Data           2  main.o(.data)
    COMPILED_DATE                            0x20002010   Data           4  main.o(.data)
    COMPILED_TIME                            0x20002014   Data           4  main.o(.data)
    mbatter_level                            0x20002018   Data           1  main.o(.data)
    HTU                                      0x2000201c   Data           8  main.o(.data)
    __stdout                                 0x20002118   Data           4  simple_uart.o(.data)
    user_profile                             0x2000211c   Data          13  main.o(.bss)
    timer                                    0x2000212c   Data          28  main.o(.bss)
    m_nus                                    0x200026fc   Data          28  ble_app_main.o(.bss)
    OLED_GRAM                                0x2000276c   Data        1024  oled.o(.bss)
    __libspace_start                         0x20002f5c   Data          96  libspace.o(.bss)
    __temporary_stack_top$libspace           0x20002fbc   Data           0  libspace.o(.bss)



==============================================================================

Memory Map of the image

  Image Entry point : 0x000140c1

  Load Region LR_IROM1 (Base: 0x00014000, Size: 0x00008180, Max: 0x0002b000, ABSOLUTE)

    Execution Region ER_IROM1 (Base: 0x00014000, Size: 0x00008064, Max: 0x0002b000, ABSOLUTE)

    Base Addr    Size         Type   Attr      Idx    E Section Name        Object

    0x00014000   0x000000c0   Data   RO           29    RESET               arm_startup_nrf51.o
    0x000140c0   0x00000008   Code   RO         1225  * !!!main             c_p.l(__main.o)
    0x000140c8   0x0000003c   Code   RO         1454    !!!scatter          c_p.l(__scatter.o)
    0x00014104   0x0000001a   Code   RO         1456    !!handler_copy      c_p.l(__scatter_copy.o)
    0x0001411e   0x00000002   PAD
    0x00014120   0x0000001c   Code   RO         1458    !!handler_zi        c_p.l(__scatter_zi.o)
    0x0001413c   0x00000002   Code   RO         1206    .ARM.Collect$$_printf_percent$$00000000  c_p.l(_printf_percent.o)
    0x0001413e   0x0000000a   Code   RO         1205    .ARM.Collect$$_printf_percent$$00000003  c_p.l(_printf_f.o)
    0x00014148   0x0000000a   Code   RO         1204    .ARM.Collect$$_printf_percent$$00000009  c_p.l(_printf_d.o)
    0x00014152   0x0000000a   Code   RO         1203    .ARM.Collect$$_printf_percent$$00000014  c_p.l(_printf_s.o)
    0x0001415c   0x00000004   Code   RO         1262    .ARM.Collect$$_printf_percent$$00000017  c_p.l(_printf_percent_end.o)
    0x00014160   0x00000002   Code   RO         1333    .ARM.Collect$$libinit$$00000000  c_p.l(libinit.o)
    0x00014162   0x00000004   Code   RO         1334    .ARM.Collect$$libinit$$00000001  c_p.l(libinit2.o)
    0x00014166   0x00000000   Code   RO         1338    .ARM.Collect$$libinit$$00000008  c_p.l(libinit2.o)
    0x00014166   0x00000000   Code   RO         1340    .ARM.Collect$$libinit$$0000000A  c_p.l(libinit2.o)
    0x00014166   0x00000000   Code   RO         1342    .ARM.Collect$$libinit$$0000000C  c_p.l(libinit2.o)
    0x00014166   0x00000006   Code   RO         1343    .ARM.Collect$$libinit$$0000000D  c_p.l(libinit2.o)
    0x0001416c   0x00000000   Code   RO         1345    .ARM.Collect$$libinit$$0000000F  c_p.l(libinit2.o)
    0x0001416c   0x00000000   Code   RO         1347    .ARM.Collect$$libinit$$00000011  c_p.l(libinit2.o)
    0x0001416c   0x00000000   Code   RO         1349    .ARM.Collect$$libinit$$00000013  c_p.l(libinit2.o)
    0x0001416c   0x0000000a   Code   RO         1350    .ARM.Collect$$libinit$$00000014  c_p.l(libinit2.o)
    0x00014176   0x00000000   Code   RO         1351    .ARM.Collect$$libinit$$00000015  c_p.l(libinit2.o)
    0x00014176   0x00000000   Code   RO         1353    .ARM.Collect$$libinit$$00000017  c_p.l(libinit2.o)
    0x00014176   0x00000000   Code   RO         1355    .ARM.Collect$$libinit$$00000019  c_p.l(libinit2.o)
    0x00014176   0x00000000   Code   RO         1357    .ARM.Collect$$libinit$$0000001B  c_p.l(libinit2.o)
    0x00014176   0x00000000   Code   RO         1359    .ARM.Collect$$libinit$$0000001D  c_p.l(libinit2.o)
    0x00014176   0x00000000   Code   RO         1361    .ARM.Collect$$libinit$$0000001F  c_p.l(libinit2.o)
    0x00014176   0x00000000   Code   RO         1363    .ARM.Collect$$libinit$$00000021  c_p.l(libinit2.o)
    0x00014176   0x00000000   Code   RO         1365    .ARM.Collect$$libinit$$00000023  c_p.l(libinit2.o)
    0x00014176   0x00000000   Code   RO         1369    .ARM.Collect$$libinit$$0000002A  c_p.l(libinit2.o)
    0x00014176   0x00000000   Code   RO         1371    .ARM.Collect$$libinit$$0000002C  c_p.l(libinit2.o)
    0x00014176   0x00000000   Code   RO         1373    .ARM.Collect$$libinit$$0000002E  c_p.l(libinit2.o)
    0x00014176   0x00000000   Code   RO         1375    .ARM.Collect$$libinit$$00000030  c_p.l(libinit2.o)
    0x00014176   0x00000002   Code   RO         1376    .ARM.Collect$$libinit$$00000031  c_p.l(libinit2.o)
    0x00014178   0x00000002   Code   RO         1419    .ARM.Collect$$libshutdown$$00000000  c_p.l(libshutdown.o)
    0x0001417a   0x00000000   Code   RO         1439    .ARM.Collect$$libshutdown$$00000003  c_p.l(libshutdown2.o)
    0x0001417a   0x00000000   Code   RO         1442    .ARM.Collect$$libshutdown$$00000006  c_p.l(libshutdown2.o)
    0x0001417a   0x00000000   Code   RO         1445    .ARM.Collect$$libshutdown$$00000009  c_p.l(libshutdown2.o)
    0x0001417a   0x00000000   Code   RO         1447    .ARM.Collect$$libshutdown$$0000000B  c_p.l(libshutdown2.o)
    0x0001417a   0x00000000   Code   RO         1450    .ARM.Collect$$libshutdown$$0000000E  c_p.l(libshutdown2.o)
    0x0001417a   0x00000002   Code   RO         1451    .ARM.Collect$$libshutdown$$0000000F  c_p.l(libshutdown2.o)
    0x0001417c   0x00000000   Code   RO         1249    .ARM.Collect$$rtentry$$00000000  c_p.l(rtentry.o)
    0x0001417c   0x00000000   Code   RO         1267    .ARM.Collect$$rtentry$$00000002  c_p.l(rtentry2.o)
    0x0001417c   0x00000006   Code   RO         1279    .ARM.Collect$$rtentry$$00000004  c_p.l(rtentry4.o)
    0x00014182   0x00000000   Code   RO         1269    .ARM.Collect$$rtentry$$00000009  c_p.l(rtentry2.o)
    0x00014182   0x00000004   Code   RO         1270    .ARM.Collect$$rtentry$$0000000A  c_p.l(rtentry2.o)
    0x00014186   0x00000000   Code   RO         1272    .ARM.Collect$$rtentry$$0000000C  c_p.l(rtentry2.o)
    0x00014186   0x00000008   Code   RO         1273    .ARM.Collect$$rtentry$$0000000D  c_p.l(rtentry2.o)
    0x0001418e   0x00000002   Code   RO         1378    .ARM.Collect$$rtexit$$00000000  c_p.l(rtexit.o)
    0x00014190   0x00000000   Code   RO         1391    .ARM.Collect$$rtexit$$00000002  c_p.l(rtexit2.o)
    0x00014190   0x00000004   Code   RO         1392    .ARM.Collect$$rtexit$$00000003  c_p.l(rtexit2.o)
    0x00014194   0x00000006   Code   RO         1393    .ARM.Collect$$rtexit$$00000004  c_p.l(rtexit2.o)
    0x0001419a   0x00000002   PAD
    0x0001419c   0x0000001e   Code   RO          718    .emb_text           nrf_delay.o
    0x000141ba   0x00000002   PAD
    0x000141bc   0x0000001e   Code   RO          742    .emb_text           twi_sw_master.o
    0x000141da   0x00000002   PAD
    0x000141dc   0x0000001e   Code   RO         1078    .emb_text           app_timer.o
    0x000141fa   0x00000002   PAD
    0x000141fc   0x0000001e   Code   RO         1133    .emb_text           simple_uart.o
    0x0001421a   0x00000002   PAD
    0x0001421c   0x00000038   Code   RO         1211    .emb_text           c_p.l(rt_memcpy.o)
    0x00014254   0x00000068   Code   RO            1    .text               system_nrf51.o
    0x000142bc   0x00000048   Code   RO           30    .text               arm_startup_nrf51.o
    0x00014304   0x00000244   Code   RO           38    .text               main.o
    0x00014548   0x00001260   Code   RO          280    .text               ble_app_main.o
    0x000157a8   0x000001a8   Code   RO          334    .text               communication_procotol.o
    0x00015950   0x00000214   Code   RO          389    .text               ble_nus.o
    0x00015b64   0x00000218   Code   RO          443    .text               ble_bas.o
    0x00015d7c   0x000000f4   Code   RO          466    .text               ble_ias.o
    0x00015e70   0x00000134   Code   RO          492    .text               ble_ias_c.o
    0x00015fa4   0x00000134   Code   RO          550    .text               ble_lls.o
    0x000160d8   0x0000009c   Code   RO          577    .text               ble_tps.o
    0x00016174   0x00000314   Code   RO          601    .text               htu21d.o
    0x00016488   0x000007a8   Code   RO          638    .text               oled.o
    0x00016c30   0x00000218   Code   RO          674    .text               rtc0.o
    0x00016e48   0x0000004c   Code   RO          698    .text               wdt.o
    0x00016e94   0x00000024   Code   RO          719    .text               nrf_delay.o
    0x00016eb8   0x0000046a   Code   RO          743    .text               twi_sw_master.o
    0x00017322   0x00000002   PAD
    0x00017324   0x000004ac   Code   RO          767    .text               ble_advdata.o
    0x000177d0   0x00000d04   Code   RO          796    .text               ble_bondmngr.o
    0x000184d4   0x0000022c   Code   RO          831    .text               ble_conn_params.o
    0x00018700   0x000002b8   Code   RO          921    .text               ble_flash.o
    0x000189b8   0x00000048   Code   RO          947    .text               ble_radio_notification.o
    0x00018a00   0x000000c4   Code   RO          978    .text               ble_stack_handler.o
    0x00018ac4   0x000001c0   Code   RO         1013    .text               app_button.o
    0x00018c84   0x000002b4   Code   RO         1044    .text               app_gpiote.o
    0x00018f38   0x00000838   Code   RO         1079    .text               app_timer.o
    0x00019770   0x0000001e   Code   RO         1113    .text               ble_srv_common.o
    0x0001978e   0x00000002   PAD
    0x00019790   0x00000104   Code   RO         1134    .text               simple_uart.o
    0x00019894   0x00000002   Code   RO         1171    .text               c_p.l(use_no_semi_2.o)
    0x00019896   0x00000002   PAD
    0x00019898   0x0000001c   Code   RO         1175    .text               c_p.l(noretval__2printf.o)
    0x000198b4   0x00000052   Code   RO         1179    .text               c_p.l(_printf_str.o)
    0x00019906   0x00000002   PAD
    0x00019908   0x0000006c   Code   RO         1181    .text               c_p.l(_printf_dec.o)
    0x00019974   0x0000010e   Code   RO         1191    .text               c_p.l(__printf_wp.o)
    0x00019a82   0x0000005a   Code   RO         1207    .text               c_p.l(memcmp.o)
    0x00019adc   0x00000044   Code   RO         1209    .text               c_p.l(strlen.o)
    0x00019b20   0x00000082   Code   RO         1212    .text               c_p.l(rt_memcpy.o)
    0x00019ba2   0x00000040   Code   RO         1215    .text               c_p.l(rt_memclr.o)
    0x00019be2   0x000001e8   Code   RO         1219    .text               c_p.l(aeabi_sdivfast.o)
    0x00019dca   0x00000006   Code   RO         1223    .text               c_p.l(heapauxi.o)
    0x00019dd0   0x0000007c   Code   RO         1227    .text               fz_ps.l(d2f.o)
    0x00019e4c   0x00000350   Code   RO         1229    .text               fz_ps.l(daddsub.o)
    0x0001a19c   0x00000058   Code   RO         1231    .text               fz_ps.l(dflti.o)
    0x0001a1f4   0x00000268   Code   RO         1233    .text               fz_ps.l(dmul.o)
    0x0001a45c   0x0000005c   Code   RO         1235    .text               fz_ps.l(dscalbn.o)
    0x0001a4b8   0x00000054   Code   RO         1237    .text               fz_ps.l(f2d.o)
    0x0001a50c   0x00000030   Code   RO         1239    .text               fz_ps.l(ffixui.o)
    0x0001a53c   0x0000005e   Code   RO         1241    .text               fz_ps.l(fflti.o)
    0x0001a59a   0x00000002   Code   RO         1247    .text               c_p.l(use_no_semi.o)
    0x0001a59c   0x000000b0   Code   RO         1254    .text               c_p.l(_printf_intcommon.o)
    0x0001a64c   0x00000414   Code   RO         1256    .text               c_p.l(_printf_fp_dec.o)
    0x0001aa60   0x0000002e   Code   RO         1258    .text               c_p.l(_printf_char.o)
    0x0001aa8e   0x00000002   PAD
    0x0001aa90   0x00000028   Code   RO         1260    .text               c_p.l(_printf_char_file.o)
    0x0001aab8   0x00000028   Code   RO         1263    .text               c_p.l(rtudiv10.o)
    0x0001aae0   0x00000008   Code   RO         1286    .text               c_p.l(rt_locale_intlibspace.o)
    0x0001aae8   0x0000007a   Code   RO         1288    .text               c_p.l(lludiv10.o)
    0x0001ab62   0x00000002   PAD
    0x0001ab64   0x00000030   Code   RO         1290    .text               c_p.l(_printf_char_common.o)
    0x0001ab94   0x00000088   Code   RO         1292    .text               c_p.l(_printf_fp_infnan.o)
    0x0001ac1c   0x000000c8   Code   RO         1294    .text               c_p.l(bigflt0.o)
    0x0001ace4   0x000004a8   Code   RO         1297    .text               c_p.l(btod.o)
    0x0001b18c   0x00000008   Code   RO         1301    .text               c_p.l(ferror.o)
    0x0001b194   0x00000008   Code   RO         1312    .text               c_p.l(libspace.o)
    0x0001b19c   0x0000003e   Code   RO         1315    .text               c_p.l(sys_stackheap_outer.o)
    0x0001b1da   0x0000000c   Code   RO         1320    .text               c_p.l(exit.o)
    0x0001b1e6   0x00000002   PAD
    0x0001b1e8   0x000000a0   Code   RO         1326    .text               c_p.l(strcmpv6m.o)
    0x0001b288   0x00000030   Code   RO         1299    i.__ARM_common_ll_muluu  c_p.l(btod.o)
    0x0001b2b8   0x00000014   Code   RO          660    i.__ARM_common_memclr1_8  oled.o
    0x0001b2cc   0x0000002c   Code   RO         1310    i.__ARM_fpclassify  m_ps.l(fpclassify.o)
    0x0001b2f8   0x0000000e   Code   RO         1193    i._is_digit         c_p.l(__printf_wp.o)
    0x0001b306   0x00000002   PAD
    0x0001b308   0x0000002c   Code   RO         1306    locale$$code        c_p.l(lc_numeric_c.o)
    0x0001b334   0x000000b0   Code   RO         1243    x$fpl$fmul          fz_ps.l(fmul.o)
    0x0001b3e4   0x00000010   Code   RO         1245    x$fpl$printf1       fz_ps.l(printf1.o)
    0x0001b3f4   0x00000000   Code   RO         1265    x$fpl$usenofp       fz_ps.l(usenofp.o)
    0x0001b3f4   0x0000000c   Data   RO          282    .constdata          ble_app_main.o
    0x0001b400   0x00000010   Data   RO          390    .constdata          ble_nus.o
    0x0001b410   0x00000b24   Data   RO          640    .constdata          oled.o
    0x0001bf34   0x00000048   Data   RO          675    .constdata          rtc0.o
    0x0001bf7c   0x00000094   Data   RO         1295    .constdata          c_p.l(bigflt0.o)
    0x0001c010   0x0000000c   Data   RO           41    .conststring        main.o
    0x0001c01c   0x00000009   Data   RO           42    .conststring        main.o
    0x0001c025   0x00000003   PAD
    0x0001c028   0x00000020   Data   RO         1452    Region$$Table       anon$$obj.o
    0x0001c048   0x0000001c   Data   RO         1305    locale$$data        c_p.l(lc_numeric_c.o)


    Execution Region RW_IRAM1 (Base: 0x20002000, Size: 0x00001fc0, Max: 0x00002000, ABSOLUTE)

    Base Addr    Size         Type   Attr      Idx    E Section Name        Object

    0x20002000   0x00000004   Data   RW            2    .data               system_nrf51.o
    0x20002004   0x00000001   Data   RW           44    .data               main.o
    0x20002005   0x00000001   Data   RW           45    .data               main.o
    0x20002006   0x00000001   Data   RW           46    .data               main.o
    0x20002007   0x00000001   Data   RW           47    .data               main.o
    0x20002008   0x00000001   Data   RW           48    .data               main.o
    0x20002009   0x00000001   Data   RW           49    .data               main.o
    0x2000200a   0x00000001   Data   RW           50    .data               main.o
    0x2000200b   0x00000001   PAD
    0x2000200c   0x00000002   Data   RW           51    .data               main.o
    0x2000200e   0x00000002   Data   RW           52    .data               main.o
    0x20002010   0x00000004   Data   RW           53    .data               main.o
    0x20002014   0x00000004   Data   RW           54    .data               main.o
    0x20002018   0x00000001   Data   RW           56    .data               main.o
    0x20002019   0x00000003   PAD
    0x2000201c   0x00000008   Data   RW           57    .data               main.o
    0x20002024   0x0000005c   Data   RW          283    .data               ble_app_main.o
    0x20002080   0x00000004   Data   RW          493    .data               ble_ias_c.o
    0x20002084   0x00000018   Data   RW          798    .data               ble_bondmngr.o
    0x2000209c   0x00000018   Data   RW          833    .data               ble_conn_params.o
    0x200020b4   0x00000001   Data   RW          922    .data               ble_flash.o
    0x200020b5   0x00000003   PAD
    0x200020b8   0x00000008   Data   RW          948    .data               ble_radio_notification.o
    0x200020c0   0x00000010   Data   RW          979    .data               ble_stack_handler.o
    0x200020d0   0x0000001c   Data   RW         1014    .data               app_button.o
    0x200020ec   0x0000000c   Data   RW         1045    .data               app_gpiote.o
    0x200020f8   0x00000020   Data   RW         1080    .data               app_timer.o
    0x20002118   0x00000004   Data   RW         1135    .data               simple_uart.o
    0x2000211c   0x0000000d   Zero   RW           39    .bss                main.o
    0x20002129   0x00000003   PAD
    0x2000212c   0x0000001c   Zero   RW           40    .bss                main.o
    0x20002148   0x00000624   Zero   RW          281    .bss                ble_app_main.o
    0x2000276c   0x00000400   Zero   RW          639    .bss                oled.o
    0x20002b6c   0x000003d4   Zero   RW          797    .bss                ble_bondmngr.o
    0x20002f40   0x0000001c   Zero   RW          832    .bss                ble_conn_params.o
    0x20002f5c   0x00000060   Zero   RW         1313    .bss                c_p.l(libspace.o)
    0x20002fbc   0x00000004   PAD
    0x20002fc0   0x00000800   Zero   RW           28    HEAP                arm_startup_nrf51.o
    0x200037c0   0x00000800   Zero   RW           27    STACK               arm_startup_nrf51.o


==============================================================================

Image component sizes


      Code (inc. data)   RO Data    RW Data    ZI Data      Debug   Object Name

       448         56          0         28          0       5680   app_button.o
       692         62          0         12          0      10958   app_gpiote.o
      2134        172          0         32          0      23973   app_timer.o
        72         32        192          0       4096        712   arm_startup_nrf51.o
      1196          4          0          0          0      10686   ble_advdata.o
      4704        844         12         92       1572      34128   ble_app_main.o
       536         18          0          0          0       4015   ble_bas.o
      3332        156          0         24        980      13142   ble_bondmngr.o
       556         30          0         24         28       6626   ble_conn_params.o
       696         20          0          1          0       4407   ble_flash.o
       244         10          0          0          0       8106   ble_ias.o
       308         12          0          4          0      30457   ble_ias_c.o
       308          8          0          0          0       3576   ble_lls.o
       532          8         16          0          0      33946   ble_nus.o
        72          6          0          8          0       5062   ble_radio_notification.o
        30          0          0          0          0       1378   ble_srv_common.o
       196         40          0         16          0       4899   ble_stack_handler.o
       156          8          0          0          0       2242   ble_tps.o
       424         34          0          0          0      22918   communication_procotol.o
       788         26          0          0          0       3807   htu21d.o
       580        344         21         28         41      61179   main.o
        66          6          0          0          0       1275   nrf_delay.o
      1980         80       2852          0       1024       8759   oled.o
       536         32         72          0          0       2879   rtc0.o
       290         26          0          4          0       6776   simple_uart.o
       104         24          0          4          0       5693   system_nrf51.o
      1160         16          0          0          0       5341   twi_sw_master.o
        76         24          0          0          0        759   wdt.o

    ----------------------------------------------------------------------
     22228       2098       3200        284       7744     323379   Object Totals
         0          0         32          0          0          0   (incl. Generated)
        12          0          3          7          3          0   (incl. Padding)

    ----------------------------------------------------------------------

      Code (inc. data)   RO Data    RW Data    ZI Data      Debug   Library Member Name

         8          0          0          0          0         68   __main.o
       284          0          0          0          0        136   __printf_wp.o
        60          8          0          0          0          0   __scatter.o
        26          0          0          0          0          0   __scatter_copy.o
        28          0          0          0          0          0   __scatter_zi.o
        46          0          0          0          0        100   _printf_char.o
        48          6          0          0          0         88   _printf_char_common.o
        40          6          0          0          0         72   _printf_char_file.o
        10          0          0          0          0          0   _printf_d.o
       108         18          0          0          0         76   _printf_dec.o
        10          0          0          0          0          0   _printf_f.o
      1044         14          0          0          0        176   _printf_fp_dec.o
       136         16          0          0          0         76   _printf_fp_infnan.o
       176          0          0          0          0         84   _printf_intcommon.o
         2          0          0          0          0          0   _printf_percent.o
         4          0          0          0          0          0   _printf_percent_end.o
        10          0          0          0          0          0   _printf_s.o
        82          0          0          0          0         72   _printf_str.o
       488          0          0          0          0         92   aeabi_sdivfast.o
       200          4        148          0          0         80   bigflt0.o
      1240         12          0          0          0        316   btod.o
        12          0          0          0          0         64   exit.o
         8          0          0          0          0         60   ferror.o
         6          0          0          0          0        136   heapauxi.o
        44         10         28          0          0         76   lc_numeric_c.o
         2          0          0          0          0          0   libinit.o
        22          0          0          0          0          0   libinit2.o
         2          0          0          0          0          0   libshutdown.o
         2          0          0          0          0          0   libshutdown2.o
         8          4          0          0         96         68   libspace.o
       122          0          0          0          0         72   lludiv10.o
        90          0          0          0          0         68   memcmp.o
        28          6          0          0          0         84   noretval__2printf.o
         8          4          0          0          0         68   rt_locale_intlibspace.o
        64          0          0          0          0        108   rt_memclr.o
       186          0          0          0          0        144   rt_memcpy.o
         0          0          0          0          0          0   rtentry.o
        12          0          0          0          0          0   rtentry2.o
         6          0          0          0          0          0   rtentry4.o
         2          0          0          0          0          0   rtexit.o
        10          0          0          0          0          0   rtexit2.o
        40          0          0          0          0         60   rtudiv10.o
       160          4          0          0          0         80   strcmpv6m.o
        68          6          0          0          0         72   strlen.o
        62          0          0          0          0         80   sys_stackheap_outer.o
         2          0          0          0          0         68   use_no_semi.o
         2          0          0          0          0         68   use_no_semi_2.o
       124          4          0          0          0         72   d2f.o
       848         20          0          0          0        228   daddsub.o
        88          0          0          0          0         92   dflti.o
       616         24          0          0          0         84   dmul.o
        92         12          0          0          0         72   dscalbn.o
        84          4          0          0          0         60   f2d.o
        48          0          0          0          0         60   ffixui.o
        94          0          0          0          0         92   fflti.o
       176          4          0          0          0         80   fmul.o
        16          4          0          0          0         76   printf1.o
         0          0          0          0          0          0   usenofp.o
        44          4          0          0          0         60   fpclassify.o

    ----------------------------------------------------------------------
      7264        194        176          0        100       3788   Library Totals
        16          0          0          0          4          0   (incl. Padding)

    ----------------------------------------------------------------------

      Code (inc. data)   RO Data    RW Data    ZI Data      Debug   Library Name

      5018        118        176          0         96       2812   c_p.l
      2186         72          0          0          0        916   fz_ps.l
        44          4          0          0          0         60   m_ps.l

    ----------------------------------------------------------------------
      7264        194        176          0        100       3788   Library Totals

    ----------------------------------------------------------------------

==============================================================================


      Code (inc. data)   RO Data    RW Data    ZI Data      Debug   

     29492       2292       3376        284       7844     323107   Grand Totals
     29492       2292       3376        284       7844     323107   ELF Image Totals
     29492       2292       3376        284          0          0   ROM Totals

==============================================================================

    Total RO  Size (Code + RO Data)                32868 (  32.10kB)
    Total RW  Size (RW Data + ZI Data)              8128 (   7.94kB)
    Total ROM Size (Code + RO Data + RW Data)      33152 (  32.38kB)

==============================================================================

